Component: ARM Compiler 5.06 update 6 (build 750) Tool: armlink [4d35ed]

==============================================================================

Section Cross References

    startup_stm32f0xx.o(RESET) refers to startup_stm32f0xx.o(STACK) for __initial_sp
    startup_stm32f0xx.o(RESET) refers to startup_stm32f0xx.o(.text) for Reset_Handler
    startup_stm32f0xx.o(RESET) refers to stm32f0xx_it.o(.text) for NMI_Handler
    startup_stm32f0xx.o(RESET) refers to usart.o(.text) for USART1_IRQHandler
    startup_stm32f0xx.o(.text) refers to startup_stm32f0xx.o(STACK) for __initial_sp
    startup_stm32f0xx.o(.text) refers to system_stm32f0xx.o(.text) for SystemInit
    startup_stm32f0xx.o(.text) refers to entry.o(.ARM.Collect$$$$00000000) for __main
    stm32f0xx_adc.o(.text) refers to stm32f0xx_rcc.o(.text) for RCC_APB2PeriphResetCmd
    stm32f0xx_can.o(.text) refers to stm32f0xx_rcc.o(.text) for RCC_APB1PeriphResetCmd
    stm32f0xx_cec.o(.text) refers to stm32f0xx_rcc.o(.text) for RCC_APB1PeriphResetCmd
    stm32f0xx_crs.o(.text) refers to stm32f0xx_rcc.o(.text) for RCC_APB1PeriphResetCmd
    stm32f0xx_dac.o(.text) refers to stm32f0xx_rcc.o(.text) for RCC_APB1PeriphResetCmd
    stm32f0xx_gpio.o(.text) refers to stm32f0xx_rcc.o(.text) for RCC_AHBPeriphResetCmd
    stm32f0xx_i2c.o(.text) refers to stm32f0xx_rcc.o(.text) for RCC_APB1PeriphResetCmd
    stm32f0xx_pwr.o(.text) refers to stm32f0xx_rcc.o(.text) for RCC_APB1PeriphResetCmd
    stm32f0xx_rcc.o(.text) refers to uidiv.o(.text) for __aeabi_uidivmod
    stm32f0xx_rcc.o(.text) refers to stm32f0xx_rcc.o(.data) for APBAHBPrescTable
    stm32f0xx_spi.o(.text) refers to stm32f0xx_rcc.o(.text) for RCC_APB2PeriphResetCmd
    stm32f0xx_spi.o(.text) refers to uidiv.o(.text) for __aeabi_uidivmod
    stm32f0xx_tim.o(.text) refers to stm32f0xx_rcc.o(.text) for RCC_APB2PeriphResetCmd
    stm32f0xx_usart.o(.text) refers to stm32f0xx_rcc.o(.text) for RCC_APB2PeriphResetCmd
    stm32f0xx_usart.o(.text) refers to uidiv.o(.text) for __aeabi_uidivmod
    stm32f0xx_wwdg.o(.text) refers to stm32f0xx_rcc.o(.text) for RCC_APB1PeriphResetCmd
    main.o(.text) refers to lib_delay.o(.text) for delay_init
    main.o(.text) refers to sleep.o(.text) for no_use_peripherals
    main.o(.text) refers to lib_queue.o(.text) for lib_init_queue
    main.o(.text) refers to usart.o(.text) for uart_init
    main.o(.text) refers to driver_cs1258.o(.text) for Reset_CS125x
    main.o(.text) refers to flash.o(.text) for User_FMC_Init
    main.o(.text) refers to addr_map.o(.text) for Clr_All_Block_Ram
    main.o(.text) refers to wdt.o(.text) for User_WDT_Init
    main.o(.text) refers to timer.o(.text) for timer3_init
    main.o(.text) refers to csm37f59.o(.text) for measure
    main.o(.text) refers to analysis.o(.text) for CS125X_XLCL_Initial_Per
    main.o(.text) refers to br_hr.o(.text) for CS125X_XLCL_Initial
    main.o(.text) refers to ble_parse.o(.text) for ble_dealwith_queue
    main.o(.text) refers to eb_parse.o(.text) for eb_dealwith_queue
    main.o(.text) refers to driver_csm92p10.o(.text) for McuToBle_Proc
    main.o(.text) refers to ble_parse.o(.bss) for btrx_arr
    main.o(.text) refers to eb_parse.o(.bss) for ebrx_arr
    main.o(.text) refers to csm37f59.o(.data) for sta_flg
    main.o(.text) refers to driver_cs1258.o(.data) for f_cnt
    main.o(.text) refers to addr_map.o(.bss) for EquMent
    main.o(.text) refers to main.o(.data) for m
    stm32f0xx_it.o(.text) refers to stm32f0xx_it.o(.emb_text) for wait
    stm32f0xx_it.o(.text) refers to stm32f0xx_adc.o(.text) for ADC_GetITStatus
    stm32f0xx_it.o(.text) refers to stm32f0xx_usart.o(.text) for USART_GetITStatus
    stm32f0xx_it.o(.text) refers to stm32f0xx_tim.o(.text) for TIM_GetITStatus
    stm32f0xx_it.o(.text) refers to stm32f0xx_exti.o(.text) for EXTI_GetITStatus
    stm32f0xx_it.o(.text) refers to stm32f0xx_gpio.o(.text) for GPIO_ReadInputDataBit
    stm32f0xx_it.o(.text) refers to driver_cs1258.o(.data) for wait_out
    stm32f0xx_it.o(.text) refers to sleep.o(.data) for sleep_cnt
    stm32f0xx_it.o(.text) refers to csm37f59.o(.data) for tim_cnt
    system_stm32f0xx.o(.text) refers to uidiv.o(.text) for __aeabi_uidivmod
    system_stm32f0xx.o(.text) refers to system_stm32f0xx.o(.data) for SystemCoreClock
    usart.o(.text) refers to stm32f0xx_rcc.o(.text) for RCC_AHBPeriphClockCmd
    usart.o(.text) refers to stm32f0xx_gpio.o(.text) for GPIO_PinAFConfig
    usart.o(.text) refers to stm32f0xx_misc.o(.text) for NVIC_Init
    usart.o(.text) refers to stm32f0xx_usart.o(.text) for USART_Init
    usart.o(.text) refers to lib_queue.o(.text) for lib_en_queue
    usart.o(.text) refers to ble_parse.o(.bss) for btrx_fifo
    usart.o(.text) refers to usart.o(.data) for t
    usart.o(.text) refers to eb_parse.o(.bss) for ebrx_fifo
    timer.o(.text) refers to stm32f0xx_rcc.o(.text) for RCC_APB1PeriphClockCmd
    timer.o(.text) refers to stm32f0xx_misc.o(.text) for NVIC_Init
[...]
    DAC_SetDualChannelData                   0x08001397   Thumb Code    36  stm32f0xx_dac.o(.text)
    DAC_GetDataOutputValue                   0x080013bb   Thumb Code    30  stm32f0xx_dac.o(.text)
    DAC_DMACmd                               0x080013d9   Thumb Code    40  stm32f0xx_dac.o(.text)
    DAC_ITConfig                             0x08001401   Thumb Code    38  stm32f0xx_dac.o(.text)
    DAC_GetFlagStatus                        0x08001427   Thumb Code    28  stm32f0xx_dac.o(.text)
    DAC_ClearFlag                            0x08001443   Thumb Code    10  stm32f0xx_dac.o(.text)
    DAC_GetITStatus                          0x0800144d   Thumb Code    46  stm32f0xx_dac.o(.text)
    DAC_ClearITPendingBit                    0x0800147b   Thumb Code    10  stm32f0xx_dac.o(.text)
    EXTI_DeInit                              0x0800148d   Thumb Code    20  stm32f0xx_exti.o(.text)
    EXTI_Init                                0x080014a1   Thumb Code   132  stm32f0xx_exti.o(.text)
    EXTI_StructInit                          0x08001525   Thumb Code    16  stm32f0xx_exti.o(.text)
    EXTI_GenerateSWInterrupt                 0x08001535   Thumb Code    12  stm32f0xx_exti.o(.text)
    EXTI_GetFlagStatus                       0x08001541   Thumb Code    22  stm32f0xx_exti.o(.text)
    EXTI_ClearFlag                           0x08001557   Thumb Code     6  stm32f0xx_exti.o(.text)
    EXTI_GetITStatus                         0x0800155d   Thumb Code    22  stm32f0xx_exti.o(.text)
    EXTI_ClearITPendingBit                   0x08001573   Thumb Code     6  stm32f0xx_exti.o(.text)
    FLASH_SetLatency                         0x08001585   Thumb Code    24  stm32f0xx_flash.o(.text)
    FLASH_PrefetchBufferCmd                  0x0800159d   Thumb Code    32  stm32f0xx_flash.o(.text)
    FLASH_GetPrefetchBufferStatus            0x080015bd   Thumb Code    22  stm32f0xx_flash.o(.text)
    FLASH_Unlock                             0x080015d3   Thumb Code    24  stm32f0xx_flash.o(.text)
    FLASH_Lock                               0x080015eb   Thumb Code    14  stm32f0xx_flash.o(.text)
    FLASH_GetStatus                          0x080015f9   Thumb Code    54  stm32f0xx_flash.o(.text)
    FLASH_WaitForLastOperation               0x0800162f   Thumb Code    40  stm32f0xx_flash.o(.text)
    FLASH_ErasePage                          0x08001657   Thumb Code    72  stm32f0xx_flash.o(.text)
    FLASH_EraseAllPages                      0x0800169f   Thumb Code    68  stm32f0xx_flash.o(.text)
    FLASH_ProgramWord                        0x080016e3   Thumb Code   104  stm32f0xx_flash.o(.text)
    FLASH_ProgramHalfWord                    0x0800174b   Thumb Code    62  stm32f0xx_flash.o(.text)
    FLASH_OB_Unlock                          0x08001789   Thumb Code    26  stm32f0xx_flash.o(.text)
    FLASH_OB_Lock                            0x080017a3   Thumb Code    16  stm32f0xx_flash.o(.text)
    FLASH_OB_Launch                          0x080017b3   Thumb Code    16  stm32f0xx_flash.o(.text)
    FLASH_OB_GetRDP                          0x080017c3   Thumb Code    22  stm32f0xx_flash.o(.text)
    FLASH_OB_Erase                           0x080017d9   Thumb Code   144  stm32f0xx_flash.o(.text)
    FLASH_OB_EnableWRP                       0x08001869   Thumb Code   172  stm32f0xx_flash.o(.text)
    FLASH_OB_RDPConfig                       0x08001915   Thumb Code   156  stm32f0xx_flash.o(.text)
    FLASH_OB_UserConfig                      0x080019b1   Thumb Code    80  stm32f0xx_flash.o(.text)
    FLASH_OB_BOOTConfig                      0x08001a01   Thumb Code    70  stm32f0xx_flash.o(.text)
    FLASH_OB_BOOT0Config                     0x08001a47   Thumb Code    70  stm32f0xx_flash.o(.text)
    FLASH_OB_BOOT0SWConfig                   0x08001a8d   Thumb Code    70  stm32f0xx_flash.o(.text)
    FLASH_OB_VDDAConfig                      0x08001ad3   Thumb Code    70  stm32f0xx_flash.o(.text)
    FLASH_OB_SRAMParityConfig                0x08001b19   Thumb Code    70  stm32f0xx_flash.o(.text)
    FLASH_OB_WriteUser                       0x08001b5f   Thumb Code    66  stm32f0xx_flash.o(.text)
    FLASH_OB_ProgramData                     0x08001ba1   Thumb Code    66  stm32f0xx_flash.o(.text)
    FLASH_OB_GetUser                         0x08001be3   Thumb Code    10  stm32f0xx_flash.o(.text)
    FLASH_OB_GetWRP                          0x08001bed   Thumb Code     6  stm32f0xx_flash.o(.text)
    FLASH_ITConfig                           0x08001bf3   Thumb Code    28  stm32f0xx_flash.o(.text)
    FLASH_GetFlagStatus                      0x08001c0f   Thumb Code    22  stm32f0xx_flash.o(.text)
    FLASH_ClearFlag                          0x08001c25   Thumb Code     6  stm32f0xx_flash.o(.text)
    GPIO_DeInit                              0x08001c35   Thumb Code   156  stm32f0xx_gpio.o(.text)
    GPIO_Init                                0x08001cd1   Thumb Code   144  stm32f0xx_gpio.o(.text)
    GPIO_StructInit                          0x08001d61   Thumb Code    20  stm32f0xx_gpio.o(.text)
    GPIO_PinLockConfig                       0x08001d75   Thumb Code    34  stm32f0xx_gpio.o(.text)
    GPIO_ReadInputDataBit                    0x08001d97   Thumb Code    20  stm32f0xx_gpio.o(.text)
    GPIO_ReadInputData                       0x08001dab   Thumb Code     6  stm32f0xx_gpio.o(.text)
    GPIO_ReadOutputDataBit                   0x08001db1   Thumb Code    20  stm32f0xx_gpio.o(.text)
    GPIO_ReadOutputData                      0x08001dc5   Thumb Code     6  stm32f0xx_gpio.o(.text)
    GPIO_SetBits                             0x08001dcb   Thumb Code     4  stm32f0xx_gpio.o(.text)
    GPIO_ResetBits                           0x08001dcf   Thumb Code     4  stm32f0xx_gpio.o(.text)
    GPIO_WriteBit                            0x08001dd3   Thumb Code    12  stm32f0xx_gpio.o(.text)
    GPIO_Write                               0x08001ddf   Thumb Code     4  stm32f0xx_gpio.o(.text)
    GPIO_PinAFConfig                         0x08001de3   Thumb Code    68  stm32f0xx_gpio.o(.text)
    I2C_DeInit                               0x08001e41   Thumb Code    50  stm32f0xx_i2c.o(.text)
    I2C_Init                                 0x08001e73   Thumb Code    98  stm32f0xx_i2c.o(.text)
    I2C_StructInit                           0x08001ed5   Thumb Code    24  stm32f0xx_i2c.o(.text)
    I2C_Cmd                                  0x08001eed   Thumb Code    24  stm32f0xx_i2c.o(.text)
    I2C_SoftwareResetCmd                     0x08001f05   Thumb Code    20  stm32f0xx_i2c.o(.text)
    I2C_ITConfig                             0x08001f19   Thumb Code    20  stm32f0xx_i2c.o(.text)
    I2C_StretchClockCmd                      0x08001f2d   Thumb Code    28  stm32f0xx_i2c.o(.text)
    I2C_StopModeCmd                          0x08001f49   Thumb Code    28  stm32f0xx_i2c.o(.text)
    I2C_DualAddressCmd                       0x08001f65   Thumb Code    28  stm32f0xx_i2c.o(.text)
    I2C_OwnAddress2Config                    0x08001f81   Thumb Code    32  stm32f0xx_i2c.o(.text)
    I2C_GeneralCallCmd                       0x08001fa1   Thumb Code    28  stm32f0xx_i2c.o(.text)
    I2C_SlaveByteControlCmd                  0x08001fbd   Thumb Code    28  stm32f0xx_i2c.o(.text)
    I2C_SlaveAddressConfig                   0x08001fd9   Thumb Code    20  stm32f0xx_i2c.o(.text)
    I2C_10BitAddressingModeCmd               0x08001fed   Thumb Code    28  stm32f0xx_i2c.o(.text)
    I2C_AutoEndCmd                           0x08002009   Thumb Code    28  stm32f0xx_i2c.o(.text)
    I2C_ReloadCmd                            0x08002025   Thumb Code    28  stm32f0xx_i2c.o(.text)
    I2C_NumberOfBytesConfig                  0x08002041   Thumb Code    28  stm32f0xx_i2c.o(.text)
    I2C_MasterRequestConfig                  0x0800205d   Thumb Code    28  stm32f0xx_i2c.o(.text)
    I2C_GenerateSTART                        0x08002079   Thumb Code    28  stm32f0xx_i2c.o(.text)
    I2C_GenerateSTOP                         0x08002095   Thumb Code    28  stm32f0xx_i2c.o(.text)
    I2C_10BitAddressHeaderCmd                0x080020b1   Thumb Code    28  stm32f0xx_i2c.o(.text)
    I2C_AcknowledgeConfig                    0x080020cd   Thumb Code    28  stm32f0xx_i2c.o(.text)
    I2C_GetAddressMatched                    0x080020e9   Thumb Code    14  stm32f0xx_i2c.o(.text)
    I2C_GetTransferDirection                 0x080020f7   Thumb Code    30  stm32f0xx_i2c.o(.text)
    I2C_TransferHandling                     0x08002115   Thumb Code    38  stm32f0xx_i2c.o(.text)
    I2C_SMBusAlertCmd                        0x0800213b   Thumb Code    28  stm32f0xx_i2c.o(.text)
    I2C_ClockTimeoutCmd                      0x08002157   Thumb Code    28  stm32f0xx_i2c.o(.text)
    I2C_ExtendedClockTimeoutCmd              0x08002173   Thumb Code    26  stm32f0xx_i2c.o(.text)
    I2C_IdleClockTimeoutCmd                  0x0800218d   Thumb Code    28  stm32f0xx_i2c.o(.text)
    I2C_TimeoutAConfig                       0x080021a9   Thumb Code    20  stm32f0xx_i2c.o(.text)
    I2C_TimeoutBConfig                       0x080021bd   Thumb Code    26  stm32f0xx_i2c.o(.text)
    I2C_CalculatePEC                         0x080021d7   Thumb Code    28  stm32f0xx_i2c.o(.text)
    I2C_PECRequestCmd                        0x080021f3   Thumb Code    28  stm32f0xx_i2c.o(.text)
    I2C_GetPEC                               0x0800220f   Thumb Code     8  stm32f0xx_i2c.o(.text)
    I2C_ReadRegister                         0x08002217   Thumb Code    46  stm32f0xx_i2c.o(.text)
    I2C_SendData                             0x08002245   Thumb Code     4  stm32f0xx_i2c.o(.text)
    I2C_ReceiveData                          0x08002249   Thumb Code     8  stm32f0xx_i2c.o(.text)
    I2C_DMACmd                               0x08002251   Thumb Code    20  stm32f0xx_i2c.o(.text)
    I2C_GetFlagStatus                        0x08002265   Thumb Code    28  stm32f0xx_i2c.o(.text)
    I2C_ClearFlag                            0x08002281   Thumb Code     4  stm32f0xx_i2c.o(.text)
    I2C_GetITStatus                          0x08002285   Thumb Code    78  stm32f0xx_i2c.o(.text)
    I2C_ClearITPendingBit                    0x080022d3   Thumb Code     4  stm32f0xx_i2c.o(.text)
    NVIC_Init                                0x080022d9   Thumb Code   106  stm32f0xx_misc.o(.text)
    NVIC_SystemLPConfig                      0x08002343   Thumb Code    28  stm32f0xx_misc.o(.text)
    SysTick_CLKSourceConfig                  0x0800235f   Thumb Code    32  stm32f0xx_misc.o(.text)
    PWR_DeInit                               0x0800238d   Thumb Code    22  stm32f0xx_pwr.o(.text)
    PWR_BackupAccessCmd                      0x080023a3   Thumb Code    36  stm32f0xx_pwr.o(.text)
    PWR_PVDLevelConfig                       0x080023c7   Thumb Code    28  stm32f0xx_pwr.o(.text)
    PWR_PVDCmd                               0x080023e3   Thumb Code    32  stm32f0xx_pwr.o(.text)
    PWR_WakeUpPinCmd                         0x08002403   Thumb Code    28  stm32f0xx_pwr.o(.text)
    PWR_EnterSleepMode                       0x0800241f   Thumb Code    28  stm32f0xx_pwr.o(.text)
    PWR_EnterSTOPMode                        0x0800243b   Thumb Code    90  stm32f0xx_pwr.o(.text)
    PWR_EnterSTANDBYMode                     0x08002495   Thumb Code    28  stm32f0xx_pwr.o(.text)
    PWR_GetFlagStatus                        0x080024b1   Thumb Code    22  stm32f0xx_pwr.o(.text)
    PWR_ClearFlag                            0x080024c7   Thumb Code    14  stm32f0xx_pwr.o(.text)
    RCC_DeInit                               0x080024dd   Thumb Code   102  stm32f0xx_rcc.o(.text)
    RCC_HSEConfig                            0x08002543   Thumb Code    12  stm32f0xx_rcc.o(.text)
    RCC_GetFlagStatus                        0x0800254f   Thumb Code    68  stm32f0xx_rcc.o(.text)
    RCC_WaitForHSEStartUp                    0x08002593   Thumb Code    60  stm32f0xx_rcc.o(.text)
    RCC_AdjustHSICalibrationValue            0x080025cf   Thumb Code    26  stm32f0xx_rcc.o(.text)
    RCC_HSICmd                               0x080025e9   Thumb Code    32  stm32f0xx_rcc.o(.text)
    RCC_AdjustHSI14CalibrationValue          0x08002609   Thumb Code    26  stm32f0xx_rcc.o(.text)
    RCC_HSI14Cmd                             0x08002623   Thumb Code    32  stm32f0xx_rcc.o(.text)
    RCC_HSI14ADCRequestCmd                   0x08002643   Thumb Code    32  stm32f0xx_rcc.o(.text)
    RCC_LSEConfig                            0x08002663   Thumb Code    34  stm32f0xx_rcc.o(.text)
    RCC_LSEDriveConfig                       0x08002685   Thumb Code    22  stm32f0xx_rcc.o(.text)
    RCC_LSICmd                               0x0800269b   Thumb Code    32  stm32f0xx_rcc.o(.text)
    RCC_PLLConfig                            0x080026bb   Thumb Code    30  stm32f0xx_rcc.o(.text)
    RCC_PLLCmd                               0x080026d9   Thumb Code    36  stm32f0xx_rcc.o(.text)
    RCC_HSI48Cmd                             0x080026fd   Thumb Code    36  stm32f0xx_rcc.o(.text)
    RCC_PREDIV1Config                        0x08002721   Thumb Code    24  stm32f0xx_rcc.o(.text)
    RCC_ClockSecuritySystemCmd               0x08002739   Thumb Code    36  stm32f0xx_rcc.o(.text)
    RCC_MCOConfig                            0x0800275d   Thumb Code     6  stm32f0xx_rcc.o(.text)
    RCC_SYSCLKConfig                         0x08002763   Thumb Code    24  stm32f0xx_rcc.o(.text)
    RCC_GetSYSCLKSource                      0x0800277b   Thumb Code    10  stm32f0xx_rcc.o(.text)
    RCC_HCLKConfig                           0x08002785   Thumb Code    28  stm32f0xx_rcc.o(.text)
    RCC_PCLKConfig                           0x080027a1   Thumb Code    30  stm32f0xx_rcc.o(.text)
    RCC_ADCCLKConfig                         0x080027bf   Thumb Code    52  stm32f0xx_rcc.o(.text)
    RCC_CECCLKConfig                         0x080027f3   Thumb Code    22  stm32f0xx_rcc.o(.text)
    RCC_I2CCLKConfig                         0x08002809   Thumb Code    22  stm32f0xx_rcc.o(.text)
    RCC_USARTCLKConfig                       0x0800281f   Thumb Code    68  stm32f0xx_rcc.o(.text)
    RCC_USBCLKConfig                         0x08002863   Thumb Code    22  stm32f0xx_rcc.o(.text)
    RCC_GetClocksFreq                        0x08002879   Thumb Code   584  stm32f0xx_rcc.o(.text)
    RCC_RTCCLKConfig                         0x08002ac1   Thumb Code    12  stm32f0xx_rcc.o(.text)
    RCC_RTCCLKCmd                            0x08002acd   Thumb Code    36  stm32f0xx_rcc.o(.text)
    RCC_BackupResetCmd                       0x08002af1   Thumb Code    36  stm32f0xx_rcc.o(.text)
    RCC_AHBPeriphClockCmd                    0x08002b15   Thumb Code    28  stm32f0xx_rcc.o(.text)
    RCC_APB2PeriphClockCmd                   0x08002b31   Thumb Code    28  stm32f0xx_rcc.o(.text)
    RCC_APB1PeriphClockCmd                   0x08002b4d   Thumb Code    28  stm32f0xx_rcc.o(.text)
    RCC_AHBPeriphResetCmd                    0x08002b69   Thumb Code    28  stm32f0xx_rcc.o(.text)
    RCC_APB2PeriphResetCmd                   0x08002b85   Thumb Code    28  stm32f0xx_rcc.o(.text)
    RCC_APB1PeriphResetCmd                   0x08002ba1   Thumb Code    28  stm32f0xx_rcc.o(.text)
    RCC_ITConfig                             0x08002bbd   Thumb Code    28  stm32f0xx_rcc.o(.text)
    RCC_ClearFlag                            0x08002bd9   Thumb Code    16  stm32f0xx_rcc.o(.text)
    RCC_GetITStatus                          0x08002be9   Thumb Code    22  stm32f0xx_rcc.o(.text)
    RCC_ClearITPendingBit                    0x08002bff   Thumb Code     6  stm32f0xx_rcc.o(.text)
    RTC_WaitForSynchro                       0x08002c21   Thumb Code   104  stm32f0xx_rtc.o(.text)
    RTC_EnterInitMode                        0x08002c89   Thumb Code    82  stm32f0xx_rtc.o(.text)
    RTC_DeInit                               0x08002cdb   Thumb Code    98  stm32f0xx_rtc.o(.text)
    RTC_ExitInitMode                         0x08002d3d   Thumb Code    14  stm32f0xx_rtc.o(.text)
    RTC_Init                                 0x08002d4b   Thumb Code    84  stm32f0xx_rtc.o(.text)
    RTC_StructInit                           0x08002d9f   Thumb Code    14  stm32f0xx_rtc.o(.text)
    RTC_WriteProtectionCmd                   0x08002dad   Thumb Code    24  stm32f0xx_rtc.o(.text)
    RTC_RefClockCmd                          0x08002dc5   Thumb Code    72  stm32f0xx_rtc.o(.text)
    RTC_BypassShadowCmd                      0x08002e0d   Thumb Code    48  stm32f0xx_rtc.o(.text)
    RTC_SetTime                              0x08002e73   Thumb Code   208  stm32f0xx_rtc.o(.text)
    RTC_TimeStructInit                       0x08002f43   Thumb Code    12  stm32f0xx_rtc.o(.text)
    RTC_GetTime                              0x08002f4f   Thumb Code    84  stm32f0xx_rtc.o(.text)
    RTC_GetSubSecond                         0x08002fa3   Thumb Code    10  stm32f0xx_rtc.o(.text)
    RTC_SetDate                              0x08002fad   Thumb Code   220  stm32f0xx_rtc.o(.text)
    RTC_DateStructInit                       0x08003089   Thumb Code    14  stm32f0xx_rtc.o(.text)
    RTC_GetDate                              0x08003097   Thumb Code    88  stm32f0xx_rtc.o(.text)
    RTC_SetAlarm                             0x080030ef   Thumb Code   210  stm32f0xx_rtc.o(.text)
    RTC_AlarmStructInit                      0x080031c1   Thumb Code    22  stm32f0xx_rtc.o(.text)
    RTC_GetAlarm                             0x080031d7   Thumb Code   112  stm32f0xx_rtc.o(.text)
    RTC_AlarmCmd                             0x08003247   Thumb Code   106  stm32f0xx_rtc.o(.text)
    RTC_AlarmSubSecondConfig                 0x080032b1   Thumb Code    34  stm32f0xx_rtc.o(.text)
    RTC_GetAlarmSubSecond                    0x080032d3   Thumb Code    16  stm32f0xx_rtc.o(.text)
    RTC_WakeUpClockConfig                    0x080032e3   Thumb Code    34  stm32f0xx_rtc.o(.text)
    RTC_SetWakeUpCounter                     0x08003305   Thumb Code    20  stm32f0xx_rtc.o(.text)
    RTC_GetWakeUpCounter                     0x08003319   Thumb Code     8  stm32f0xx_rtc.o(.text)
    RTC_WakeUpCmd                            0x08003321   Thumb Code   112  stm32f0xx_rtc.o(.text)
    RTC_DayLightSavingConfig                 0x08003391   Thumb Code    44  stm32f0xx_rtc.o(.text)
    RTC_GetStoreOperation                    0x080033bd   Thumb Code    12  stm32f0xx_rtc.o(.text)
    RTC_OutputConfig                         0x080033c9   Thumb Code    44  stm32f0xx_rtc.o(.text)
    RTC_CalibOutputCmd                       0x080033f5   Thumb Code    64  stm32f0xx_rtc.o(.text)
    RTC_CalibOutputConfig                    0x08003435   Thumb Code    38  stm32f0xx_rtc.o(.text)
    RTC_SmoothCalibConfig                    0x0800345b   Thumb Code    92  stm32f0xx_rtc.o(.text)
    RTC_TimeStampCmd                         0x080034b7   Thumb Code    56  stm32f0xx_rtc.o(.text)
    RTC_GetTimeStamp                         0x080034ef   Thumb Code   152  stm32f0xx_rtc.o(.text)
    RTC_GetTimeStampSubSecond                0x08003587   Thumb Code     6  stm32f0xx_rtc.o(.text)
    RTC_TamperTriggerConfig                  0x0800358d   Thumb Code    40  stm32f0xx_rtc.o(.text)
    RTC_TamperCmd                            0x080035b5   Thumb Code    36  stm32f0xx_rtc.o(.text)
    RTC_TamperFilterConfig                   0x080035d9   Thumb Code    28  stm32f0xx_rtc.o(.text)
    RTC_TamperSamplingFreqConfig             0x080035f5   Thumb Code    28  stm32f0xx_rtc.o(.text)
    RTC_TamperPinsPrechargeDuration          0x08003611   Thumb Code    28  stm32f0xx_rtc.o(.text)
    RTC_TimeStampOnTamperDetectionCmd        0x0800362d   Thumb Code    40  stm32f0xx_rtc.o(.text)
    RTC_TamperPullUpCmd                      0x08003655   Thumb Code    44  stm32f0xx_rtc.o(.text)
    RTC_WriteBackupRegister                  0x08003681   Thumb Code    26  stm32f0xx_rtc.o(.text)
    RTC_ReadBackupRegister                   0x0800369b   Thumb Code    28  stm32f0xx_rtc.o(.text)
    RTC_OutputTypeConfig                     0x080036b7   Thumb Code    28  stm32f0xx_rtc.o(.text)
    RTC_SynchroShiftConfig                   0x080036d3   Thumb Code   118  stm32f0xx_rtc.o(.text)
    RTC_ITConfig                             0x08003749   Thumb Code    94  stm32f0xx_rtc.o(.text)
    RTC_GetFlagStatus                        0x080037a7   Thumb Code    34  stm32f0xx_rtc.o(.text)
    RTC_ClearFlag                            0x080037c9   Thumb Code    26  stm32f0xx_rtc.o(.text)
    RTC_GetITStatus                          0x080037e3   Thumb Code    90  stm32f0xx_rtc.o(.text)
    RTC_ClearITPendingBit                    0x0800383d   Thumb Code    30  stm32f0xx_rtc.o(.text)
    SPI_I2S_DeInit                           0x08003861   Thumb Code    52  stm32f0xx_spi.o(.text)
    SPI_StructInit                           0x08003895   Thumb Code    30  stm32f0xx_spi.o(.text)
    SPI_Init                                 0x080038b3   Thumb Code    76  stm32f0xx_spi.o(.text)
    I2S_StructInit                           0x080038ff   Thumb Code    20  stm32f0xx_spi.o(.text)
    I2S_Init                                 0x08003913   Thumb Code   228  stm32f0xx_spi.o(.text)
    SPI_Cmd                                  0x080039f7   Thumb Code    26  stm32f0xx_spi.o(.text)
    SPI_TIModeCmd                            0x08003a11   Thumb Code    26  stm32f0xx_spi.o(.text)
    I2S_Cmd                                  0x08003a2b   Thumb Code    26  stm32f0xx_spi.o(.text)
    SPI_DataSizeConfig                       0x08003a45   Thumb Code    20  stm32f0xx_spi.o(.text)
    SPI_RxFIFOThresholdConfig                0x08003a59   Thumb Code    16  stm32f0xx_spi.o(.text)
    SPI_BiDirectionalLineConfig              0x08003a69   Thumb Code    28  stm32f0xx_spi.o(.text)
    SPI_NSSInternalSoftwareConfig            0x08003a85   Thumb Code    32  stm32f0xx_spi.o(.text)
    SPI_SSOutputCmd                          0x08003aa5   Thumb Code    24  stm32f0xx_spi.o(.text)
    SPI_NSSPulseModeCmd                      0x08003abd   Thumb Code    26  stm32f0xx_spi.o(.text)
    SPI_SendData8                            0x08003ad7   Thumb Code    10  stm32f0xx_spi.o(.text)
    SPI_I2S_SendData16                       0x08003ae1   Thumb Code     4  stm32f0xx_spi.o(.text)
    SPI_ReceiveData8                         0x08003ae5   Thumb Code    12  stm32f0xx_spi.o(.text)
    SPI_I2S_ReceiveData16                    0x08003af1   Thumb Code     6  stm32f0xx_spi.o(.text)
    SPI_CRCLengthConfig                      0x08003af7   Thumb Code    16  stm32f0xx_spi.o(.text)
    SPI_CalculateCRC                         0x08003b07   Thumb Code    26  stm32f0xx_spi.o(.text)
    SPI_TransmitCRC                          0x08003b21   Thumb Code    12  stm32f0xx_spi.o(.text)
    SPI_GetCRC                               0x08003b2d   Thumb Code    16  stm32f0xx_spi.o(.text)
    SPI_GetCRCPolynomial                     0x08003b3d   Thumb Code     6  stm32f0xx_spi.o(.text)
    SPI_I2S_DMACmd                           0x08003b43   Thumb Code    20  stm32f0xx_spi.o(.text)
    SPI_LastDMATransferCmd                   0x08003b57   Thumb Code    16  stm32f0xx_spi.o(.text)
    SPI_I2S_ITConfig                         0x08003b67   Thumb Code    34  stm32f0xx_spi.o(.text)
    SPI_GetTransmissionFIFOStatus            0x08003b89   Thumb Code    12  stm32f0xx_spi.o(.text)
    SPI_GetReceptionFIFOStatus               0x08003b95   Thumb Code    12  stm32f0xx_spi.o(.text)
    SPI_I2S_GetFlagStatus                    0x08003ba1   Thumb Code    20  stm32f0xx_spi.o(.text)
    SPI_I2S_ClearFlag                        0x08003bb5   Thumb Code     6  stm32f0xx_spi.o(.text)
    SPI_I2S_GetITStatus                      0x08003bbb   Thumb Code    56  stm32f0xx_spi.o(.text)
    SYSCFG_DeInit                            0x08003c1d   Thumb Code    40  stm32f0xx_syscfg.o(.text)
    SYSCFG_MemoryRemapConfig                 0x08003c45   Thumb Code    24  stm32f0xx_syscfg.o(.text)
    SYSCFG_DMAChannelRemapConfig             0x08003c5d   Thumb Code    28  stm32f0xx_syscfg.o(.text)
    SYSCFG_I2CFastModePlusConfig             0x08003c79   Thumb Code    28  stm32f0xx_syscfg.o(.text)
    SYSCFG_IRDAEnvSelection                  0x08003c95   Thumb Code    22  stm32f0xx_syscfg.o(.text)
    SYSCFG_EXTILineConfig                    0x08003cab   Thumb Code    66  stm32f0xx_syscfg.o(.text)
    SYSCFG_GetPendingIT                      0x08003ced   Thumb Code    20  stm32f0xx_syscfg.o(.text)
    SYSCFG_BreakConfig                       0x08003d01   Thumb Code    12  stm32f0xx_syscfg.o(.text)
    SYSCFG_GetFlagStatus                     0x08003d0d   Thumb Code    26  stm32f0xx_syscfg.o(.text)
    SYSCFG_ClearFlag                         0x08003d27   Thumb Code    12  stm32f0xx_syscfg.o(.text)
    TIM_DeInit                               0x08003d39   Thumb Code   228  stm32f0xx_tim.o(.text)
    TIM_TimeBaseInit                         0x08003e1d   Thumb Code    90  stm32f0xx_tim.o(.text)
    TIM_TimeBaseStructInit                   0x08003e77   Thumb Code    18  stm32f0xx_tim.o(.text)
    TIM_PrescalerConfig                      0x08003e89   Thumb Code     6  stm32f0xx_tim.o(.text)
    TIM_CounterModeConfig                    0x08003e8f   Thumb Code    20  stm32f0xx_tim.o(.text)
    TIM_SetCounter                           0x08003ea3   Thumb Code     4  stm32f0xx_tim.o(.text)
    TIM_SetAutoreload                        0x08003ea7   Thumb Code     4  stm32f0xx_tim.o(.text)
    TIM_GetCounter                           0x08003eab   Thumb Code     6  stm32f0xx_tim.o(.text)
    TIM_GetPrescaler                         0x08003eb1   Thumb Code     6  stm32f0xx_tim.o(.text)
    TIM_UpdateDisableConfig                  0x08003eb7   Thumb Code    26  stm32f0xx_tim.o(.text)
    TIM_UpdateRequestConfig                  0x08003ed1   Thumb Code    26  stm32f0xx_tim.o(.text)
    TIM_ARRPreloadConfig                     0x08003eeb   Thumb Code    26  stm32f0xx_tim.o(.text)
    TIM_SelectOnePulseMode                   0x08003f05   Thumb Code    18  stm32f0xx_tim.o(.text)
    TIM_SetClockDivision                     0x08003f17   Thumb Code    16  stm32f0xx_tim.o(.text)
    TIM_Cmd                                  0x08003f27   Thumb Code    26  stm32f0xx_tim.o(.text)
    TIM_BDTRConfig                           0x08003f41   Thumb Code    32  stm32f0xx_tim.o(.text)
    TIM_BDTRStructInit                       0x08003f61   Thumb Code    18  stm32f0xx_tim.o(.text)
    TIM_CtrlPWMOutputs                       0x08003f73   Thumb Code    34  stm32f0xx_tim.o(.text)
    TIM_OC1Init                              0x08003f95   Thumb Code   122  stm32f0xx_tim.o(.text)
    TIM_OC2Init                              0x0800400f   Thumb Code   144  stm32f0xx_tim.o(.text)
    TIM_OC3Init                              0x0800409f   Thumb Code   190  stm32f0xx_tim.o(.text)
    TIM_OC4Init                              0x0800415d   Thumb Code    88  stm32f0xx_tim.o(.text)
    TIM_OCStructInit                         0x080041b5   Thumb Code    20  stm32f0xx_tim.o(.text)
    TIM_SelectOCxM                           0x080041c9   Thumb Code    82  stm32f0xx_tim.o(.text)
    TIM_SetCompare1                          0x0800421b   Thumb Code     4  stm32f0xx_tim.o(.text)
    TIM_SetCompare2                          0x0800421f   Thumb Code     4  stm32f0xx_tim.o(.text)
    TIM_SetCompare3                          0x08004223   Thumb Code     4  stm32f0xx_tim.o(.text)
    TIM_SetCompare4                          0x08004227   Thumb Code     4  stm32f0xx_tim.o(.text)
    TIM_ForcedOC1Config                      0x0800422b   Thumb Code    20  stm32f0xx_tim.o(.text)
    TIM_ForcedOC2Config                      0x0800423f   Thumb Code    20  stm32f0xx_tim.o(.text)
    TIM_ForcedOC3Config                      0x08004253   Thumb Code    20  stm32f0xx_tim.o(.text)
    TIM_ForcedOC4Config                      0x08004267   Thumb Code    20  stm32f0xx_tim.o(.text)
    TIM_CCPreloadControl                     0x0800427b   Thumb Code    26  stm32f0xx_tim.o(.text)
    TIM_OC1PreloadConfig                     0x08004295   Thumb Code    22  stm32f0xx_tim.o(.text)
    TIM_OC2PreloadConfig                     0x080042ab   Thumb Code    20  stm32f0xx_tim.o(.text)
    TIM_OC3PreloadConfig                     0x080042bf   Thumb Code    22  stm32f0xx_tim.o(.text)
    TIM_OC4PreloadConfig                     0x080042d5   Thumb Code    20  stm32f0xx_tim.o(.text)
    TIM_OC1FastConfig                        0x080042e9   Thumb Code    22  stm32f0xx_tim.o(.text)
    TIM_OC2FastConfig                        0x080042ff   Thumb Code    20  stm32f0xx_tim.o(.text)
    TIM_OC3FastConfig                        0x08004313   Thumb Code    22  stm32f0xx_tim.o(.text)
    TIM_OC4FastConfig                        0x08004329   Thumb Code    20  stm32f0xx_tim.o(.text)
    TIM_ClearOC1Ref                          0x0800433d   Thumb Code    22  stm32f0xx_tim.o(.text)
    TIM_ClearOC2Ref                          0x08004353   Thumb Code    20  stm32f0xx_tim.o(.text)
    TIM_ClearOC3Ref                          0x08004367   Thumb Code    22  stm32f0xx_tim.o(.text)
    TIM_ClearOC4Ref                          0x0800437d   Thumb Code    20  stm32f0xx_tim.o(.text)
    TIM_OC1PolarityConfig                    0x08004391   Thumb Code    22  stm32f0xx_tim.o(.text)
    TIM_OC1NPolarityConfig                   0x080043a7   Thumb Code    22  stm32f0xx_tim.o(.text)
    TIM_OC2PolarityConfig                    0x080043bd   Thumb Code    22  stm32f0xx_tim.o(.text)
    TIM_OC2NPolarityConfig                   0x080043d3   Thumb Code    22  stm32f0xx_tim.o(.text)
    TIM_OC3PolarityConfig                    0x080043e9   Thumb Code    20  stm32f0xx_tim.o(.text)
    TIM_OC3NPolarityConfig                   0x080043fd   Thumb Code    20  stm32f0xx_tim.o(.text)
    TIM_OC4PolarityConfig                    0x08004411   Thumb Code    20  stm32f0xx_tim.o(.text)
    TIM_SelectOCREFClear                     0x08004425   Thumb Code    18  stm32f0xx_tim.o(.text)
    TIM_CCxCmd                               0x08004437   Thumb Code    30  stm32f0xx_tim.o(.text)
    TIM_CCxNCmd                              0x08004455   Thumb Code    30  stm32f0xx_tim.o(.text)
    TIM_SelectCOM                            0x08004473   Thumb Code    26  stm32f0xx_tim.o(.text)
    TIM_SetIC4Prescaler                      0x0800448d   Thumb Code    20  stm32f0xx_tim.o(.text)
    TIM_SetIC3Prescaler                      0x080044e3   Thumb Code    18  stm32f0xx_tim.o(.text)
    TIM_SetIC2Prescaler                      0x08004537   Thumb Code    78  stm32f0xx_tim.o(.text)
    TIM_SetIC1Prescaler                      0x080045c7   Thumb Code    18  stm32f0xx_tim.o(.text)
    TIM_ICInit                               0x0800460f   Thumb Code   112  stm32f0xx_tim.o(.text)
    TIM_ICStructInit                         0x0800467f   Thumb Code    18  stm32f0xx_tim.o(.text)
    TIM_PWMIConfig                           0x08004691   Thumb Code   124  stm32f0xx_tim.o(.text)
    TIM_GetCapture1                          0x0800470d   Thumb Code     6  stm32f0xx_tim.o(.text)
    TIM_GetCapture2                          0x08004713   Thumb Code     6  stm32f0xx_tim.o(.text)
    TIM_GetCapture3                          0x08004719   Thumb Code     6  stm32f0xx_tim.o(.text)
    TIM_GetCapture4                          0x0800471f   Thumb Code     6  stm32f0xx_tim.o(.text)
    TIM_ITConfig                             0x08004725   Thumb Code    20  stm32f0xx_tim.o(.text)
    TIM_GenerateEvent                        0x08004739   Thumb Code     4  stm32f0xx_tim.o(.text)
    TIM_GetFlagStatus                        0x0800473d   Thumb Code    20  stm32f0xx_tim.o(.text)
    TIM_ClearFlag                            0x08004751   Thumb Code     6  stm32f0xx_tim.o(.text)
    TIM_GetITStatus                          0x08004757   Thumb Code    38  stm32f0xx_tim.o(.text)
    TIM_ClearITPendingBit                    0x0800477d   Thumb Code     6  stm32f0xx_tim.o(.text)
    TIM_DMAConfig                            0x08004783   Thumb Code    12  stm32f0xx_tim.o(.text)
    TIM_DMACmd                               0x0800478f   Thumb Code    20  stm32f0xx_tim.o(.text)
    TIM_SelectCCDMA                          0x080047a3   Thumb Code    26  stm32f0xx_tim.o(.text)
    TIM_InternalClockConfig                  0x080047bd   Thumb Code    12  stm32f0xx_tim.o(.text)
    TIM_SelectInputTrigger                   0x080047c9   Thumb Code    22  stm32f0xx_tim.o(.text)
    TIM_ITRxExternalClockConfig              0x080047df   Thumb Code    24  stm32f0xx_tim.o(.text)
    TIM_TIxExternalClockConfig               0x080047f7   Thumb Code    58  stm32f0xx_tim.o(.text)
    TIM_ETRConfig                            0x08004831   Thumb Code    24  stm32f0xx_tim.o(.text)
    TIM_ETRClockMode1Config                  0x08004849   Thumb Code    48  stm32f0xx_tim.o(.text)
    TIM_ETRClockMode2Config                  0x08004879   Thumb Code    34  stm32f0xx_tim.o(.text)
    TIM_SelectOutputTrigger                  0x0800489b   Thumb Code    18  stm32f0xx_tim.o(.text)
    TIM_SelectSlaveMode                      0x080048ad   Thumb Code    18  stm32f0xx_tim.o(.text)
    TIM_SelectMasterSlaveMode                0x080048bf   Thumb Code    18  stm32f0xx_tim.o(.text)
    TIM_EncoderInterfaceConfig               0x080048d1   Thumb Code    60  stm32f0xx_tim.o(.text)
    TIM_SelectHallSensor                     0x0800490d   Thumb Code    26  stm32f0xx_tim.o(.text)
    TIM_RemapConfig                          0x08004927   Thumb Code     6  stm32f0xx_tim.o(.text)
    USART_DeInit                             0x08004939   Thumb Code   206  stm32f0xx_usart.o(.text)
    USART_Init                               0x08004a07   Thumb Code   226  stm32f0xx_usart.o(.text)
    USART_StructInit                         0x08004ae9   Thumb Code    24  stm32f0xx_usart.o(.text)
    USART_ClockInit                          0x08004b01   Thumb Code    36  stm32f0xx_usart.o(.text)
    USART_ClockStructInit                    0x08004b25   Thumb Code    12  stm32f0xx_usart.o(.text)
    USART_Cmd                                0x08004b31   Thumb Code    24  stm32f0xx_usart.o(.text)
    USART_DirectionModeCmd                   0x08004b49   Thumb Code    20  stm32f0xx_usart.o(.text)
    USART_OverSampling8Cmd                   0x08004b5d   Thumb Code    28  stm32f0xx_usart.o(.text)
    USART_OneBitMethodCmd                    0x08004b79   Thumb Code    28  stm32f0xx_usart.o(.text)
    USART_MSBFirstCmd                        0x08004b95   Thumb Code    28  stm32f0xx_usart.o(.text)
    USART_DataInvCmd                         0x08004bb1   Thumb Code    28  stm32f0xx_usart.o(.text)
    USART_InvPinCmd                          0x08004bcd   Thumb Code    20  stm32f0xx_usart.o(.text)
    USART_SWAPPinCmd                         0x08004be1   Thumb Code    28  stm32f0xx_usart.o(.text)
    USART_ReceiverTimeOutCmd                 0x08004bfd   Thumb Code    28  stm32f0xx_usart.o(.text)
    USART_SetReceiverTimeOut                 0x08004c19   Thumb Code    16  stm32f0xx_usart.o(.text)
    USART_SetPrescaler                       0x08004c29   Thumb Code    18  stm32f0xx_usart.o(.text)
    USART_STOPModeCmd                        0x08004c3b   Thumb Code    24  stm32f0xx_usart.o(.text)
    USART_StopModeWakeUpSourceConfig         0x08004c53   Thumb Code    18  stm32f0xx_usart.o(.text)
    USART_AutoBaudRateCmd                    0x08004c65   Thumb Code    28  stm32f0xx_usart.o(.text)
    USART_AutoBaudRateConfig                 0x08004c81   Thumb Code    18  stm32f0xx_usart.o(.text)
    USART_SendData                           0x08004c93   Thumb Code     8  stm32f0xx_usart.o(.text)
    USART_ReceiveData                        0x08004c9b   Thumb Code    10  stm32f0xx_usart.o(.text)
    USART_SetAddress                         0x08004ca5   Thumb Code    18  stm32f0xx_usart.o(.text)
    USART_MuteModeCmd                        0x08004cb7   Thumb Code    28  stm32f0xx_usart.o(.text)
    USART_MuteModeWakeUpConfig               0x08004cd3   Thumb Code    18  stm32f0xx_usart.o(.text)
    USART_AddressDetectionConfig             0x08004ce5   Thumb Code    16  stm32f0xx_usart.o(.text)
    USART_LINBreakDetectLengthConfig         0x08004cf5   Thumb Code    16  stm32f0xx_usart.o(.text)
    USART_LINCmd                             0x08004d05   Thumb Code    68  stm32f0xx_usart.o(.text)
    USART_HalfDuplexCmd                      0x08004d49   Thumb Code    24  stm32f0xx_usart.o(.text)
    USART_SetGuardTime                       0x08004d61   Thumb Code    16  stm32f0xx_usart.o(.text)
    USART_SmartCardCmd                       0x08004d71   Thumb Code    24  stm32f0xx_usart.o(.text)
    USART_SmartCardNACKCmd                   0x08004d89   Thumb Code    24  stm32f0xx_usart.o(.text)
    USART_SetAutoRetryCount                  0x08004da1   Thumb Code    20  stm32f0xx_usart.o(.text)
    USART_SetBlockLength                     0x08004db5   Thumb Code    18  stm32f0xx_usart.o(.text)
    USART_IrDAConfig                         0x08004dc7   Thumb Code    16  stm32f0xx_usart.o(.text)
    USART_IrDACmd                            0x08004dd7   Thumb Code    24  stm32f0xx_usart.o(.text)
    USART_DECmd                              0x08004def   Thumb Code    28  stm32f0xx_usart.o(.text)
    USART_DEPolarityConfig                   0x08004e0b   Thumb Code    18  stm32f0xx_usart.o(.text)
    USART_SetDEAssertionTime                 0x08004e1d   Thumb Code    20  stm32f0xx_usart.o(.text)
    USART_SetDEDeassertionTime               0x08004e31   Thumb Code    20  stm32f0xx_usart.o(.text)
    USART_DMACmd                             0x08004e45   Thumb Code    20  stm32f0xx_usart.o(.text)
    USART_DMAReceptionErrorConfig            0x08004e59   Thumb Code    18  stm32f0xx_usart.o(.text)
    USART_ITConfig                           0x08004e6b   Thumb Code    66  stm32f0xx_usart.o(.text)
    USART_RequestCmd                         0x08004ead   Thumb Code    20  stm32f0xx_usart.o(.text)
    USART_OverrunDetectionConfig             0x08004ec1   Thumb Code    18  stm32f0xx_usart.o(.text)
    USART_GetFlagStatus                      0x08004ed3   Thumb Code    20  stm32f0xx_usart.o(.text)
    USART_ClearFlag                          0x08004ee7   Thumb Code     4  stm32f0xx_usart.o(.text)
    USART_GetITStatus                        0x08004eeb   Thumb Code    78  stm32f0xx_usart.o(.text)
    USART_ClearITPendingBit                  0x08004f39   Thumb Code    18  stm32f0xx_usart.o(.text)
    WWDG_DeInit                              0x08004f4d   Thumb Code    22  stm32f0xx_wwdg.o(.text)
    WWDG_SetPrescaler                        0x08004f63   Thumb Code    26  stm32f0xx_wwdg.o(.text)
    WWDG_SetWindowValue                      0x08004f7d   Thumb Code    34  stm32f0xx_wwdg.o(.text)
    WWDG_EnableIT                            0x08004f9f   Thumb Code    16  stm32f0xx_wwdg.o(.text)
    WWDG_SetCounter                          0x08004faf   Thumb Code    10  stm32f0xx_wwdg.o(.text)
    WWDG_Enable                              0x08004fb9   Thumb Code    10  stm32f0xx_wwdg.o(.text)
    WWDG_GetFlagStatus                       0x08004fc3   Thumb Code    18  stm32f0xx_wwdg.o(.text)
    WWDG_ClearFlag                           0x08004fd5   Thumb Code     8  stm32f0xx_wwdg.o(.text)
    main                                     0x08004fe1   Thumb Code   574  main.o(.text)
    NMI_Handler                              0x08005259   Thumb Code     2  stm32f0xx_it.o(.text)
    HardFault_Handler                        0x0800525b   Thumb Code     8  stm32f0xx_it.o(.text)
    SVC_Handler                              0x08005263   Thumb Code     2  stm32f0xx_it.o(.text)
    PendSV_Handler                           0x08005265   Thumb Code     2  stm32f0xx_it.o(.text)
    SysTick_Handler                          0x08005267   Thumb Code     2  stm32f0xx_it.o(.text)
    ADC1_COMP_IRQHandler                     0x08005269   Thumb Code    24  stm32f0xx_it.o(.text)
    USART3_8_IRQHandler                      0x08005281   Thumb Code    12  stm32f0xx_it.o(.text)
    TIM2_IRQHandler                          0x0800528d   Thumb Code     2  stm32f0xx_it.o(.text)
    TIM3_IRQHandler                          0x0800528f   Thumb Code    92  stm32f0xx_it.o(.text)
    EXTI4_15_IRQHandler                      0x080052eb   Thumb Code    58  stm32f0xx_it.o(.text)
    SystemInit                               0x08005417   Thumb Code   110  system_stm32f0xx.o(.text)
    SystemCoreClockUpdate                    0x08005485   Thumb Code   154  system_stm32f0xx.o(.text)
    uart_init                                0x08005545   Thumb Code   246  usart.o(.text)
    usart_rx_mode                            0x0800563b   Thumb Code    24  usart.o(.text)
    uart_close                               0x08005653   Thumb Code    90  usart.o(.text)
    UARTx_SendDate                           0x080056ad   Thumb Code    60  usart.o(.text)
    USART1_IRQHandler                        0x080056e9   Thumb Code   136  usart.o(.text)
    USART2_IRQHandler                        0x08005771   Thumb Code   136  usart.o(.text)
    timer3_init                              0x08005819   Thumb Code    80  timer.o(.text)
    setup_key_enable                         0x08005871   Thumb Code    96  csm37f59.o(.text)
    test_gpio                                0x080058d1   Thumb Code    44  csm37f59.o(.text)
    setup_key_disable                        0x080058fd   Thumb Code    96  csm37f59.o(.text)
    measure                                  0x0800595d   Thumb Code   182  csm37f59.o(.text)
    resabs                                   0x08005a13   Thumb Code    16  csm37f59.o(.text)
    arr_delete                               0x08005a23   Thumb Code    28  csm37f59.o(.text)
    arr_agv                                  0x08005a3f   Thumb Code    38  csm37f59.o(.text)
    queue_a_res                              0x08005a65   Thumb Code   316  csm37f59.o(.text)
    update_sta_flg                           0x08005ba1   Thumb Code    40  csm37f59.o(.text)
    Get_BR                                   0x08005bc9   Thumb Code   166  csm37f59.o(.text)
    check_sleep                              0x08005cb1   Thumb Code   142  sleep.o(.text)
    no_use_peripherals                       0x08005d3f   Thumb Code   372  sleep.o(.text)
    User_WDT_Init                            0x08005f19   Thumb Code     2  wdt.o(.text)
    User_WDT_DISABLE                         0x08005f1b   Thumb Code     2  wdt.o(.text)
    User_FMC_Init                            0x08005f1d   Thumb Code     2  flash.o(.text)
    FLASH_PageWrite_halfword                 0x08005f1f   Thumb Code    58  flash.o(.text)
    FLASH_PageRead_halfword                  0x08005f59   Thumb Code    10  flash.o(.text)
    load_fmc_data                            0x08005f63   Thumb Code   124  flash.o(.text)
    Cmd_WriteTypeByteToFlash                 0x08005fdf   Thumb Code    86  flash.o(.text)
    lib_init_queue                           0x08006045   Thumb Code    26  lib_queue.o(.text)
    reset_queue                              0x0800605f   Thumb Code     8  lib_queue.o(.text)
    lib_queue_is_empty                       0x08006067   Thumb Code    18  lib_queue.o(.text)
    lib_queue_is_full                        0x08006079   Thumb Code    28  lib_queue.o(.text)
    lib_get_queue_len                        0x08006095   Thumb Code    26  lib_queue.o(.text)
    lib_en_queue                             0x080060af   Thumb Code    42  lib_queue.o(.text)
    lib_de_queue                             0x080060d9   Thumb Code    56  lib_queue.o(.text)
    lib_avg_queue                            0x08006111   Thumb Code    66  lib_queue.o(.text)
    ble_switch_uartcmd                       0x08006155   Thumb Code   420  ble_parse.o(.text)
    ble_parse_cmd                            0x080062f9   Thumb Code    80  ble_parse.o(.text)
    ble_dealwith_queue                       0x08006349   Thumb Code    28  ble_parse.o(.text)
    Ble_UartEnable                           0x08006391   Thumb Code    52  driver_csm92p10.o(.text)
    Ble_UartDisable                          0x080063c5   Thumb Code    50  driver_csm92p10.o(.text)
    SendDateToAPP                            0x080063f7   Thumb Code    74  driver_csm92p10.o(.text)
    cal_xor                                  0x08006441   Thumb Code    34  driver_csm92p10.o(.text)
    SendCmdToBle                             0x08006463   Thumb Code    50  driver_csm92p10.o(.text)
    Ble_SetAdvData                           0x08006495   Thumb Code    80  driver_csm92p10.o(.text)
    Ble_SendAppResult                        0x080064e5   Thumb Code   242  driver_csm92p10.o(.text)
    passthrough_to_ble                       0x080065d7   Thumb Code    58  driver_csm92p10.o(.text)
    Ble_SendAppCalResResult                  0x08006611   Thumb Code    82  driver_csm92p10.o(.text)
    Ble_SendAppCalHRResult                   0x08006663   Thumb Code    82  driver_csm92p10.o(.text)
    Ble_SendAppStatus                        0x080066b5   Thumb Code   204  driver_csm92p10.o(.text)
    Ble_SendAppAck                           0x08006781   Thumb Code   146  driver_csm92p10.o(.text)
    Ble_Init                                 0x08006813   Thumb Code    82  driver_csm92p10.o(.text)
    McuToBle_Proc                            0x08006865   Thumb Code   574  driver_csm92p10.o(.text)
    delay_init                               0x08006afd   Thumb Code    40  lib_delay.o(.text)
    delay_us                                 0x08006b25   Thumb Code    70  lib_delay.o(.text)
    delay_ms                                 0x08006b6b   Thumb Code    70  lib_delay.o(.text)
    SDA_IN                                   0x08006bc5   Thumb Code    38  lib_myiic.o(.text)
    SDA_OUT                                  0x08006beb   Thumb Code    36  lib_myiic.o(.text)
    IIC_Init                                 0x08006c0f   Thumb Code    68  lib_myiic.o(.text)
    IIC_close                                0x08006c53   Thumb Code    70  lib_myiic.o(.text)
    IIC_Start                                0x08006c99   Thumb Code   114  lib_myiic.o(.text)
    IIC_Stop                                 0x08006d0b   Thumb Code    78  lib_myiic.o(.text)
    IIC_Wait_Ack                             0x08006d59   Thumb Code   102  lib_myiic.o(.text)
    IIC_Ack                                  0x08006dbf   Thumb Code    86  lib_myiic.o(.text)
    IIC_NAck                                 0x08006e15   Thumb Code    84  lib_myiic.o(.text)
    IIC_Send_Byte                            0x08006e69   Thumb Code   122  lib_myiic.o(.text)
    IIC_Read_Byte                            0x08006ee3   Thumb Code   116  lib_myiic.o(.text)
    IIC_WriteDate                            0x08006f57   Thumb Code   182  lib_myiic.o(.text)
    IIC_ReadDate                             0x0800700d   Thumb Code   268  lib_myiic.o(.text)
    IIC_StateCheck                           0x08007119   Thumb Code   102  lib_myiic.o(.text)
    startCS125x                              0x08007189   Thumb Code    44  driver_cs1258.o(.text)
    stopCS125x                               0x080071b5   Thumb Code    72  driver_cs1258.o(.text)
    send1byte                                0x080071fd   Thumb Code   142  driver_cs1258.o(.text)
    read1byte                                0x0800728b   Thumb Code   114  driver_cs1258.o(.text)
    SendDataToAddr                           0x080072fd   Thumb Code    32  driver_cs1258.o(.text)
    ReadAddrData                             0x0800731d   Thumb Code    28  driver_cs1258.o(.text)
    ReadADC                                  0x08007339   Thumb Code    48  driver_cs1258.o(.text)
    Rest_Communicate_Interface               0x08007369   Thumb Code    92  driver_cs1258.o(.text)
    Reset_CS125x                             0x080073c5   Thumb Code    88  driver_cs1258.o(.text)
    InitCS125x                               0x0800741d   Thumb Code   100  driver_cs1258.o(.text)
    PowerDownCS125x                          0x08007481   Thumb Code    78  driver_cs1258.o(.text)
    find_tab                                 0x080074cf   Thumb Code    74  driver_cs1258.o(.text)
    tab_ref_test                             0x08007519   Thumb Code   292  driver_cs1258.o(.text)
    BIMRegInit                               0x0800763d   Thumb Code   444  driver_cs1258.o(.text)
    BIMRegCfg                                0x080077f9   Thumb Code    44  driver_cs1258.o(.text)
    Init_Parm1                               0x08007825   Thumb Code    36  driver_cs1258.o(.text)
    ReadAvgADC                               0x08007849   Thumb Code   536  driver_cs1258.o(.text)
    Ref_Init_All                             0x08007a61   Thumb Code    40  driver_cs1258.o(.text)
    Res_Init_All                             0x08007a89   Thumb Code    52  driver_cs1258.o(.text)
    get1byte                                 0x08007abd   Thumb Code    52  driver_cs1258.o(.text)
    mov_res                                  0x08007af1   Thumb Code   784  driver_cs1258.o(.text)
    Ref_F1                                   0x08007e01   Thumb Code    62  driver_cs1258.o(.text)
    get2byte                                 0x08007e3f   Thumb Code    42  driver_cs1258.o(.text)
    Ref_F1_ADC                               0x08007e69   Thumb Code   154  driver_cs1258.o(.text)
    GetRef01ADC                              0x08007f03   Thumb Code    90  driver_cs1258.o(.text)
    Short_Fx_ADC                             0x08007f5d   Thumb Code    34  driver_cs1258.o(.text)
    Z34_Fx_ADC                               0x08007f7f   Thumb Code    34  driver_cs1258.o(.text)
    Z12_Fx_ADC                               0x08007fa1   Thumb Code    34  driver_cs1258.o(.text)
    Z13_Fx_ADC                               0x08007fc3   Thumb Code    46  driver_cs1258.o(.text)
    Z14_Fx_ADC                               0x08007ff1   Thumb Code    46  driver_cs1258.o(.text)
    Z23_Fx_ADC                               0x0800801f   Thumb Code    46  driver_cs1258.o(.text)
    Z24_Fx_ADC                               0x0800804d   Thumb Code    46  driver_cs1258.o(.text)
    Z43_Fx_ADC                               0x0800807b   Thumb Code    58  driver_cs1258.o(.text)
    Z21_Fx_ADC                               0x080080b5   Thumb Code    58  driver_cs1258.o(.text)
    Z34_Fx_RES                               0x080080ef   Thumb Code    74  driver_cs1258.o(.text)
    Z43_Fx_RES                               0x08008139   Thumb Code    46  driver_cs1258.o(.text)
    Z12_Fx_RES                               0x08008167   Thumb Code    34  driver_cs1258.o(.text)
    Z21_Fx_RES                               0x08008189   Thumb Code    46  driver_cs1258.o(.text)
    Z13_Fx_RES                               0x080081b7   Thumb Code    34  driver_cs1258.o(.text)
    Z14_Fx_RES                               0x080081d9   Thumb Code    34  driver_cs1258.o(.text)
    Z23_Fx_RES                               0x080081fb   Thumb Code    34  driver_cs1258.o(.text)
    Z24_Fx_RES                               0x0800821d   Thumb Code    34  driver_cs1258.o(.text)
    Body_Part_RES                            0x0800823f   Thumb Code   264  driver_cs1258.o(.text)
    CLR_Z34_Fx_RES                           0x08008347   Thumb Code    10  driver_cs1258.o(.text)
    CLR_Z12_Fx_RES                           0x08008351   Thumb Code    10  driver_cs1258.o(.text)
    CLR_Z13_Fx_RES                           0x0800835b   Thumb Code    10  driver_cs1258.o(.text)
    CLR_Z14_Fx_RES                           0x08008365   Thumb Code    10  driver_cs1258.o(.text)
    CLR_Z23_Fx_RES                           0x0800836f   Thumb Code    10  driver_cs1258.o(.text)
    CLR_Z24_Fx_RES                           0x08008379   Thumb Code    10  driver_cs1258.o(.text)
    judge_posture                            0x08008383   Thumb Code   170  driver_cs1258.o(.text)
    CalRes                                   0x0800842d   Thumb Code   684  driver_cs1258.o(.text)
    GetLegF1                                 0x080086d9   Thumb Code   306  driver_cs1258.o(.text)
    GetHandF1                                0x0800880b   Thumb Code   304  driver_cs1258.o(.text)
    GetBodyF1                                0x0800893b   Thumb Code   766  driver_cs1258.o(.text)
    GetBodyRes                               0x08008c39   Thumb Code    78  driver_cs1258.o(.text)
    CalK                                     0x08008c87   Thumb Code   146  driver_cs1258.o(.text)
    CalKLegF1                                0x08008d19   Thumb Code   422  driver_cs1258.o(.text)
    CalKHandF1                               0x08008ebf   Thumb Code   374  driver_cs1258.o(.text)
    Parm_Rational                            0x08009035   Thumb Code   128  driver_cs1258.o(.text)
    Calibrate_K                              0x080090b5   Thumb Code    74  driver_cs1258.o(.text)
    _CS1258bug                               0x080090ff   Thumb Code    44  driver_cs1258.o(.text)
    Clr_All_Block_Ram                        0x08009165   Thumb Code    60  addr_map.o(.text)
    Clr_UserBIAPart_Ram                      0x080091a1   Thumb Code    12  addr_map.o(.text)
    Clr_Analysis_Ram                         0x080091ad   Thumb Code    12  addr_map.o(.text)
    Clr_ADCVal_Ram                           0x080091b9   Thumb Code    14  addr_map.o(.text)
    Clr_RESVal_Ram                           0x080091c7   Thumb Code    12  addr_map.o(.text)
    Clr_UsrInfo_ResF1                        0x080091d3   Thumb Code     2  addr_map.o(.text)
    analysis_parm                            0x080091f1   Thumb Code  2814  analysis.o(.text)
    CS125X_XLCL_Initial_Per                  0x08009cef   Thumb Code    94  analysis.o(.text)
    HRI                                      0x08009d4d   Thumb Code   132  analysis.o(.text)
    eb_switch_uartcmd                        0x08009e15   Thumb Code    72  eb_parse.o(.text)
    eb_parse_cmd                             0x08009e5d   Thumb Code    80  eb_parse.o(.text)
    eb_dealwith_queue                        0x08009ead   Thumb Code    28  eb_parse.o(.text)
    lib_parse_find_head                      0x08009ecd   Thumb Code    58  lib_parse.o(.text)
    lib_parse_find_len                       0x08009f07   Thumb Code    82  lib_parse.o(.text)
    lib_parse_check_xor                      0x08009f59   Thumb Code    78  lib_parse.o(.text)
    Medfilt3                                 0x08009fa9   Thumb Code   170  br_hr.o(.text)
    Medfilt1                                 0x0800a053   Thumb Code   150  br_hr.o(.text)
    SampleBaseGet                            0x0800a0e9   Thumb Code    26  br_hr.o(.text)
    HighPassFilter_Ecg                       0x0800a103   Thumb Code   260  br_hr.o(.text)
    LowPassFilter_Ecg_m                      0x0800a207   Thumb Code   252  br_hr.o(.text)
    LowPassFilter_Ecg                        0x0800a303   Thumb Code   316  br_hr.o(.text)
    SmoothFilt2                              0x0800a43f   Thumb Code   114  br_hr.o(.text)
    IntegralProcess                          0x0800a4b1   Thumb Code    66  br_hr.o(.text)
    ThreePointJudge                          0x0800a4f3   Thumb Code   132  br_hr.o(.text)
    HRFindWavePeak                           0x0800a577   Thumb Code   582  br_hr.o(.text)
    EcgAverage                               0x0800a7bd   Thumb Code   450  br_hr.o(.text)
    HRTimeProcess                            0x0800a97f   Thumb Code   302  br_hr.o(.text)
    HRCalculateRate                          0x0800aaad   Thumb Code   132  br_hr.o(.text)
    EcgRateCalculate                         0x0800ab31   Thumb Code   110  br_hr.o(.text)
    Alg_Initial                              0x0800ab9f   Thumb Code   462  br_hr.o(.text)
    BR_HR_Algorithm                          0x0800ad6d   Thumb Code    56  br_hr.o(.text)
    CS125X_XLCL_Initial                      0x0800ada5   Thumb Code    26  br_hr.o(.text)
    CS125X_XLCL_MODE                         0x0800adbf   Thumb Code   102  br_hr.o(.text)
    C_GS2                                    0x0800aea1   Thumb Code    16  cs_bias_v4.3.3.o(.text)
    C_GS1                                    0x0800aeb1   Thumb Code   180  cs_bias_v4.3.3.o(.text)
    C_BFR                                    0x0800af65   Thumb Code    94  cs_bias_v4.3.3.o(.text)
    C_SLM                                    0x0800afc3   Thumb Code    62  cs_bias_v4.3.3.o(.text)
    C_MSW                                    0x0800b001   Thumb Code    62  cs_bias_v4.3.3.o(.text)
    C_TFR                                    0x0800b03f   Thumb Code   100  cs_bias_v4.3.3.o(.text)
    C_SMM                                    0x0800b0a3   Thumb Code    62  cs_bias_v4.3.3.o(.text)
    C_BMR                                    0x0800b0e1   Thumb Code    60  cs_bias_v4.3.3.o(.text)
    C_VFR                                    0x0800b11d   Thumb Code   116  cs_bias_v4.3.3.o(.text)
    C_Body_Age                               0x0800b191   Thumb Code    68  cs_bias_v4.3.3.o(.text)
    C_BMI                                    0x0800b1d5   Thumb Code    38  cs_bias_v4.3.3.o(.text)
    C_Score                                  0x0800b1fb   Thumb Code  1228  cs_bias_v4.3.3.o(.text)
    C_BW                                     0x0800b6c7   Thumb Code    52  cs_bias_v4.3.3.o(.text)
    C_BFR_RA                                 0x0800b6fb   Thumb Code    64  cs_bias_v4.3.3.o(.text)
    C_BFR_LA                                 0x0800b73b   Thumb Code   310  cs_bias_v4.3.3.o(.text)
    C_BFR_RL                                 0x0800b871   Thumb Code    68  cs_bias_v4.3.3.o(.text)
    C_BFR_LL                                 0x0800b8b5   Thumb Code    72  cs_bias_v4.3.3.o(.text)
    C_BFR_TR                                 0x0800b8fd   Thumb Code   250  cs_bias_v4.3.3.o(.text)
    C_SLM_RA                                 0x0800b9f7   Thumb Code    68  cs_bias_v4.3.3.o(.text)
    C_SLM_LA                                 0x0800ba3b   Thumb Code    68  cs_bias_v4.3.3.o(.text)
    C_SLM_RL                                 0x0800ba7f   Thumb Code    74  cs_bias_v4.3.3.o(.text)
    C_SLM_LL                                 0x0800bac9   Thumb Code    74  cs_bias_v4.3.3.o(.text)
    C_SLM_TR                                 0x0800bb13   Thumb Code   248  cs_bias_v4.3.3.o(.text)
    C_WL                                     0x0800bc0b   Thumb Code   412  cs_bias_v4.3.3.o(.text)
    C_HL                                     0x0800bda7   Thumb Code   148  cs_bias_v4.3.3.o(.text)
    C_JD_PD                                  0x0800be3b   Thumb Code  1058  cs_bias_v4.3.3.o(.text)
    C_BIAS_V433                              0x0800c25d   Thumb Code  2374  cs_bias_v4.3.3.o(.text)
    __aeabi_uidiv                            0x0800cbc1   Thumb Code     0  uidiv.o(.text)
    __aeabi_uidivmod                         0x0800cbc1   Thumb Code    44  uidiv.o(.text)
    __aeabi_idiv                             0x0800cbed   Thumb Code     0  idiv.o(.text)
    __aeabi_idivmod                          0x0800cbed   Thumb Code    40  idiv.o(.text)
    __aeabi_memcpy                           0x0800cc15   Thumb Code    36  memcpya.o(.text)
    __aeabi_memcpy4                          0x0800cc15   Thumb Code     0  memcpya.o(.text)
    __aeabi_memcpy8                          0x0800cc15   Thumb Code     0  memcpya.o(.text)
    __aeabi_memset                           0x0800cc39   Thumb Code    14  memseta.o(.text)
    __aeabi_memset4                          0x0800cc39   Thumb Code     0  memseta.o(.text)
    __aeabi_memset8                          0x0800cc39   Thumb Code     0  memseta.o(.text)
    __aeabi_memclr                           0x0800cc47   Thumb Code     4  memseta.o(.text)
    __aeabi_memclr4                          0x0800cc47   Thumb Code     0  memseta.o(.text)
    __aeabi_memclr8                          0x0800cc47   Thumb Code     0  memseta.o(.text)
    _memset$wrapper                          0x0800cc4b   Thumb Code    18  memseta.o(.text)
    __aeabi_dadd                             0x0800cc5d   Thumb Code   328  dadd.o(.text)
    __aeabi_dsub                             0x0800cda5   Thumb Code    12  dadd.o(.text)
    __aeabi_drsub                            0x0800cdb1   Thumb Code    12  dadd.o(.text)
    __aeabi_dmul                             0x0800cdc1   Thumb Code   202  dmul.o(.text)
    __aeabi_ddiv                             0x0800ce91   Thumb Code   234  ddiv.o(.text)
    __ARM_scalbn                             0x0800cf81   Thumb Code    44  dscalb.o(.text)
    scalbn                                   0x0800cf81   Thumb Code     0  dscalb.o(.text)
    __aeabi_i2d                              0x0800cfad   Thumb Code    34  dflti.o(.text)
    __aeabi_ui2d                             0x0800cfd5   Thumb Code    24  dfltui.o(.text)
    __aeabi_d2iz                             0x0800cff1   Thumb Code    62  dfixi.o(.text)
    __aeabi_d2uiz                            0x0800d039   Thumb Code    50  dfixui.o(.text)
    __aeabi_cdcmpeq                          0x0800d075   Thumb Code     0  cdcmple.o(.text)
    __aeabi_cdcmple                          0x0800d075   Thumb Code    38  cdcmple.o(.text)
    __aeabi_cdrcmple                         0x0800d09d   Thumb Code    38  cdrcmple.o(.text)
    __aeabi_llsl                             0x0800d0c5   Thumb Code    32  llshl.o(.text)
    _ll_shift_l                              0x0800d0c5   Thumb Code     0  llshl.o(.text)
    __aeabi_llsr                             0x0800d0e5   Thumb Code    34  llushr.o(.text)
    _ll_ushift_r                             0x0800d0e5   Thumb Code     0  llushr.o(.text)
    __aeabi_lasr                             0x0800d107   Thumb Code    38  llsshr.o(.text)
    _ll_sshift_r                             0x0800d107   Thumb Code     0  llsshr.o(.text)
    __I$use$fp                               0x0800d12d   Thumb Code     0  iusefp.o(.text)
    _double_round                            0x0800d12d   Thumb Code    26  depilogue.o(.text)
    _double_epilogue                         0x0800d147   Thumb Code   164  depilogue.o(.text)
    __scatterload                            0x0800d1ed   Thumb Code    28  init.o(.text)
    __scatterload_rt2                        0x0800d1ed   Thumb Code     0  init.o(.text)
    __decompress                             0x0800d211   Thumb Code     0  __dczerorl2.o(.text)
    __decompress1                            0x0800d211   Thumb Code    86  __dczerorl2.o(.text)
    __ARM_clz                                0x0800d267   Thumb Code    46  depilogue.o(i.__ARM_clz)
    __ARM_common_switch8                     0x0800d295   Thumb Code    28  driver_cs1258.o(i.__ARM_common_switch8)
    __scatterload_copy                       0x0800d2b1   Thumb Code    14  handlers.o(i.__scatterload_copy)
    __scatterload_null                       0x0800d2bf   Thumb Code     2  handlers.o(i.__scatterload_null)
    __scatterload_zeroinit                   0x0800d2c1   Thumb Code    14  handlers.o(i.__scatterload_zeroinit)
    check_bt_cmd                             0x0800d2ce   Data           4  driver_csm92p10.o(.constdata)
    reset_bt_cmd                             0x0800d2d2   Data           4  driver_csm92p10.o(.constdata)
    adv_bt_cmd                               0x0800d2d6   Data           5  driver_csm92p10.o(.constdata)
    sleep_bt_cmd                             0x0800d2db   Data           5  driver_csm92p10.o(.constdata)
    Region$$Table$$Base                      0x0800d2e0   Number         0  anon$$obj.o(Region$$Table)
    Region$$Table$$Limit                     0x0800d300   Number         0  anon$$obj.o(Region$$Table)
    SystemCoreClock                          0x20000014   Data           4  system_stm32f0xx.o(.data)
    AHBPrescTable                            0x20000018   Data          16  system_stm32f0xx.o(.data)
    t                                        0x20000028   Data           4  usart.o(.data)
    s                                        0x2000002c   Data           4  usart.o(.data)
    tim_cnt                                  0x20000030   Data           1  csm37f59.o(.data)
    sta_flg                                  0x20000031   Data           1  csm37f59.o(.data)
    mes_flg                                  0x20000032   Data           1  csm37f59.o(.data)
    calres_flg                               0x20000033   Data           1  csm37f59.o(.data)
    calhr_flg                                0x20000034   Data           1  csm37f59.o(.data)
    mt_status                                0x20000035   Data           1  csm37f59.o(.data)
    premt_status                             0x20000036   Data           1  csm37f59.o(.data)
    bh_val                                   0x20000037   Data           1  csm37f59.o(.data)
    cal_err                                  0x20000038   Data           1  csm37f59.o(.data)
    sleep_cnt                                0x2000003a   Data           2  sleep.o(.data)
    addr_mat                                 0x2000003c   Data           1  sleep.o(.data)
    ble_rtc                                  0x2000003d   Data           7  ble_parse.o(.data)
    blestatus                                0x20000044   Data           1  driver_csm92p10.o(.data)
    done                                     0x20000045   Data           1  driver_csm92p10.o(.data)
    app_mes                                  0x20000046   Data           1  driver_csm92p10.o(.data)
    app_calres                               0x20000047   Data           1  driver_csm92p10.o(.data)
    app_calhr                                0x20000048   Data           1  driver_csm92p10.o(.data)
    ack_flg                                  0x20000049   Data           1  driver_csm92p10.o(.data)
    result_ack_flg                           0x2000004a   Data           1  driver_csm92p10.o(.data)
    all_result_pkg                           0x2000004b   Data           1  driver_csm92p10.o(.data)
    cur_result_pkg                           0x2000004c   Data           1  driver_csm92p10.o(.data)
    x                                        0x2000004d   Data           1  driver_csm92p10.o(.data)
    x1                                       0x2000004e   Data           1  driver_csm92p10.o(.data)
    SlaveAddr                                0x20000054   Data           2  lib_myiic.o(.data)
    SlaveAddrLen                             0x20000056   Data           1  lib_myiic.o(.data)
    SubAddr                                  0x20000058   Data           2  lib_myiic.o(.data)
    SubAddrLen                               0x2000005a   Data           1  lib_myiic.o(.data)
    IICLen                                   0x2000005c   Data           2  lib_myiic.o(.data)
    BIA_FLAG                                 0x20000060   Data           4  driver_cs1258.o(.data)
    BIA_Pointer                              0x20000064   Data           1  driver_cs1258.o(.data)
    waste_times                              0x20000065   Data           1  driver_cs1258.o(.data)
    all_times                                0x20000066   Data           1  driver_cs1258.o(.data)
    read_times                               0x20000067   Data           1  driver_cs1258.o(.data)
    out_times                                0x20000068   Data           1  driver_cs1258.o(.data)
    lastADC                                  0x2000006c   Data           4  driver_cs1258.o(.data)
    currentADC                               0x20000070   Data           4  driver_cs1258.o(.data)
    sumADC                                   0x20000074   Data           4  driver_cs1258.o(.data)
    temp_avg                                 0x20000078   Data           2  driver_cs1258.o(.data)
    temp_res                                 0x2000007a   Data           2  driver_cs1258.o(.data)
    fk_val                                   0x2000007c   Data           2  driver_cs1258.o(.data)
    tab                                      0x2000007e   Data          20  driver_cs1258.o(.data)
    freq                                     0x20000092   Data           3  driver_cs1258.o(.data)
    f_cnt                                    0x20000095   Data           1  driver_cs1258.o(.data)
    test_sta                                 0x20000096   Data           1  driver_cs1258.o(.data)
    wait_out                                 0x20000097   Data           1  driver_cs1258.o(.data)
    EquInfo                                  0x20000098   Data           4  addr_map.o(.data)
    UsrInfo                                  0x2000009c   Data           4  addr_map.o(.data)
    addr_flag                                0x200000a0   Data           1  addr_map.o(.data)
    B_SP_Mode                                0x200000a2   Data           1  analysis.o(.data)
    B_SEX                                    0x200000a3   Data           1  analysis.o(.data)
    B_Age                                    0x200000a4   Data           1  analysis.o(.data)
    B_H                                      0x200000a6   Data           2  analysis.o(.data)
    B_Wt                                     0x200000a8   Data           2  analysis.o(.data)
    B_Z_12                                   0x200000aa   Data           2  analysis.o(.data)
    B_Z_13                                   0x200000ac   Data           2  analysis.o(.data)
    B_Z_14                                   0x200000ae   Data           2  analysis.o(.data)
    B_Z_23                                   0x200000b0   Data           2  analysis.o(.data)
    B_Z_24                                   0x200000b2   Data           2  analysis.o(.data)
    B_Z_34                                   0x200000b4   Data           2  analysis.o(.data)
    gMedPoint2                               0x20000173   Data           1  br_hr.o(.data)
    gMedPoint                                0x20000174   Data           1  br_hr.o(.data)
    gPulseRateHR                             0x20000197   Data           1  br_hr.o(.data)
    B_HRtest_time                            0x200001a0   Data           4  br_hr.o(.data)
    B_temp_XLCL                              0x200001a4   Data           4  br_hr.o(.data)
    gconter                                  0x200001a8   Data           1  br_hr.o(.data)
    B_MA                                     0x200001b0   Data           1  cs_bias_v4.3.3.o(.data)
    B_SBC                                    0x200001b1   Data           1  cs_bias_v4.3.3.o(.data)
    B_BMR                                    0x200001b2   Data           2  cs_bias_v4.3.3.o(.data)
    B_BFP                                    0x200001b8   Data           8  cs_bias_v4.3.3.o(.data)
    B_SLM                                    0x200001c0   Data           8  cs_bias_v4.3.3.o(.data)
    B_BMC                                    0x200001c8   Data           8  cs_bias_v4.3.3.o(.data)
    B_BWP                                    0x200001d0   Data           8  cs_bias_v4.3.3.o(.data)
    B_PP                                     0x200001d8   Data           8  cs_bias_v4.3.3.o(.data)
    B_SMM                                    0x200001e0   Data           8  cs_bias_v4.3.3.o(.data)
    B_VFR                                    0x200001e8   Data           8  cs_bias_v4.3.3.o(.data)
    B_BW                                     0x200001f0   Data           8  cs_bias_v4.3.3.o(.data)
    B_BMI                                    0x200001f8   Data           8  cs_bias_v4.3.3.o(.data)
    B_MC                                     0x20000200   Data           8  cs_bias_v4.3.3.o(.data)
    B_WC                                     0x20000208   Data           8  cs_bias_v4.3.3.o(.data)
    B_FC                                     0x20000210   Data           8  cs_bias_v4.3.3.o(.data)
    B_RAFP                                   0x20000218   Data           8  cs_bias_v4.3.3.o(.data)
    B_LAFP                                   0x20000220   Data           8  cs_bias_v4.3.3.o(.data)
    B_RLFP                                   0x20000228   Data           8  cs_bias_v4.3.3.o(.data)
    B_LLFP                                   0x20000230   Data           8  cs_bias_v4.3.3.o(.data)
    B_TFP                                    0x20000238   Data           8  cs_bias_v4.3.3.o(.data)
    B_RAMM                                   0x20000240   Data           8  cs_bias_v4.3.3.o(.data)
    B_LAMM                                   0x20000248   Data           8  cs_bias_v4.3.3.o(.data)
    B_RLMM                                   0x20000250   Data           8  cs_bias_v4.3.3.o(.data)
    B_LLMM                                   0x20000258   Data           8  cs_bias_v4.3.3.o(.data)
    B_TMM                                    0x20000260   Data           8  cs_bias_v4.3.3.o(.data)
    B_WHR                                    0x20000268   Data           8  cs_bias_v4.3.3.o(.data)
    B_PM                                     0x20000270   Data           8  cs_bias_v4.3.3.o(.data)
    a_res                                    0x20000278   Data          16  csm37f59.o(.bss)
    btrx_fifo                                0x20000288   Data          12  ble_parse.o(.bss)
    btrx_arr                                 0x20000294   Data         128  ble_parse.o(.bss)
    TxBleData                                0x20000314   Data          30  driver_csm92p10.o(.bss)
    BIM_Init                                 0x20000332   Data          11  driver_cs1258.o(.bss)
    EquMent                                  0x2000033e   Data          14  addr_map.o(.bss)
    UsrBIAP                                  0x2000034c   Data          52  addr_map.o(.bss)
    Analys                                   0x20000380   Data          85  addr_map.o(.bss)
    ADCVal                                   0x200003d6   Data          36  addr_map.o(.bss)
    RESVal                                   0x200003fa   Data          44  addr_map.o(.bss)
    ebrx_fifo                                0x20000428   Data          12  eb_parse.o(.bss)
    ebrx_arr                                 0x20000434   Data         128  eb_parse.o(.bss)
    MedData2                                 0x20000a54   Data          12  br_hr.o(.bss)
    MedData                                  0x20000a60   Data          28  br_hr.o(.bss)
    __initial_sp                             0x20000ea8   Data           0  startup_stm32f0xx.o(STACK)



==============================================================================

Memory Map of the image

  Image Entry point : 0x080000c1

  Load Region LR_IROM1 (Base: 0x08000000, Size: 0x0000d578, Max: 0x00010000, ABSOLUTE, COMPRESSED[0x0000d3b4])

    Execution Region ER_IROM1 (Exec base: 0x08000000, Load base: 0x08000000, Size: 0x0000d300, Max: 0x00010000, ABSOLUTE)

    Exec Addr    Load Addr    Size         Type   Attr      Idx    E Section Name        Object

    0x08000000   0x08000000   0x000000c0   Data   RO            3    RESET               startup_stm32f0xx.o
    0x080000c0   0x080000c0   0x00000000   Code   RO         1172  * .ARM.Collect$$$$00000000  mc_p.l(entry.o)
    0x080000c0   0x080000c0   0x00000004   Code   RO         1205    .ARM.Collect$$$$00000001  mc_p.l(entry2.o)
    0x080000c4   0x080000c4   0x00000004   Code   RO         1208    .ARM.Collect$$$$00000004  mc_p.l(entry5.o)
    0x080000c8   0x080000c8   0x00000000   Code   RO         1210    .ARM.Collect$$$$00000008  mc_p.l(entry7b.o)
    0x080000c8   0x080000c8   0x00000000   Code   RO         1212    .ARM.Collect$$$$0000000A  mc_p.l(entry8b.o)
    0x080000c8   0x080000c8   0x00000008   Code   RO         1213    .ARM.Collect$$$$0000000B  mc_p.l(entry9a.o)
    0x080000d0   0x080000d0   0x00000000   Code   RO         1215    .ARM.Collect$$$$0000000D  mc_p.l(entry10a.o)
    0x080000d0   0x080000d0   0x00000000   Code   RO         1217    .ARM.Collect$$$$0000000F  mc_p.l(entry11a.o)
    0x080000d0   0x080000d0   0x00000004   Code   RO         1206    .ARM.Collect$$$$00002712  mc_p.l(entry2.o)
    0x080000d4   0x080000d4   0x00000002   Code   RO          656    .emb_text           stm32f0xx_it.o
    0x080000d6   0x080000d6   0x00000002   PAD
    0x080000d8   0x080000d8   0x00000058   Code   RO            4    .text               startup_stm32f0xx.o
    0x08000130   0x08000130   0x000002ec   Code   RO           12    .text               stm32f0xx_adc.o
    0x0800041c   0x0800041c   0x00000a88   Code   RO          124    .text               stm32f0xx_can.o
    0x08000ea4   0x08000ea4   0x00000150   Code   RO          144    .text               stm32f0xx_cec.o
    0x08000ff4   0x08000ff4   0x000000e8   Code   RO          164    .text               stm32f0xx_comp.o
    0x080010dc   0x080010dc   0x000001a0   Code   RO          204    .text               stm32f0xx_crs.o
    0x0800127c   0x0800127c   0x00000210   Code   RO          224    .text               stm32f0xx_dac.o
    0x0800148c   0x0800148c   0x000000f8   Code   RO          284    .text               stm32f0xx_exti.o
    0x08001584   0x08001584   0x000006b0   Code   RO          304    .text               stm32f0xx_flash.o
    0x08001c34   0x08001c34   0x0000020c   Code   RO          324    .text               stm32f0xx_gpio.o
    0x08001e40   0x08001e40   0x00000496   Code   RO          344    .text               stm32f0xx_i2c.o
    0x080022d6   0x080022d6   0x00000002   PAD
    0x080022d8   0x080022d8   0x000000b4   Code   RO          384    .text               stm32f0xx_misc.o
    0x0800238c   0x0800238c   0x00000150   Code   RO          404    .text               stm32f0xx_pwr.o
    0x080024dc   0x080024dc   0x00000744   Code   RO          424    .text               stm32f0xx_rcc.o
    0x08002c20   0x08002c20   0x00000c40   Code   RO          446    .text               stm32f0xx_rtc.o
    0x08003860   0x08003860   0x000003bc   Code   RO          466    .text               stm32f0xx_spi.o
    0x08003c1c   0x08003c1c   0x0000011c   Code   RO          486    .text               stm32f0xx_syscfg.o
    0x08003d38   0x08003d38   0x00000c00   Code   RO          506    .text               stm32f0xx_tim.o
    0x08004938   0x08004938   0x00000612   Code   RO          526    .text               stm32f0xx_usart.o
    0x08004f4a   0x08004f4a   0x00000002   PAD
    0x08004f4c   0x08004f4c   0x00000094   Code   RO          546    .text               stm32f0xx_wwdg.o
    0x08004fe0   0x08004fe0   0x00000278   Code   RO          566    .text               main.o
    0x08005258   0x08005258   0x000000f0   Code   RO          657    .text               stm32f0xx_it.o
    0x08005348   0x08005348   0x000001fc   Code   RO          680    .text               system_stm32f0xx.o
    0x08005544   0x08005544   0x000002d4   Code   RO          706    .text               usart.o
    0x08005818   0x08005818   0x00000058   Code   RO          729    .text               timer.o
    0x08005870   0x08005870   0x00000440   Code   RO          749    .text               csm37f59.o
    0x08005cb0   0x08005cb0   0x00000268   Code   RO          776    .text               sleep.o
    0x08005f18   0x08005f18   0x00000004   Code   RO          802    .text               wdt.o
    0x08005f1c   0x08005f1c   0x00000128   Code   RO          822    .text               flash.o
    0x08006044   0x08006044   0x0000010e   Code   RO          842    .text               lib_queue.o
    0x08006152   0x08006152   0x00000002   PAD
    0x08006154   0x08006154   0x0000023c   Code   RO          865    .text               ble_parse.o
    0x08006390   0x08006390   0x0000076c   Code   RO          892    .text               driver_csm92p10.o
    0x08006afc   0x08006afc   0x000000c8   Code   RO          920    .text               lib_delay.o
    0x08006bc4   0x08006bc4   0x000005c4   Code   RO          942    .text               lib_myiic.o
    0x08007188   0x08007188   0x00001fdc   Code   RO          983    .text               driver_cs1258.o
    0x08009164   0x08009164   0x0000008c   Code   RO         1011    .text               addr_map.o
    0x080091f0   0x080091f0   0x00000c24   Code   RO         1033    .text               analysis.o
    0x08009e14   0x08009e14   0x000000b8   Code   RO         1056    .text               eb_parse.o
    0x08009ecc   0x08009ecc   0x000000da   Code   RO         1089    .text               lib_parse.o
    0x08009fa6   0x08009fa6   0x00000002   PAD
    0x08009fa8   0x08009fa8   0x00000ef8   Code   RO         1116    .text               CS_HRI_V112.lib(br_hr.o)
    0x0800aea0   0x0800aea0   0x00001d20   Code   RO         1156    .text               CS_BIA_V433.lib(cs_bias_v4.3.3.o)
    0x0800cbc0   0x0800cbc0   0x0000002c   Code   RO         1175    .text               mc_p.l(uidiv.o)
    0x0800cbec   0x0800cbec   0x00000028   Code   RO         1177    .text               mc_p.l(idiv.o)
    0x0800cc14   0x0800cc14   0x00000024   Code   RO         1179    .text               mc_p.l(memcpya.o)
    0x0800cc38   0x0800cc38   0x00000024   Code   RO         1181    .text               mc_p.l(memseta.o)
    0x0800cc5c   0x0800cc5c   0x00000164   Code   RO         1185    .text               mf_p.l(dadd.o)
    0x0800cdc0   0x0800cdc0   0x000000d0   Code   RO         1187    .text               mf_p.l(dmul.o)
    0x0800ce90   0x0800ce90   0x000000f0   Code   RO         1189    .text               mf_p.l(ddiv.o)
    0x0800cf80   0x0800cf80   0x0000002c   Code   RO         1191    .text               mf_p.l(dscalb.o)
    0x0800cfac   0x0800cfac   0x00000028   Code   RO         1193    .text               mf_p.l(dflti.o)
    0x0800cfd4   0x0800cfd4   0x0000001c   Code   RO         1195    .text               mf_p.l(dfltui.o)
    0x0800cff0   0x0800cff0   0x00000048   Code   RO         1197    .text               mf_p.l(dfixi.o)
    0x0800d038   0x0800d038   0x0000003c   Code   RO         1199    .text               mf_p.l(dfixui.o)
    0x0800d074   0x0800d074   0x00000028   Code   RO         1201    .text               mf_p.l(cdcmple.o)
    0x0800d09c   0x0800d09c   0x00000028   Code   RO         1203    .text               mf_p.l(cdrcmple.o)
    0x0800d0c4   0x0800d0c4   0x00000020   Code   RO         1219    .text               mc_p.l(llshl.o)
    0x0800d0e4   0x0800d0e4   0x00000022   Code   RO         1221    .text               mc_p.l(llushr.o)
    0x0800d106   0x0800d106   0x00000026   Code   RO         1223    .text               mc_p.l(llsshr.o)
    0x0800d12c   0x0800d12c   0x00000000   Code   RO         1225    .text               mc_p.l(iusefp.o)
    0x0800d12c   0x0800d12c   0x000000be   Code   RO         1226    .text               mf_p.l(depilogue.o)
    0x0800d1ea   0x0800d1ea   0x00000002   PAD
    0x0800d1ec   0x0800d1ec   0x00000024   Code   RO         1230    .text               mc_p.l(init.o)
    0x0800d210   0x0800d210   0x00000056   Code   RO         1240    .text               mc_p.l(__dczerorl2.o)
    0x0800d266   0x0800d266   0x0000002e   Code   RO         1228    i.__ARM_clz         mf_p.l(depilogue.o)
    0x0800d294   0x0800d294   0x0000001c   Code   RO         1002    i.__ARM_common_switch8  driver_cs1258.o
    0x0800d2b0   0x0800d2b0   0x0000000e   Code   RO         1234    i.__scatterload_copy  mc_p.l(handlers.o)
    0x0800d2be   0x0800d2be   0x00000002   Code   RO         1235    i.__scatterload_null  mc_p.l(handlers.o)
    0x0800d2c0   0x0800d2c0   0x0000000e   Code   RO         1236    i.__scatterload_zeroinit  mc_p.l(handlers.o)
    0x0800d2ce   0x0800d2ce   0x00000012   Data   RO          894    .constdata          driver_csm92p10.o
    0x0800d2e0   0x0800d2e0   0x00000020   Data   RO         1232    Region$$Table       anon$$obj.o


    Execution Region RW_IRAM1 (Exec base: 0x20000000, Load base: 0x0800d300, Size: 0x00000ea8, Max: 0x00002000, ABSOLUTE, COMPRESSED[0x000000b4])

    Exec Addr    Load Addr    Size         Type   Attr      Idx    E Section Name        Object

    0x20000000   COMPRESSED   0x00000010   Data   RW          425    .data               stm32f0xx_rcc.o
    0x20000010   COMPRESSED   0x00000003   Data   RW          567    .data               main.o
    0x20000013   COMPRESSED   0x00000001   PAD
    0x20000014   COMPRESSED   0x00000014   Data   RW          681    .data               system_stm32f0xx.o
    0x20000028   COMPRESSED   0x00000008   Data   RW          707    .data               usart.o
    0x20000030   COMPRESSED   0x00000009   Data   RW          751    .data               csm37f59.o
    0x20000039   COMPRESSED   0x00000001   PAD
    0x2000003a   COMPRESSED   0x00000003   Data   RW          777    .data               sleep.o
    0x2000003d   COMPRESSED   0x00000007   Data   RW          867    .data               ble_parse.o
    0x20000044   COMPRESSED   0x0000000b   Data   RW          895    .data               driver_csm92p10.o
    0x2000004f   COMPRESSED   0x00000001   PAD
    0x20000050   COMPRESSED   0x00000004   Data   RW          921    .data               lib_delay.o
    0x20000054   COMPRESSED   0x0000000a   Data   RW          944    .data               lib_myiic.o
    0x2000005e   COMPRESSED   0x00000002   PAD
    0x20000060   COMPRESSED   0x00000038   Data   RW          985    .data               driver_cs1258.o
    0x20000098   COMPRESSED   0x00000009   Data   RW         1013    .data               addr_map.o
    0x200000a1   COMPRESSED   0x00000001   PAD
    0x200000a2   COMPRESSED   0x00000014   Data   RW         1034    .data               analysis.o
    0x200000b6   COMPRESSED   0x00000002   PAD
    0x200000b8   COMPRESSED   0x000000f1   Data   RW         1118    .data               CS_HRI_V112.lib(br_hr.o)
    0x200001a9   COMPRESSED   0x00000007   PAD
    0x200001b0   COMPRESSED   0x000000c8   Data   RW         1157    .data               CS_BIA_V433.lib(cs_bias_v4.3.3.o)
    0x20000278        -       0x00000010   Zero   RW          750    .bss                csm37f59.o
    0x20000288        -       0x0000008c   Zero   RW          866    .bss                ble_parse.o
    0x20000314        -       0x0000001e   Zero   RW          893    .bss                driver_csm92p10.o
    0x20000332        -       0x0000000b   Zero   RW          984    .bss                driver_cs1258.o
    0x2000033d   COMPRESSED   0x00000001   PAD
    0x2000033e        -       0x000000e8   Zero   RW         1012    .bss                addr_map.o
    0x20000426   COMPRESSED   0x00000002   PAD
    0x20000428        -       0x0000008c   Zero   RW         1057    .bss                eb_parse.o
    0x200004b4   COMPRESSED   0x00000004   PAD
    0x200004b8        -       0x000005f0   Zero   RW         1117    .bss                CS_HRI_V112.lib(br_hr.o)
    0x20000aa8        -       0x00000400   Zero   RW            1    STACK               startup_stm32f0xx.o


==============================================================================

Image component sizes


      Code (inc. data)   RO Data    RW Data    ZI Data      Debug   Object Name

       140         28          0          9        232       5952   addr_map.o
      3108        238          0         20          0       2171   analysis.o
       572         44          0          7        140       1863   ble_parse.o
      1088         66          0          9         16       4498   csm37f59.o
      8184        382          0         56         11      19885   driver_cs1258.o
      1900        146         18         11         30       5079   driver_csm92p10.o
       184          4          0          0        140       1932   eb_parse.o
       296         16          0          0          0       1620   flash.o
       200         20          0          4          0       1031   lib_delay.o
      1476         10          0         10          0       4765   lib_myiic.o
       218          0          0          0          0       1733   lib_parse.o
       270          0          0          0          0       3152   lib_queue.o
       632         58          0          3          0       2103   main.o
       616        102          0          3          0       1242   sleep.o
        88         38        192          0       1024        688   startup_stm32f0xx.o
       748         14          0          0          0     280867   stm32f0xx_adc.o
      2696         54          0          0          0       8068   stm32f0xx_can.o
       336         10          0          0          0       3412   stm32f0xx_cec.o
       232         10          0          0          0       2223   stm32f0xx_comp.o
       416          4          0          0          0       3690   stm32f0xx_crs.o
       528          8          0          0          0       4901   stm32f0xx_dac.o
       248         12          0          0          0       2255   stm32f0xx_exti.o
      1712         30          0          0          0       7793   stm32f0xx_flash.o
       524         26          0          0          0       3777   stm32f0xx_gpio.o
      1174         24          0          0          0       9986   stm32f0xx_i2c.o
       242         36          0          0          0       1924   stm32f0xx_it.o
       180         14          0          0          0       1380   stm32f0xx_misc.o
       336          8          0          0          0       2226   stm32f0xx_pwr.o
      1860         56          0         16          0       9124   stm32f0xx_rcc.o
      3136         58          0          0          0      14114   stm32f0xx_rtc.o
       956         42          0          0          0       7755   stm32f0xx_spi.o
       284          6          0          0          0       2394   stm32f0xx_syscfg.o
      3072        136          0          0          0      22965   stm32f0xx_tim.o
      1554         40          0          0          0      12026   stm32f0xx_usart.o
       148          4          0          0          0       2100   stm32f0xx_wwdg.o
       508         38          0         20          0       1667   system_stm32f0xx.o
        88          8          0          0          0        542   timer.o
       724         32          0          8          0       2538   usart.o
         4          0          0          0          0        501   wdt.o

    ----------------------------------------------------------------------
     40688       1822        242        184       1600     465942   Object Totals
         0          0         32          0          0          0   (incl. Generated)
        10          0          0          8          7          0   (incl. Padding)

    ----------------------------------------------------------------------

      Code (inc. data)   RO Data    RW Data    ZI Data      Debug   Library Member Name

      7456        992          0        200          0      13157   cs_bias_v4.3.3.o
      3832        386          0        241       1520      11880   br_hr.o
        86          0          0          0          0          0   __dczerorl2.o
         0          0          0          0          0          0   entry.o
         0          0          0          0          0          0   entry10a.o
         0          0          0          0          0          0   entry11a.o
         8          4          0          0          0          0   entry2.o
         4          0          0          0          0          0   entry5.o
         0          0          0          0          0          0   entry7b.o
         0          0          0          0          0          0   entry8b.o
         8          4          0          0          0          0   entry9a.o
        30          0          0          0          0          0   handlers.o
        40          0          0          0          0         72   idiv.o
        36          8          0          0          0         68   init.o
         0          0          0          0          0          0   iusefp.o
        32          0          0          0          0         68   llshl.o
        38          0          0          0          0         68   llsshr.o
        34          0          0          0          0         68   llushr.o
        36          0          0          0          0         60   memcpya.o
        36          0          0          0          0        100   memseta.o
        44          0          0          0          0         72   uidiv.o
        40          2          0          0          0         68   cdcmple.o
        40          2          0          0          0         68   cdrcmple.o
       356          4          0          0          0        140   dadd.o
       240          6          0          0          0         84   ddiv.o
       236          0          0          0          0        216   depilogue.o
        72         10          0          0          0         72   dfixi.o
        60         10          0          0          0         68   dfixui.o
        40          6          0          0          0         68   dflti.o
        28          4          0          0          0         68   dfltui.o
       208          6          0          0          0         88   dmul.o
        44          0          0          0          0         72   dscalb.o

    ----------------------------------------------------------------------
     13086       1444          0        448       1520      26625   Library Totals
         2          0          0          7          0          0   (incl. Padding)

    ----------------------------------------------------------------------

      Code (inc. data)   RO Data    RW Data    ZI Data      Debug   Library Name

      7456        992          0        200          0      13157   CS_BIA_V433.lib
      3832        386          0        241       1520      11880   CS_HRI_V112.lib
       432         16          0          0          0        576   mc_p.l
      1364         50          0          0          0       1012   mf_p.l

    ----------------------------------------------------------------------
     13086       1444          0        448       1520      26625   Library Totals

    ----------------------------------------------------------------------

==============================================================================


      Code (inc. data)   RO Data    RW Data    ZI Data      Debug   

     53774       3266        242        632       3120     488103   Grand Totals
     53774       3266        242        180       3120     488103   ELF Image Totals (compressed)
     53774       3266        242        180          0          0   ROM Totals

==============================================================================

    Total RO  Size (Code + RO Data)                54016 (  52.75kB)
    Total RW  Size (RW Data + ZI Data)              3752 (   3.66kB)
    Total ROM Size (Code + RO Data + RW Data)      54196 (  52.93kB)

==============================================================================

