Component: ARM Compiler 5.06 update 6 (build 750) Tool: armlink [4d35ed]

==============================================================================

Section Cross References

    startup_stm32f0xx.o(STACK) refers (Special) to heapauxi.o(.text) for __use_two_region_memory
    startup_stm32f0xx.o(HEAP) refers (Special) to heapauxi.o(.text) for __use_two_region_memory
    startup_stm32f0xx.o(RESET) refers (Special) to heapauxi.o(.text) for __use_two_region_memory
    startup_stm32f0xx.o(RESET) refers to startup_stm32f0xx.o(STACK) for __initial_sp
    startup_stm32f0xx.o(RESET) refers to startup_stm32f0xx.o(.text) for Reset_Handler
    startup_stm32f0xx.o(RESET) refers to stm32f0xx_it.o(.text) for NMI_Handler
    startup_stm32f0xx.o(RESET) refers to usart.o(.text) for USART1_IRQHandler
    startup_stm32f0xx.o(.text) refers (Special) to heapauxi.o(.text) for __use_two_region_memory
    startup_stm32f0xx.o(.text) refers to startup_stm32f0xx.o(STACK) for __initial_sp
    startup_stm32f0xx.o(.text) refers to system_stm32f0xx.o(.text) for SystemInit
    startup_stm32f0xx.o(.text) refers to __main.o(!!!main) for __main
    startup_stm32f0xx.o(.text) refers to startup_stm32f0xx.o(HEAP) for Heap_Mem
    stm32f0xx_adc.o(.text) refers to stm32f0xx_rcc.o(.text) for RCC_APB2PeriphResetCmd
    stm32f0xx_can.o(.text) refers to stm32f0xx_rcc.o(.text) for RCC_APB1PeriphResetCmd
    stm32f0xx_cec.o(.text) refers to stm32f0xx_rcc.o(.text) for RCC_APB1PeriphResetCmd
    stm32f0xx_crs.o(.text) refers to stm32f0xx_rcc.o(.text) for RCC_APB1PeriphResetCmd
    stm32f0xx_dac.o(.text) refers to stm32f0xx_rcc.o(.text) for RCC_APB1PeriphResetCmd
    stm32f0xx_gpio.o(.text) refers to stm32f0xx_rcc.o(.text) for RCC_AHBPeriphResetCmd
    stm32f0xx_i2c.o(.text) refers to stm32f0xx_rcc.o(.text) for RCC_APB1PeriphResetCmd
    stm32f0xx_pwr.o(.text) refers to stm32f0xx_rcc.o(.text) for RCC_APB1PeriphResetCmd
    stm32f0xx_rcc.o(.text) refers to aeabi_sdiv.o(.text) for __aeabi_uidivmod
    stm32f0xx_rcc.o(.text) refers to stm32f0xx_rcc.o(.data) for APBAHBPrescTable
    stm32f0xx_spi.o(.text) refers to stm32f0xx_rcc.o(.text) for RCC_APB2PeriphResetCmd
    stm32f0xx_spi.o(.text) refers to aeabi_sdiv.o(.text) for __aeabi_uidivmod
    stm32f0xx_tim.o(.text) refers to stm32f0xx_rcc.o(.text) for RCC_APB2PeriphResetCmd
    stm32f0xx_usart.o(.text) refers to stm32f0xx_rcc.o(.text) for RCC_APB2PeriphResetCmd
    stm32f0xx_usart.o(.text) refers to aeabi_sdiv.o(.text) for __aeabi_uidivmod
    stm32f0xx_wwdg.o(.text) refers to stm32f0xx_rcc.o(.text) for RCC_APB1PeriphResetCmd
    main.o(.text) refers to lib_delay.o(.text) for delay_init
    main.o(.text) refers to sleep.o(.text) for no_use_peripherals
    main.o(.text) refers to lib_queue.o(.text) for lib_init_queue
    main.o(.text) refers to usart.o(.text) for uart_init
    main.o(.text) refers to driver_cs1258.o(.text) for Reset_CS125x
    main.o(.text) refers to flash.o(.text) for User_FMC_Init
    main.o(.text) refers to addr_map.o(.text) for Clr_All_Block_Ram
    main.o(.text) refers to wdt.o(.text) for User_WDT_Init
    main.o(.text) refers to timer.o(.text) for timer3_init
    main.o(.text) refers to csm37f59.o(.text) for measure
    main.o(.text) refers to analysis.o(.text) for CS125X_XLCL_Initial_Per
    main.o(.text) refers to br_hr.o(.text) for CS125X_XLCL_Initial
    main.o(.text) refers to ble_parse.o(.text) for ble_dealwith_queue
    main.o(.text) refers to eb_parse.o(.text) for eb_dealwith_queue
    main.o(.text) refers to driver_csm92p10.o(.text) for McuToBle_Proc
    main.o(.text) refers to ble_parse.o(.bss) for btrx_arr
    main.o(.text) refers to eb_parse.o(.bss) for ebrx_arr
    main.o(.text) refers to csm37f59.o(.data) for sta_flg
    main.o(.text) refers to driver_cs1258.o(.data) for f_cnt
    main.o(.text) refers to addr_map.o(.bss) for EquMent
    main.o(.text) refers to main.o(.data) for m
    stm32f0xx_it.o(.text) refers to stm32f0xx_it.o(.emb_text) for wait
    stm32f0xx_it.o(.text) refers to stm32f0xx_adc.o(.text) for ADC_GetITStatus
    stm32f0xx_it.o(.text) refers to stm32f0xx_usart.o(.text) for USART_GetITStatus
    stm32f0xx_it.o(.text) refers to stm32f0xx_tim.o(.text) for TIM_GetITStatus
    stm32f0xx_it.o(.text) refers to stm32f0xx_exti.o(.text) for EXTI_GetITStatus
    stm32f0xx_it.o(.text) refers to stm32f0xx_gpio.o(.text) for GPIO_ReadInputDataBit
    stm32f0xx_it.o(.text) refers to driver_cs1258.o(.data) for wait_out
    stm32f0xx_it.o(.text) refers to sleep.o(.data) for sleep_cnt
    stm32f0xx_it.o(.text) refers to csm37f59.o(.data) for tim_cnt
    system_stm32f0xx.o(.text) refers to aeabi_sdiv.o(.text) for __aeabi_uidivmod
    system_stm32f0xx.o(.text) refers to system_stm32f0xx.o(.data) for SystemCoreClock
    usart.o(.text) refers to stm32f0xx_rcc.o(.text) for RCC_AHBPeriphClockCmd
    usart.o(.text) refers to stm32f0xx_gpio.o(.text) for GPIO_PinAFConfig
    usart.o(.text) refers to stm32f0xx_misc.o(.text) for NVIC_Init
[...]
    I2C_StopModeCmd                          0x08002011   Thumb Code    28  stm32f0xx_i2c.o(.text)
    I2C_DualAddressCmd                       0x0800202d   Thumb Code    28  stm32f0xx_i2c.o(.text)
    I2C_OwnAddress2Config                    0x08002049   Thumb Code    32  stm32f0xx_i2c.o(.text)
    I2C_GeneralCallCmd                       0x08002069   Thumb Code    28  stm32f0xx_i2c.o(.text)
    I2C_SlaveByteControlCmd                  0x08002085   Thumb Code    28  stm32f0xx_i2c.o(.text)
    I2C_SlaveAddressConfig                   0x080020a1   Thumb Code    20  stm32f0xx_i2c.o(.text)
    I2C_10BitAddressingModeCmd               0x080020b5   Thumb Code    28  stm32f0xx_i2c.o(.text)
    I2C_AutoEndCmd                           0x080020d1   Thumb Code    28  stm32f0xx_i2c.o(.text)
    I2C_ReloadCmd                            0x080020ed   Thumb Code    28  stm32f0xx_i2c.o(.text)
    I2C_NumberOfBytesConfig                  0x08002109   Thumb Code    28  stm32f0xx_i2c.o(.text)
    I2C_MasterRequestConfig                  0x08002125   Thumb Code    28  stm32f0xx_i2c.o(.text)
    I2C_GenerateSTART                        0x08002141   Thumb Code    28  stm32f0xx_i2c.o(.text)
    I2C_GenerateSTOP                         0x0800215d   Thumb Code    28  stm32f0xx_i2c.o(.text)
    I2C_10BitAddressHeaderCmd                0x08002179   Thumb Code    28  stm32f0xx_i2c.o(.text)
    I2C_AcknowledgeConfig                    0x08002195   Thumb Code    28  stm32f0xx_i2c.o(.text)
    I2C_GetAddressMatched                    0x080021b1   Thumb Code    14  stm32f0xx_i2c.o(.text)
    I2C_GetTransferDirection                 0x080021bf   Thumb Code    30  stm32f0xx_i2c.o(.text)
    I2C_TransferHandling                     0x080021dd   Thumb Code    38  stm32f0xx_i2c.o(.text)
    I2C_SMBusAlertCmd                        0x08002203   Thumb Code    28  stm32f0xx_i2c.o(.text)
    I2C_ClockTimeoutCmd                      0x0800221f   Thumb Code    28  stm32f0xx_i2c.o(.text)
    I2C_ExtendedClockTimeoutCmd              0x0800223b   Thumb Code    26  stm32f0xx_i2c.o(.text)
    I2C_IdleClockTimeoutCmd                  0x08002255   Thumb Code    28  stm32f0xx_i2c.o(.text)
    I2C_TimeoutAConfig                       0x08002271   Thumb Code    20  stm32f0xx_i2c.o(.text)
    I2C_TimeoutBConfig                       0x08002285   Thumb Code    26  stm32f0xx_i2c.o(.text)
    I2C_CalculatePEC                         0x0800229f   Thumb Code    28  stm32f0xx_i2c.o(.text)
    I2C_PECRequestCmd                        0x080022bb   Thumb Code    28  stm32f0xx_i2c.o(.text)
    I2C_GetPEC                               0x080022d7   Thumb Code     8  stm32f0xx_i2c.o(.text)
    I2C_ReadRegister                         0x080022df   Thumb Code    46  stm32f0xx_i2c.o(.text)
    I2C_SendData                             0x0800230d   Thumb Code     4  stm32f0xx_i2c.o(.text)
    I2C_ReceiveData                          0x08002311   Thumb Code     8  stm32f0xx_i2c.o(.text)
    I2C_DMACmd                               0x08002319   Thumb Code    20  stm32f0xx_i2c.o(.text)
    I2C_GetFlagStatus                        0x0800232d   Thumb Code    28  stm32f0xx_i2c.o(.text)
    I2C_ClearFlag                            0x08002349   Thumb Code     4  stm32f0xx_i2c.o(.text)
    I2C_GetITStatus                          0x0800234d   Thumb Code    78  stm32f0xx_i2c.o(.text)
    I2C_ClearITPendingBit                    0x0800239b   Thumb Code     4  stm32f0xx_i2c.o(.text)
    NVIC_Init                                0x080023a1   Thumb Code   106  stm32f0xx_misc.o(.text)
    NVIC_SystemLPConfig                      0x0800240b   Thumb Code    28  stm32f0xx_misc.o(.text)
    SysTick_CLKSourceConfig                  0x08002427   Thumb Code    32  stm32f0xx_misc.o(.text)
    PWR_DeInit                               0x08002455   Thumb Code    22  stm32f0xx_pwr.o(.text)
    PWR_BackupAccessCmd                      0x0800246b   Thumb Code    36  stm32f0xx_pwr.o(.text)
    PWR_PVDLevelConfig                       0x0800248f   Thumb Code    28  stm32f0xx_pwr.o(.text)
    PWR_PVDCmd                               0x080024ab   Thumb Code    32  stm32f0xx_pwr.o(.text)
    PWR_WakeUpPinCmd                         0x080024cb   Thumb Code    28  stm32f0xx_pwr.o(.text)
    PWR_EnterSleepMode                       0x080024e7   Thumb Code    28  stm32f0xx_pwr.o(.text)
    PWR_EnterSTOPMode                        0x08002503   Thumb Code    90  stm32f0xx_pwr.o(.text)
    PWR_EnterSTANDBYMode                     0x0800255d   Thumb Code    28  stm32f0xx_pwr.o(.text)
    PWR_GetFlagStatus                        0x08002579   Thumb Code    22  stm32f0xx_pwr.o(.text)
    PWR_ClearFlag                            0x0800258f   Thumb Code    14  stm32f0xx_pwr.o(.text)
    RCC_DeInit                               0x080025a5   Thumb Code   102  stm32f0xx_rcc.o(.text)
    RCC_HSEConfig                            0x0800260b   Thumb Code    12  stm32f0xx_rcc.o(.text)
    RCC_GetFlagStatus                        0x08002617   Thumb Code    68  stm32f0xx_rcc.o(.text)
    RCC_WaitForHSEStartUp                    0x0800265b   Thumb Code    60  stm32f0xx_rcc.o(.text)
    RCC_AdjustHSICalibrationValue            0x08002697   Thumb Code    26  stm32f0xx_rcc.o(.text)
    RCC_HSICmd                               0x080026b1   Thumb Code    32  stm32f0xx_rcc.o(.text)
    RCC_AdjustHSI14CalibrationValue          0x080026d1   Thumb Code    26  stm32f0xx_rcc.o(.text)
    RCC_HSI14Cmd                             0x080026eb   Thumb Code    32  stm32f0xx_rcc.o(.text)
    RCC_HSI14ADCRequestCmd                   0x0800270b   Thumb Code    32  stm32f0xx_rcc.o(.text)
    RCC_LSEConfig                            0x0800272b   Thumb Code    34  stm32f0xx_rcc.o(.text)
    RCC_LSEDriveConfig                       0x0800274d   Thumb Code    22  stm32f0xx_rcc.o(.text)
    RCC_LSICmd                               0x08002763   Thumb Code    32  stm32f0xx_rcc.o(.text)
    RCC_PLLConfig                            0x08002783   Thumb Code    30  stm32f0xx_rcc.o(.text)
    RCC_PLLCmd                               0x080027a1   Thumb Code    36  stm32f0xx_rcc.o(.text)
    RCC_HSI48Cmd                             0x080027c5   Thumb Code    36  stm32f0xx_rcc.o(.text)
    RCC_PREDIV1Config                        0x080027e9   Thumb Code    24  stm32f0xx_rcc.o(.text)
    RCC_ClockSecuritySystemCmd               0x08002801   Thumb Code    36  stm32f0xx_rcc.o(.text)
    RCC_MCOConfig                            0x08002825   Thumb Code     6  stm32f0xx_rcc.o(.text)
    RCC_SYSCLKConfig                         0x0800282b   Thumb Code    24  stm32f0xx_rcc.o(.text)
    RCC_GetSYSCLKSource                      0x08002843   Thumb Code    10  stm32f0xx_rcc.o(.text)
    RCC_HCLKConfig                           0x0800284d   Thumb Code    28  stm32f0xx_rcc.o(.text)
    RCC_PCLKConfig                           0x08002869   Thumb Code    30  stm32f0xx_rcc.o(.text)
    RCC_ADCCLKConfig                         0x08002887   Thumb Code    52  stm32f0xx_rcc.o(.text)
    RCC_CECCLKConfig                         0x080028bb   Thumb Code    22  stm32f0xx_rcc.o(.text)
    RCC_I2CCLKConfig                         0x080028d1   Thumb Code    22  stm32f0xx_rcc.o(.text)
    RCC_USARTCLKConfig                       0x080028e7   Thumb Code    68  stm32f0xx_rcc.o(.text)
    RCC_USBCLKConfig                         0x0800292b   Thumb Code    22  stm32f0xx_rcc.o(.text)
    RCC_GetClocksFreq                        0x08002941   Thumb Code   584  stm32f0xx_rcc.o(.text)
    RCC_RTCCLKConfig                         0x08002b89   Thumb Code    12  stm32f0xx_rcc.o(.text)
    RCC_RTCCLKCmd                            0x08002b95   Thumb Code    36  stm32f0xx_rcc.o(.text)
    RCC_BackupResetCmd                       0x08002bb9   Thumb Code    36  stm32f0xx_rcc.o(.text)
    RCC_AHBPeriphClockCmd                    0x08002bdd   Thumb Code    28  stm32f0xx_rcc.o(.text)
    RCC_APB2PeriphClockCmd                   0x08002bf9   Thumb Code    28  stm32f0xx_rcc.o(.text)
    RCC_APB1PeriphClockCmd                   0x08002c15   Thumb Code    28  stm32f0xx_rcc.o(.text)
    RCC_AHBPeriphResetCmd                    0x08002c31   Thumb Code    28  stm32f0xx_rcc.o(.text)
    RCC_APB2PeriphResetCmd                   0x08002c4d   Thumb Code    28  stm32f0xx_rcc.o(.text)
    RCC_APB1PeriphResetCmd                   0x08002c69   Thumb Code    28  stm32f0xx_rcc.o(.text)
    RCC_ITConfig                             0x08002c85   Thumb Code    28  stm32f0xx_rcc.o(.text)
    RCC_ClearFlag                            0x08002ca1   Thumb Code    16  stm32f0xx_rcc.o(.text)
    RCC_GetITStatus                          0x08002cb1   Thumb Code    22  stm32f0xx_rcc.o(.text)
    RCC_ClearITPendingBit                    0x08002cc7   Thumb Code     6  stm32f0xx_rcc.o(.text)
    RTC_WaitForSynchro                       0x08002ce9   Thumb Code   104  stm32f0xx_rtc.o(.text)
    RTC_EnterInitMode                        0x08002d51   Thumb Code    82  stm32f0xx_rtc.o(.text)
    RTC_DeInit                               0x08002da3   Thumb Code    98  stm32f0xx_rtc.o(.text)
    RTC_ExitInitMode                         0x08002e05   Thumb Code    14  stm32f0xx_rtc.o(.text)
    RTC_Init                                 0x08002e13   Thumb Code    84  stm32f0xx_rtc.o(.text)
    RTC_StructInit                           0x08002e67   Thumb Code    14  stm32f0xx_rtc.o(.text)
    RTC_WriteProtectionCmd                   0x08002e75   Thumb Code    24  stm32f0xx_rtc.o(.text)
    RTC_RefClockCmd                          0x08002e8d   Thumb Code    72  stm32f0xx_rtc.o(.text)
    RTC_BypassShadowCmd                      0x08002ed5   Thumb Code    48  stm32f0xx_rtc.o(.text)
    RTC_SetTime                              0x08002f3b   Thumb Code   208  stm32f0xx_rtc.o(.text)
    RTC_TimeStructInit                       0x0800300b   Thumb Code    12  stm32f0xx_rtc.o(.text)
    RTC_GetTime                              0x08003017   Thumb Code    84  stm32f0xx_rtc.o(.text)
    RTC_GetSubSecond                         0x0800306b   Thumb Code    10  stm32f0xx_rtc.o(.text)
    RTC_SetDate                              0x08003075   Thumb Code   220  stm32f0xx_rtc.o(.text)
    RTC_DateStructInit                       0x08003151   Thumb Code    14  stm32f0xx_rtc.o(.text)
    RTC_GetDate                              0x0800315f   Thumb Code    88  stm32f0xx_rtc.o(.text)
    RTC_SetAlarm                             0x080031b7   Thumb Code   210  stm32f0xx_rtc.o(.text)
    RTC_AlarmStructInit                      0x08003289   Thumb Code    22  stm32f0xx_rtc.o(.text)
    RTC_GetAlarm                             0x0800329f   Thumb Code   112  stm32f0xx_rtc.o(.text)
    RTC_AlarmCmd                             0x0800330f   Thumb Code   106  stm32f0xx_rtc.o(.text)
    RTC_AlarmSubSecondConfig                 0x08003379   Thumb Code    34  stm32f0xx_rtc.o(.text)
    RTC_GetAlarmSubSecond                    0x0800339b   Thumb Code    16  stm32f0xx_rtc.o(.text)
    RTC_WakeUpClockConfig                    0x080033ab   Thumb Code    34  stm32f0xx_rtc.o(.text)
    RTC_SetWakeUpCounter                     0x080033cd   Thumb Code    20  stm32f0xx_rtc.o(.text)
    RTC_GetWakeUpCounter                     0x080033e1   Thumb Code     8  stm32f0xx_rtc.o(.text)
    RTC_WakeUpCmd                            0x080033e9   Thumb Code   112  stm32f0xx_rtc.o(.text)
    RTC_DayLightSavingConfig                 0x08003459   Thumb Code    44  stm32f0xx_rtc.o(.text)
    RTC_GetStoreOperation                    0x08003485   Thumb Code    12  stm32f0xx_rtc.o(.text)
    RTC_OutputConfig                         0x08003491   Thumb Code    44  stm32f0xx_rtc.o(.text)
    RTC_CalibOutputCmd                       0x080034bd   Thumb Code    64  stm32f0xx_rtc.o(.text)
    RTC_CalibOutputConfig                    0x080034fd   Thumb Code    38  stm32f0xx_rtc.o(.text)
    RTC_SmoothCalibConfig                    0x08003523   Thumb Code    92  stm32f0xx_rtc.o(.text)
    RTC_TimeStampCmd                         0x0800357f   Thumb Code    56  stm32f0xx_rtc.o(.text)
    RTC_GetTimeStamp                         0x080035b7   Thumb Code   152  stm32f0xx_rtc.o(.text)
    RTC_GetTimeStampSubSecond                0x0800364f   Thumb Code     6  stm32f0xx_rtc.o(.text)
    RTC_TamperTriggerConfig                  0x08003655   Thumb Code    40  stm32f0xx_rtc.o(.text)
    RTC_TamperCmd                            0x0800367d   Thumb Code    36  stm32f0xx_rtc.o(.text)
    RTC_TamperFilterConfig                   0x080036a1   Thumb Code    28  stm32f0xx_rtc.o(.text)
    RTC_TamperSamplingFreqConfig             0x080036bd   Thumb Code    28  stm32f0xx_rtc.o(.text)
    RTC_TamperPinsPrechargeDuration          0x080036d9   Thumb Code    28  stm32f0xx_rtc.o(.text)
    RTC_TimeStampOnTamperDetectionCmd        0x080036f5   Thumb Code    40  stm32f0xx_rtc.o(.text)
    RTC_TamperPullUpCmd                      0x0800371d   Thumb Code    44  stm32f0xx_rtc.o(.text)
    RTC_WriteBackupRegister                  0x08003749   Thumb Code    26  stm32f0xx_rtc.o(.text)
    RTC_ReadBackupRegister                   0x08003763   Thumb Code    28  stm32f0xx_rtc.o(.text)
    RTC_OutputTypeConfig                     0x0800377f   Thumb Code    28  stm32f0xx_rtc.o(.text)
    RTC_SynchroShiftConfig                   0x0800379b   Thumb Code   118  stm32f0xx_rtc.o(.text)
    RTC_ITConfig                             0x08003811   Thumb Code    94  stm32f0xx_rtc.o(.text)
    RTC_GetFlagStatus                        0x0800386f   Thumb Code    34  stm32f0xx_rtc.o(.text)
    RTC_ClearFlag                            0x08003891   Thumb Code    26  stm32f0xx_rtc.o(.text)
    RTC_GetITStatus                          0x080038ab   Thumb Code    90  stm32f0xx_rtc.o(.text)
    RTC_ClearITPendingBit                    0x08003905   Thumb Code    30  stm32f0xx_rtc.o(.text)
    SPI_I2S_DeInit                           0x08003929   Thumb Code    52  stm32f0xx_spi.o(.text)
    SPI_StructInit                           0x0800395d   Thumb Code    30  stm32f0xx_spi.o(.text)
    SPI_Init                                 0x0800397b   Thumb Code    76  stm32f0xx_spi.o(.text)
    I2S_StructInit                           0x080039c7   Thumb Code    20  stm32f0xx_spi.o(.text)
    I2S_Init                                 0x080039db   Thumb Code   228  stm32f0xx_spi.o(.text)
    SPI_Cmd                                  0x08003abf   Thumb Code    26  stm32f0xx_spi.o(.text)
    SPI_TIModeCmd                            0x08003ad9   Thumb Code    26  stm32f0xx_spi.o(.text)
    I2S_Cmd                                  0x08003af3   Thumb Code    26  stm32f0xx_spi.o(.text)
    SPI_DataSizeConfig                       0x08003b0d   Thumb Code    20  stm32f0xx_spi.o(.text)
    SPI_RxFIFOThresholdConfig                0x08003b21   Thumb Code    16  stm32f0xx_spi.o(.text)
    SPI_BiDirectionalLineConfig              0x08003b31   Thumb Code    28  stm32f0xx_spi.o(.text)
    SPI_NSSInternalSoftwareConfig            0x08003b4d   Thumb Code    32  stm32f0xx_spi.o(.text)
    SPI_SSOutputCmd                          0x08003b6d   Thumb Code    24  stm32f0xx_spi.o(.text)
    SPI_NSSPulseModeCmd                      0x08003b85   Thumb Code    26  stm32f0xx_spi.o(.text)
    SPI_SendData8                            0x08003b9f   Thumb Code    10  stm32f0xx_spi.o(.text)
    SPI_I2S_SendData16                       0x08003ba9   Thumb Code     4  stm32f0xx_spi.o(.text)
    SPI_ReceiveData8                         0x08003bad   Thumb Code    12  stm32f0xx_spi.o(.text)
    SPI_I2S_ReceiveData16                    0x08003bb9   Thumb Code     6  stm32f0xx_spi.o(.text)
    SPI_CRCLengthConfig                      0x08003bbf   Thumb Code    16  stm32f0xx_spi.o(.text)
    SPI_CalculateCRC                         0x08003bcf   Thumb Code    26  stm32f0xx_spi.o(.text)
    SPI_TransmitCRC                          0x08003be9   Thumb Code    12  stm32f0xx_spi.o(.text)
    SPI_GetCRC                               0x08003bf5   Thumb Code    16  stm32f0xx_spi.o(.text)
    SPI_GetCRCPolynomial                     0x08003c05   Thumb Code     6  stm32f0xx_spi.o(.text)
    SPI_I2S_DMACmd                           0x08003c0b   Thumb Code    20  stm32f0xx_spi.o(.text)
    SPI_LastDMATransferCmd                   0x08003c1f   Thumb Code    16  stm32f0xx_spi.o(.text)
    SPI_I2S_ITConfig                         0x08003c2f   Thumb Code    34  stm32f0xx_spi.o(.text)
    SPI_GetTransmissionFIFOStatus            0x08003c51   Thumb Code    12  stm32f0xx_spi.o(.text)
    SPI_GetReceptionFIFOStatus               0x08003c5d   Thumb Code    12  stm32f0xx_spi.o(.text)
    SPI_I2S_GetFlagStatus                    0x08003c69   Thumb Code    20  stm32f0xx_spi.o(.text)
    SPI_I2S_ClearFlag                        0x08003c7d   Thumb Code     6  stm32f0xx_spi.o(.text)
    SPI_I2S_GetITStatus                      0x08003c83   Thumb Code    56  stm32f0xx_spi.o(.text)
    SYSCFG_DeInit                            0x08003ce5   Thumb Code    40  stm32f0xx_syscfg.o(.text)
    SYSCFG_MemoryRemapConfig                 0x08003d0d   Thumb Code    24  stm32f0xx_syscfg.o(.text)
    SYSCFG_DMAChannelRemapConfig             0x08003d25   Thumb Code    28  stm32f0xx_syscfg.o(.text)
    SYSCFG_I2CFastModePlusConfig             0x08003d41   Thumb Code    28  stm32f0xx_syscfg.o(.text)
    SYSCFG_IRDAEnvSelection                  0x08003d5d   Thumb Code    22  stm32f0xx_syscfg.o(.text)
    SYSCFG_EXTILineConfig                    0x08003d73   Thumb Code    66  stm32f0xx_syscfg.o(.text)
    SYSCFG_GetPendingIT                      0x08003db5   Thumb Code    20  stm32f0xx_syscfg.o(.text)
    SYSCFG_BreakConfig                       0x08003dc9   Thumb Code    12  stm32f0xx_syscfg.o(.text)
    SYSCFG_GetFlagStatus                     0x08003dd5   Thumb Code    26  stm32f0xx_syscfg.o(.text)
    SYSCFG_ClearFlag                         0x08003def   Thumb Code    12  stm32f0xx_syscfg.o(.text)
    TIM_DeInit                               0x08003e01   Thumb Code   228  stm32f0xx_tim.o(.text)
    TIM_TimeBaseInit                         0x08003ee5   Thumb Code    90  stm32f0xx_tim.o(.text)
    TIM_TimeBaseStructInit                   0x08003f3f   Thumb Code    18  stm32f0xx_tim.o(.text)
    TIM_PrescalerConfig                      0x08003f51   Thumb Code     6  stm32f0xx_tim.o(.text)
    TIM_CounterModeConfig                    0x08003f57   Thumb Code    20  stm32f0xx_tim.o(.text)
    TIM_SetCounter                           0x08003f6b   Thumb Code     4  stm32f0xx_tim.o(.text)
    TIM_SetAutoreload                        0x08003f6f   Thumb Code     4  stm32f0xx_tim.o(.text)
    TIM_GetCounter                           0x08003f73   Thumb Code     6  stm32f0xx_tim.o(.text)
    TIM_GetPrescaler                         0x08003f79   Thumb Code     6  stm32f0xx_tim.o(.text)
    TIM_UpdateDisableConfig                  0x08003f7f   Thumb Code    26  stm32f0xx_tim.o(.text)
    TIM_UpdateRequestConfig                  0x08003f99   Thumb Code    26  stm32f0xx_tim.o(.text)
    TIM_ARRPreloadConfig                     0x08003fb3   Thumb Code    26  stm32f0xx_tim.o(.text)
    TIM_SelectOnePulseMode                   0x08003fcd   Thumb Code    18  stm32f0xx_tim.o(.text)
    TIM_SetClockDivision                     0x08003fdf   Thumb Code    16  stm32f0xx_tim.o(.text)
    TIM_Cmd                                  0x08003fef   Thumb Code    26  stm32f0xx_tim.o(.text)
    TIM_BDTRConfig                           0x08004009   Thumb Code    32  stm32f0xx_tim.o(.text)
    TIM_BDTRStructInit                       0x08004029   Thumb Code    18  stm32f0xx_tim.o(.text)
    TIM_CtrlPWMOutputs                       0x0800403b   Thumb Code    34  stm32f0xx_tim.o(.text)
    TIM_OC1Init                              0x0800405d   Thumb Code   122  stm32f0xx_tim.o(.text)
    TIM_OC2Init                              0x080040d7   Thumb Code   144  stm32f0xx_tim.o(.text)
    TIM_OC3Init                              0x08004167   Thumb Code   190  stm32f0xx_tim.o(.text)
    TIM_OC4Init                              0x08004225   Thumb Code    88  stm32f0xx_tim.o(.text)
    TIM_OCStructInit                         0x0800427d   Thumb Code    20  stm32f0xx_tim.o(.text)
    TIM_SelectOCxM                           0x08004291   Thumb Code    82  stm32f0xx_tim.o(.text)
    TIM_SetCompare1                          0x080042e3   Thumb Code     4  stm32f0xx_tim.o(.text)
    TIM_SetCompare2                          0x080042e7   Thumb Code     4  stm32f0xx_tim.o(.text)
    TIM_SetCompare3                          0x080042eb   Thumb Code     4  stm32f0xx_tim.o(.text)
    TIM_SetCompare4                          0x080042ef   Thumb Code     4  stm32f0xx_tim.o(.text)
    TIM_ForcedOC1Config                      0x080042f3   Thumb Code    20  stm32f0xx_tim.o(.text)
    TIM_ForcedOC2Config                      0x08004307   Thumb Code    20  stm32f0xx_tim.o(.text)
    TIM_ForcedOC3Config                      0x0800431b   Thumb Code    20  stm32f0xx_tim.o(.text)
    TIM_ForcedOC4Config                      0x0800432f   Thumb Code    20  stm32f0xx_tim.o(.text)
    TIM_CCPreloadControl                     0x08004343   Thumb Code    26  stm32f0xx_tim.o(.text)
    TIM_OC1PreloadConfig                     0x0800435d   Thumb Code    22  stm32f0xx_tim.o(.text)
    TIM_OC2PreloadConfig                     0x08004373   Thumb Code    20  stm32f0xx_tim.o(.text)
    TIM_OC3PreloadConfig                     0x08004387   Thumb Code    22  stm32f0xx_tim.o(.text)
    TIM_OC4PreloadConfig                     0x0800439d   Thumb Code    20  stm32f0xx_tim.o(.text)
    TIM_OC1FastConfig                        0x080043b1   Thumb Code    22  stm32f0xx_tim.o(.text)
    TIM_OC2FastConfig                        0x080043c7   Thumb Code    20  stm32f0xx_tim.o(.text)
    TIM_OC3FastConfig                        0x080043db   Thumb Code    22  stm32f0xx_tim.o(.text)
    TIM_OC4FastConfig                        0x080043f1   Thumb Code    20  stm32f0xx_tim.o(.text)
    TIM_ClearOC1Ref                          0x08004405   Thumb Code    22  stm32f0xx_tim.o(.text)
    TIM_ClearOC2Ref                          0x0800441b   Thumb Code    20  stm32f0xx_tim.o(.text)
    TIM_ClearOC3Ref                          0x0800442f   Thumb Code    22  stm32f0xx_tim.o(.text)
    TIM_ClearOC4Ref                          0x08004445   Thumb Code    20  stm32f0xx_tim.o(.text)
    TIM_OC1PolarityConfig                    0x08004459   Thumb Code    22  stm32f0xx_tim.o(.text)
    TIM_OC1NPolarityConfig                   0x0800446f   Thumb Code    22  stm32f0xx_tim.o(.text)
    TIM_OC2PolarityConfig                    0x08004485   Thumb Code    22  stm32f0xx_tim.o(.text)
    TIM_OC2NPolarityConfig                   0x0800449b   Thumb Code    22  stm32f0xx_tim.o(.text)
    TIM_OC3PolarityConfig                    0x080044b1   Thumb Code    20  stm32f0xx_tim.o(.text)
    TIM_OC3NPolarityConfig                   0x080044c5   Thumb Code    20  stm32f0xx_tim.o(.text)
    TIM_OC4PolarityConfig                    0x080044d9   Thumb Code    20  stm32f0xx_tim.o(.text)
    TIM_SelectOCREFClear                     0x080044ed   Thumb Code    18  stm32f0xx_tim.o(.text)
    TIM_CCxCmd                               0x080044ff   Thumb Code    30  stm32f0xx_tim.o(.text)
    TIM_CCxNCmd                              0x0800451d   Thumb Code    30  stm32f0xx_tim.o(.text)
    TIM_SelectCOM                            0x0800453b   Thumb Code    26  stm32f0xx_tim.o(.text)
    TIM_SetIC4Prescaler                      0x08004555   Thumb Code    20  stm32f0xx_tim.o(.text)
    TIM_SetIC3Prescaler                      0x080045ab   Thumb Code    18  stm32f0xx_tim.o(.text)
    TIM_SetIC2Prescaler                      0x080045ff   Thumb Code    78  stm32f0xx_tim.o(.text)
    TIM_SetIC1Prescaler                      0x0800468f   Thumb Code    18  stm32f0xx_tim.o(.text)
    TIM_ICInit                               0x080046d7   Thumb Code   112  stm32f0xx_tim.o(.text)
    TIM_ICStructInit                         0x08004747   Thumb Code    18  stm32f0xx_tim.o(.text)
    TIM_PWMIConfig                           0x08004759   Thumb Code   124  stm32f0xx_tim.o(.text)
    TIM_GetCapture1                          0x080047d5   Thumb Code     6  stm32f0xx_tim.o(.text)
    TIM_GetCapture2                          0x080047db   Thumb Code     6  stm32f0xx_tim.o(.text)
    TIM_GetCapture3                          0x080047e1   Thumb Code     6  stm32f0xx_tim.o(.text)
    TIM_GetCapture4                          0x080047e7   Thumb Code     6  stm32f0xx_tim.o(.text)
    TIM_ITConfig                             0x080047ed   Thumb Code    20  stm32f0xx_tim.o(.text)
    TIM_GenerateEvent                        0x08004801   Thumb Code     4  stm32f0xx_tim.o(.text)
    TIM_GetFlagStatus                        0x08004805   Thumb Code    20  stm32f0xx_tim.o(.text)
    TIM_ClearFlag                            0x08004819   Thumb Code     6  stm32f0xx_tim.o(.text)
    TIM_GetITStatus                          0x0800481f   Thumb Code    38  stm32f0xx_tim.o(.text)
    TIM_ClearITPendingBit                    0x08004845   Thumb Code     6  stm32f0xx_tim.o(.text)
    TIM_DMAConfig                            0x0800484b   Thumb Code    12  stm32f0xx_tim.o(.text)
    TIM_DMACmd                               0x08004857   Thumb Code    20  stm32f0xx_tim.o(.text)
    TIM_SelectCCDMA                          0x0800486b   Thumb Code    26  stm32f0xx_tim.o(.text)
    TIM_InternalClockConfig                  0x08004885   Thumb Code    12  stm32f0xx_tim.o(.text)
    TIM_SelectInputTrigger                   0x08004891   Thumb Code    22  stm32f0xx_tim.o(.text)
    TIM_ITRxExternalClockConfig              0x080048a7   Thumb Code    24  stm32f0xx_tim.o(.text)
    TIM_TIxExternalClockConfig               0x080048bf   Thumb Code    58  stm32f0xx_tim.o(.text)
    TIM_ETRConfig                            0x080048f9   Thumb Code    24  stm32f0xx_tim.o(.text)
    TIM_ETRClockMode1Config                  0x08004911   Thumb Code    48  stm32f0xx_tim.o(.text)
    TIM_ETRClockMode2Config                  0x08004941   Thumb Code    34  stm32f0xx_tim.o(.text)
    TIM_SelectOutputTrigger                  0x08004963   Thumb Code    18  stm32f0xx_tim.o(.text)
    TIM_SelectSlaveMode                      0x08004975   Thumb Code    18  stm32f0xx_tim.o(.text)
    TIM_SelectMasterSlaveMode                0x08004987   Thumb Code    18  stm32f0xx_tim.o(.text)
    TIM_EncoderInterfaceConfig               0x08004999   Thumb Code    60  stm32f0xx_tim.o(.text)
    TIM_SelectHallSensor                     0x080049d5   Thumb Code    26  stm32f0xx_tim.o(.text)
    TIM_RemapConfig                          0x080049ef   Thumb Code     6  stm32f0xx_tim.o(.text)
    USART_DeInit                             0x08004a01   Thumb Code   206  stm32f0xx_usart.o(.text)
    USART_Init                               0x08004acf   Thumb Code   226  stm32f0xx_usart.o(.text)
    USART_StructInit                         0x08004bb1   Thumb Code    24  stm32f0xx_usart.o(.text)
    USART_ClockInit                          0x08004bc9   Thumb Code    36  stm32f0xx_usart.o(.text)
    USART_ClockStructInit                    0x08004bed   Thumb Code    12  stm32f0xx_usart.o(.text)
    USART_Cmd                                0x08004bf9   Thumb Code    24  stm32f0xx_usart.o(.text)
    USART_DirectionModeCmd                   0x08004c11   Thumb Code    20  stm32f0xx_usart.o(.text)
    USART_OverSampling8Cmd                   0x08004c25   Thumb Code    28  stm32f0xx_usart.o(.text)
    USART_OneBitMethodCmd                    0x08004c41   Thumb Code    28  stm32f0xx_usart.o(.text)
    USART_MSBFirstCmd                        0x08004c5d   Thumb Code    28  stm32f0xx_usart.o(.text)
    USART_DataInvCmd                         0x08004c79   Thumb Code    28  stm32f0xx_usart.o(.text)
    USART_InvPinCmd                          0x08004c95   Thumb Code    20  stm32f0xx_usart.o(.text)
    USART_SWAPPinCmd                         0x08004ca9   Thumb Code    28  stm32f0xx_usart.o(.text)
    USART_ReceiverTimeOutCmd                 0x08004cc5   Thumb Code    28  stm32f0xx_usart.o(.text)
    USART_SetReceiverTimeOut                 0x08004ce1   Thumb Code    16  stm32f0xx_usart.o(.text)
    USART_SetPrescaler                       0x08004cf1   Thumb Code    18  stm32f0xx_usart.o(.text)
    USART_STOPModeCmd                        0x08004d03   Thumb Code    24  stm32f0xx_usart.o(.text)
    USART_StopModeWakeUpSourceConfig         0x08004d1b   Thumb Code    18  stm32f0xx_usart.o(.text)
    USART_AutoBaudRateCmd                    0x08004d2d   Thumb Code    28  stm32f0xx_usart.o(.text)
    USART_AutoBaudRateConfig                 0x08004d49   Thumb Code    18  stm32f0xx_usart.o(.text)
    USART_SendData                           0x08004d5b   Thumb Code     8  stm32f0xx_usart.o(.text)
    USART_ReceiveData                        0x08004d63   Thumb Code    10  stm32f0xx_usart.o(.text)
    USART_SetAddress                         0x08004d6d   Thumb Code    18  stm32f0xx_usart.o(.text)
    USART_MuteModeCmd                        0x08004d7f   Thumb Code    28  stm32f0xx_usart.o(.text)
    USART_MuteModeWakeUpConfig               0x08004d9b   Thumb Code    18  stm32f0xx_usart.o(.text)
    USART_AddressDetectionConfig             0x08004dad   Thumb Code    16  stm32f0xx_usart.o(.text)
    USART_LINBreakDetectLengthConfig         0x08004dbd   Thumb Code    16  stm32f0xx_usart.o(.text)
    USART_LINCmd                             0x08004dcd   Thumb Code    68  stm32f0xx_usart.o(.text)
    USART_HalfDuplexCmd                      0x08004e11   Thumb Code    24  stm32f0xx_usart.o(.text)
    USART_SetGuardTime                       0x08004e29   Thumb Code    16  stm32f0xx_usart.o(.text)
    USART_SmartCardCmd                       0x08004e39   Thumb Code    24  stm32f0xx_usart.o(.text)
    USART_SmartCardNACKCmd                   0x08004e51   Thumb Code    24  stm32f0xx_usart.o(.text)
    USART_SetAutoRetryCount                  0x08004e69   Thumb Code    20  stm32f0xx_usart.o(.text)
    USART_SetBlockLength                     0x08004e7d   Thumb Code    18  stm32f0xx_usart.o(.text)
    USART_IrDAConfig                         0x08004e8f   Thumb Code    16  stm32f0xx_usart.o(.text)
    USART_IrDACmd                            0x08004e9f   Thumb Code    24  stm32f0xx_usart.o(.text)
    USART_DECmd                              0x08004eb7   Thumb Code    28  stm32f0xx_usart.o(.text)
    USART_DEPolarityConfig                   0x08004ed3   Thumb Code    18  stm32f0xx_usart.o(.text)
    USART_SetDEAssertionTime                 0x08004ee5   Thumb Code    20  stm32f0xx_usart.o(.text)
    USART_SetDEDeassertionTime               0x08004ef9   Thumb Code    20  stm32f0xx_usart.o(.text)
    USART_DMACmd                             0x08004f0d   Thumb Code    20  stm32f0xx_usart.o(.text)
    USART_DMAReceptionErrorConfig            0x08004f21   Thumb Code    18  stm32f0xx_usart.o(.text)
    USART_ITConfig                           0x08004f33   Thumb Code    66  stm32f0xx_usart.o(.text)
    USART_RequestCmd                         0x08004f75   Thumb Code    20  stm32f0xx_usart.o(.text)
    USART_OverrunDetectionConfig             0x08004f89   Thumb Code    18  stm32f0xx_usart.o(.text)
    USART_GetFlagStatus                      0x08004f9b   Thumb Code    20  stm32f0xx_usart.o(.text)
    USART_ClearFlag                          0x08004faf   Thumb Code     4  stm32f0xx_usart.o(.text)
    USART_GetITStatus                        0x08004fb3   Thumb Code    78  stm32f0xx_usart.o(.text)
    USART_ClearITPendingBit                  0x08005001   Thumb Code    18  stm32f0xx_usart.o(.text)
    WWDG_DeInit                              0x08005015   Thumb Code    22  stm32f0xx_wwdg.o(.text)
    WWDG_SetPrescaler                        0x0800502b   Thumb Code    26  stm32f0xx_wwdg.o(.text)
    WWDG_SetWindowValue                      0x08005045   Thumb Code    34  stm32f0xx_wwdg.o(.text)
    WWDG_EnableIT                            0x08005067   Thumb Code    16  stm32f0xx_wwdg.o(.text)
    WWDG_SetCounter                          0x08005077   Thumb Code    10  stm32f0xx_wwdg.o(.text)
    WWDG_Enable                              0x08005081   Thumb Code    10  stm32f0xx_wwdg.o(.text)
    WWDG_GetFlagStatus                       0x0800508b   Thumb Code    18  stm32f0xx_wwdg.o(.text)
    WWDG_ClearFlag                           0x0800509d   Thumb Code     8  stm32f0xx_wwdg.o(.text)
    main                                     0x080050a9   Thumb Code   574  main.o(.text)
    NMI_Handler                              0x08005321   Thumb Code     2  stm32f0xx_it.o(.text)
    HardFault_Handler                        0x08005323   Thumb Code     8  stm32f0xx_it.o(.text)
    SVC_Handler                              0x0800532b   Thumb Code     2  stm32f0xx_it.o(.text)
    PendSV_Handler                           0x0800532d   Thumb Code     2  stm32f0xx_it.o(.text)
    SysTick_Handler                          0x0800532f   Thumb Code     2  stm32f0xx_it.o(.text)
    ADC1_COMP_IRQHandler                     0x08005331   Thumb Code    24  stm32f0xx_it.o(.text)
    USART3_8_IRQHandler                      0x08005349   Thumb Code    12  stm32f0xx_it.o(.text)
    TIM2_IRQHandler                          0x08005355   Thumb Code     2  stm32f0xx_it.o(.text)
    TIM3_IRQHandler                          0x08005357   Thumb Code    92  stm32f0xx_it.o(.text)
    EXTI4_15_IRQHandler                      0x080053b3   Thumb Code    58  stm32f0xx_it.o(.text)
    SystemInit                               0x080054df   Thumb Code   110  system_stm32f0xx.o(.text)
    SystemCoreClockUpdate                    0x0800554d   Thumb Code   154  system_stm32f0xx.o(.text)
    uart_init                                0x0800560d   Thumb Code   246  usart.o(.text)
    usart_rx_mode                            0x08005703   Thumb Code    24  usart.o(.text)
    uart_close                               0x0800571b   Thumb Code    90  usart.o(.text)
    UARTx_SendDate                           0x08005775   Thumb Code    60  usart.o(.text)
    USART1_IRQHandler                        0x080057b1   Thumb Code   136  usart.o(.text)
    USART2_IRQHandler                        0x08005839   Thumb Code   136  usart.o(.text)
    timer3_init                              0x080058e1   Thumb Code    80  timer.o(.text)
    setup_key_enable                         0x08005939   Thumb Code    96  csm37f59.o(.text)
    test_gpio                                0x08005999   Thumb Code    44  csm37f59.o(.text)
    setup_key_disable                        0x080059c5   Thumb Code    96  csm37f59.o(.text)
    measure                                  0x08005a25   Thumb Code   182  csm37f59.o(.text)
    resabs                                   0x08005adb   Thumb Code    16  csm37f59.o(.text)
    arr_delete                               0x08005aeb   Thumb Code    28  csm37f59.o(.text)
    arr_agv                                  0x08005b07   Thumb Code    38  csm37f59.o(.text)
    queue_a_res                              0x08005b2d   Thumb Code   316  csm37f59.o(.text)
    update_sta_flg                           0x08005c69   Thumb Code    40  csm37f59.o(.text)
    Get_BR                                   0x08005c91   Thumb Code   166  csm37f59.o(.text)
    check_sleep                              0x08005d79   Thumb Code   142  sleep.o(.text)
    no_use_peripherals                       0x08005e07   Thumb Code   372  sleep.o(.text)
    User_WDT_Init                            0x08005fe1   Thumb Code     2  wdt.o(.text)
    User_WDT_DISABLE                         0x08005fe3   Thumb Code     2  wdt.o(.text)
    User_FMC_Init                            0x08005fe5   Thumb Code     2  flash.o(.text)
    FLASH_PageWrite_halfword                 0x08005fe7   Thumb Code    58  flash.o(.text)
    FLASH_PageRead_halfword                  0x08006021   Thumb Code    10  flash.o(.text)
    load_fmc_data                            0x0800602b   Thumb Code   124  flash.o(.text)
    Cmd_WriteTypeByteToFlash                 0x080060a7   Thumb Code    86  flash.o(.text)
    lib_init_queue                           0x0800610d   Thumb Code    26  lib_queue.o(.text)
    reset_queue                              0x08006127   Thumb Code     8  lib_queue.o(.text)
    lib_queue_is_empty                       0x0800612f   Thumb Code    18  lib_queue.o(.text)
    lib_queue_is_full                        0x08006141   Thumb Code    28  lib_queue.o(.text)
    lib_get_queue_len                        0x0800615d   Thumb Code    26  lib_queue.o(.text)
    lib_en_queue                             0x08006177   Thumb Code    42  lib_queue.o(.text)
    lib_de_queue                             0x080061a1   Thumb Code    56  lib_queue.o(.text)
    lib_avg_queue                            0x080061d9   Thumb Code    66  lib_queue.o(.text)
    ble_switch_uartcmd                       0x0800621d   Thumb Code   420  ble_parse.o(.text)
    ble_parse_cmd                            0x080063c1   Thumb Code    80  ble_parse.o(.text)
    ble_dealwith_queue                       0x08006411   Thumb Code    28  ble_parse.o(.text)
    Ble_UartEnable                           0x08006459   Thumb Code    52  driver_csm92p10.o(.text)
    Ble_UartDisable                          0x0800648d   Thumb Code    50  driver_csm92p10.o(.text)
    SendDateToAPP                            0x080064bf   Thumb Code    74  driver_csm92p10.o(.text)
    cal_xor                                  0x08006509   Thumb Code    34  driver_csm92p10.o(.text)
    SendCmdToBle                             0x0800652b   Thumb Code    50  driver_csm92p10.o(.text)
    Ble_SetAdvData                           0x0800655d   Thumb Code    80  driver_csm92p10.o(.text)
    Ble_SendAppResult                        0x080065ad   Thumb Code   242  driver_csm92p10.o(.text)
    passthrough_to_ble                       0x0800669f   Thumb Code    58  driver_csm92p10.o(.text)
    Ble_SendAppCalResResult                  0x080066d9   Thumb Code    82  driver_csm92p10.o(.text)
    Ble_SendAppCalHRResult                   0x0800672b   Thumb Code    82  driver_csm92p10.o(.text)
    Ble_SendAppStatus                        0x0800677d   Thumb Code   204  driver_csm92p10.o(.text)
    Ble_SendAppAck                           0x08006849   Thumb Code   146  driver_csm92p10.o(.text)
    Ble_Init                                 0x080068db   Thumb Code    82  driver_csm92p10.o(.text)
    McuToBle_Proc                            0x0800692d   Thumb Code   574  driver_csm92p10.o(.text)
    delay_init                               0x08006bc5   Thumb Code    40  lib_delay.o(.text)
    delay_us                                 0x08006bed   Thumb Code    70  lib_delay.o(.text)
    delay_ms                                 0x08006c33   Thumb Code    70  lib_delay.o(.text)
    SDA_IN                                   0x08006c8d   Thumb Code    38  lib_myiic.o(.text)
    SDA_OUT                                  0x08006cb3   Thumb Code    36  lib_myiic.o(.text)
    IIC_Init                                 0x08006cd7   Thumb Code    68  lib_myiic.o(.text)
    IIC_close                                0x08006d1b   Thumb Code    70  lib_myiic.o(.text)
    IIC_Start                                0x08006d61   Thumb Code   114  lib_myiic.o(.text)
    IIC_Stop                                 0x08006dd3   Thumb Code    78  lib_myiic.o(.text)
    IIC_Wait_Ack                             0x08006e21   Thumb Code   102  lib_myiic.o(.text)
    IIC_Ack                                  0x08006e87   Thumb Code    86  lib_myiic.o(.text)
    IIC_NAck                                 0x08006edd   Thumb Code    84  lib_myiic.o(.text)
    IIC_Send_Byte                            0x08006f31   Thumb Code   122  lib_myiic.o(.text)
    IIC_Read_Byte                            0x08006fab   Thumb Code   116  lib_myiic.o(.text)
    IIC_WriteDate                            0x0800701f   Thumb Code   182  lib_myiic.o(.text)
    IIC_ReadDate                             0x080070d5   Thumb Code   268  lib_myiic.o(.text)
    IIC_StateCheck                           0x080071e1   Thumb Code   102  lib_myiic.o(.text)
    startCS125x                              0x08007251   Thumb Code    44  driver_cs1258.o(.text)
    stopCS125x                               0x0800727d   Thumb Code    72  driver_cs1258.o(.text)
    send1byte                                0x080072c5   Thumb Code   142  driver_cs1258.o(.text)
    read1byte                                0x08007353   Thumb Code   114  driver_cs1258.o(.text)
    SendDataToAddr                           0x080073c5   Thumb Code    32  driver_cs1258.o(.text)
    ReadAddrData                             0x080073e5   Thumb Code    28  driver_cs1258.o(.text)
    ReadADC                                  0x08007401   Thumb Code    48  driver_cs1258.o(.text)
    Rest_Communicate_Interface               0x08007431   Thumb Code    92  driver_cs1258.o(.text)
    Reset_CS125x                             0x0800748d   Thumb Code    88  driver_cs1258.o(.text)
    InitCS125x                               0x080074e5   Thumb Code   100  driver_cs1258.o(.text)
    PowerDownCS125x                          0x08007549   Thumb Code    78  driver_cs1258.o(.text)
    find_tab                                 0x08007597   Thumb Code    74  driver_cs1258.o(.text)
    tab_ref_test                             0x080075e1   Thumb Code   292  driver_cs1258.o(.text)
    BIMRegInit                               0x08007705   Thumb Code   444  driver_cs1258.o(.text)
    BIMRegCfg                                0x080078c1   Thumb Code    44  driver_cs1258.o(.text)
    Init_Parm1                               0x080078ed   Thumb Code    36  driver_cs1258.o(.text)
    ReadAvgADC                               0x08007911   Thumb Code   536  driver_cs1258.o(.text)
    Ref_Init_All                             0x08007b29   Thumb Code    40  driver_cs1258.o(.text)
    Res_Init_All                             0x08007b51   Thumb Code    52  driver_cs1258.o(.text)
    get1byte                                 0x08007b85   Thumb Code    52  driver_cs1258.o(.text)
    mov_res                                  0x08007bb9   Thumb Code   784  driver_cs1258.o(.text)
    Ref_F1                                   0x08007ec9   Thumb Code    62  driver_cs1258.o(.text)
    get2byte                                 0x08007f07   Thumb Code    42  driver_cs1258.o(.text)
    Ref_F1_ADC                               0x08007f31   Thumb Code   154  driver_cs1258.o(.text)
    GetRef01ADC                              0x08007fcb   Thumb Code    90  driver_cs1258.o(.text)
    Short_Fx_ADC                             0x08008025   Thumb Code    34  driver_cs1258.o(.text)
    Z34_Fx_ADC                               0x08008047   Thumb Code    34  driver_cs1258.o(.text)
    Z12_Fx_ADC                               0x08008069   Thumb Code    34  driver_cs1258.o(.text)
    Z13_Fx_ADC                               0x0800808b   Thumb Code    46  driver_cs1258.o(.text)
    Z14_Fx_ADC                               0x080080b9   Thumb Code    46  driver_cs1258.o(.text)
    Z23_Fx_ADC                               0x080080e7   Thumb Code    46  driver_cs1258.o(.text)
    Z24_Fx_ADC                               0x08008115   Thumb Code    46  driver_cs1258.o(.text)
    Z43_Fx_ADC                               0x08008143   Thumb Code    58  driver_cs1258.o(.text)
    Z21_Fx_ADC                               0x0800817d   Thumb Code    58  driver_cs1258.o(.text)
    Z34_Fx_RES                               0x080081b7   Thumb Code    74  driver_cs1258.o(.text)
    Z43_Fx_RES                               0x08008201   Thumb Code    46  driver_cs1258.o(.text)
    Z12_Fx_RES                               0x0800822f   Thumb Code    34  driver_cs1258.o(.text)
    Z21_Fx_RES                               0x08008251   Thumb Code    46  driver_cs1258.o(.text)
    Z13_Fx_RES                               0x0800827f   Thumb Code    34  driver_cs1258.o(.text)
    Z14_Fx_RES                               0x080082a1   Thumb Code    34  driver_cs1258.o(.text)
    Z23_Fx_RES                               0x080082c3   Thumb Code    34  driver_cs1258.o(.text)
    Z24_Fx_RES                               0x080082e5   Thumb Code    34  driver_cs1258.o(.text)
    Body_Part_RES                            0x08008307   Thumb Code   264  driver_cs1258.o(.text)
    CLR_Z34_Fx_RES                           0x0800840f   Thumb Code    10  driver_cs1258.o(.text)
    CLR_Z12_Fx_RES                           0x08008419   Thumb Code    10  driver_cs1258.o(.text)
    CLR_Z13_Fx_RES                           0x08008423   Thumb Code    10  driver_cs1258.o(.text)
    CLR_Z14_Fx_RES                           0x0800842d   Thumb Code    10  driver_cs1258.o(.text)
    CLR_Z23_Fx_RES                           0x08008437   Thumb Code    10  driver_cs1258.o(.text)
    CLR_Z24_Fx_RES                           0x08008441   Thumb Code    10  driver_cs1258.o(.text)
    judge_posture                            0x0800844b   Thumb Code   170  driver_cs1258.o(.text)
    CalRes                                   0x080084f5   Thumb Code   684  driver_cs1258.o(.text)
    GetLegF1                                 0x080087a1   Thumb Code   306  driver_cs1258.o(.text)
    GetHandF1                                0x080088d3   Thumb Code   304  driver_cs1258.o(.text)
    GetBodyF1                                0x08008a03   Thumb Code   766  driver_cs1258.o(.text)
    GetBodyRes                               0x08008d01   Thumb Code    78  driver_cs1258.o(.text)
    CalK                                     0x08008d4f   Thumb Code   146  driver_cs1258.o(.text)
    CalKLegF1                                0x08008de1   Thumb Code   422  driver_cs1258.o(.text)
    CalKHandF1                               0x08008f87   Thumb Code   374  driver_cs1258.o(.text)
    Parm_Rational                            0x080090fd   Thumb Code   128  driver_cs1258.o(.text)
    Calibrate_K                              0x0800917d   Thumb Code    74  driver_cs1258.o(.text)
    _CS1258bug                               0x080091c7   Thumb Code    44  driver_cs1258.o(.text)
    Clr_All_Block_Ram                        0x0800922d   Thumb Code    60  addr_map.o(.text)
    Clr_UserBIAPart_Ram                      0x08009269   Thumb Code    12  addr_map.o(.text)
    Clr_Analysis_Ram                         0x08009275   Thumb Code    12  addr_map.o(.text)
    Clr_ADCVal_Ram                           0x08009281   Thumb Code    14  addr_map.o(.text)
    Clr_RESVal_Ram                           0x0800928f   Thumb Code    12  addr_map.o(.text)
    Clr_UsrInfo_ResF1                        0x0800929b   Thumb Code     2  addr_map.o(.text)
    analysis_parm                            0x080092b9   Thumb Code  2814  analysis.o(.text)
    CS125X_XLCL_Initial_Per                  0x08009db7   Thumb Code    94  analysis.o(.text)
    HRI                                      0x08009e15   Thumb Code   132  analysis.o(.text)
    eb_switch_uartcmd                        0x08009edd   Thumb Code    72  eb_parse.o(.text)
    eb_parse_cmd                             0x08009f25   Thumb Code    80  eb_parse.o(.text)
    eb_dealwith_queue                        0x08009f75   Thumb Code    28  eb_parse.o(.text)
    lib_parse_find_head                      0x08009f95   Thumb Code    58  lib_parse.o(.text)
    lib_parse_find_len                       0x08009fcf   Thumb Code    82  lib_parse.o(.text)
    lib_parse_check_xor                      0x0800a021   Thumb Code    78  lib_parse.o(.text)
    Medfilt3                                 0x0800a071   Thumb Code   170  br_hr.o(.text)
    Medfilt1                                 0x0800a11b   Thumb Code   150  br_hr.o(.text)
    SampleBaseGet                            0x0800a1b1   Thumb Code    26  br_hr.o(.text)
    HighPassFilter_Ecg                       0x0800a1cb   Thumb Code   260  br_hr.o(.text)
    LowPassFilter_Ecg_m                      0x0800a2cf   Thumb Code   252  br_hr.o(.text)
    LowPassFilter_Ecg                        0x0800a3cb   Thumb Code   316  br_hr.o(.text)
    SmoothFilt2                              0x0800a507   Thumb Code   114  br_hr.o(.text)
    IntegralProcess                          0x0800a579   Thumb Code    66  br_hr.o(.text)
    ThreePointJudge                          0x0800a5bb   Thumb Code   132  br_hr.o(.text)
    HRFindWavePeak                           0x0800a63f   Thumb Code   582  br_hr.o(.text)
    EcgAverage                               0x0800a885   Thumb Code   450  br_hr.o(.text)
    HRTimeProcess                            0x0800aa47   Thumb Code   302  br_hr.o(.text)
    HRCalculateRate                          0x0800ab75   Thumb Code   132  br_hr.o(.text)
    EcgRateCalculate                         0x0800abf9   Thumb Code   110  br_hr.o(.text)
    Alg_Initial                              0x0800ac67   Thumb Code   462  br_hr.o(.text)
    BR_HR_Algorithm                          0x0800ae35   Thumb Code    56  br_hr.o(.text)
    CS125X_XLCL_Initial                      0x0800ae6d   Thumb Code    26  br_hr.o(.text)
    CS125X_XLCL_MODE                         0x0800ae87   Thumb Code   102  br_hr.o(.text)
    C_GS2                                    0x0800af69   Thumb Code    16  cs_bias_v4.3.3.o(.text)
    C_GS1                                    0x0800af79   Thumb Code   180  cs_bias_v4.3.3.o(.text)
    C_BFR                                    0x0800b02d   Thumb Code    94  cs_bias_v4.3.3.o(.text)
    C_SLM                                    0x0800b08b   Thumb Code    62  cs_bias_v4.3.3.o(.text)
    C_MSW                                    0x0800b0c9   Thumb Code    62  cs_bias_v4.3.3.o(.text)
    C_TFR                                    0x0800b107   Thumb Code   100  cs_bias_v4.3.3.o(.text)
    C_SMM                                    0x0800b16b   Thumb Code    62  cs_bias_v4.3.3.o(.text)
    C_BMR                                    0x0800b1a9   Thumb Code    60  cs_bias_v4.3.3.o(.text)
    C_VFR                                    0x0800b1e5   Thumb Code   116  cs_bias_v4.3.3.o(.text)
    C_Body_Age                               0x0800b259   Thumb Code    68  cs_bias_v4.3.3.o(.text)
    C_BMI                                    0x0800b29d   Thumb Code    38  cs_bias_v4.3.3.o(.text)
    C_Score                                  0x0800b2c3   Thumb Code  1228  cs_bias_v4.3.3.o(.text)
    C_BW                                     0x0800b78f   Thumb Code    52  cs_bias_v4.3.3.o(.text)
    C_BFR_RA                                 0x0800b7c3   Thumb Code    64  cs_bias_v4.3.3.o(.text)
    C_BFR_LA                                 0x0800b803   Thumb Code   310  cs_bias_v4.3.3.o(.text)
    C_BFR_RL                                 0x0800b939   Thumb Code    68  cs_bias_v4.3.3.o(.text)
    C_BFR_LL                                 0x0800b97d   Thumb Code    72  cs_bias_v4.3.3.o(.text)
    C_BFR_TR                                 0x0800b9c5   Thumb Code   250  cs_bias_v4.3.3.o(.text)
    C_SLM_RA                                 0x0800babf   Thumb Code    68  cs_bias_v4.3.3.o(.text)
    C_SLM_LA                                 0x0800bb03   Thumb Code    68  cs_bias_v4.3.3.o(.text)
    C_SLM_RL                                 0x0800bb47   Thumb Code    74  cs_bias_v4.3.3.o(.text)
    C_SLM_LL                                 0x0800bb91   Thumb Code    74  cs_bias_v4.3.3.o(.text)
    C_SLM_TR                                 0x0800bbdb   Thumb Code   248  cs_bias_v4.3.3.o(.text)
    C_WL                                     0x0800bcd3   Thumb Code   412  cs_bias_v4.3.3.o(.text)
    C_HL                                     0x0800be6f   Thumb Code   148  cs_bias_v4.3.3.o(.text)
    C_JD_PD                                  0x0800bf03   Thumb Code  1058  cs_bias_v4.3.3.o(.text)
    C_BIAS_V433                              0x0800c325   Thumb Code  2374  cs_bias_v4.3.3.o(.text)
    __aeabi_memcpy                           0x0800cc89   Thumb Code   130  rt_memcpy.o(.text)
    __rt_memcpy                              0x0800cc89   Thumb Code     0  rt_memcpy.o(.text)
    _memset_w                                0x0800cd0b   Thumb Code    26  rt_memclr.o(.text)
    _memset                                  0x0800cd25   Thumb Code    30  rt_memclr.o(.text)
    __aeabi_memclr                           0x0800cd43   Thumb Code     4  rt_memclr.o(.text)
    __rt_memclr                              0x0800cd43   Thumb Code     0  rt_memclr.o(.text)
    __aeabi_memclr4                          0x0800cd47   Thumb Code     0  rt_memclr.o(.text)
    __aeabi_memclr8                          0x0800cd47   Thumb Code     0  rt_memclr.o(.text)
    __rt_memclr_w                            0x0800cd47   Thumb Code     4  rt_memclr.o(.text)
    __aeabi_uidiv                            0x0800cd4b   Thumb Code     0  aeabi_sdiv.o(.text)
    __aeabi_uidivmod                         0x0800cd4b   Thumb Code    20  aeabi_sdiv.o(.text)
    __aeabi_idiv                             0x0800cd5f   Thumb Code     0  aeabi_sdiv.o(.text)
    __aeabi_idivmod                          0x0800cd5f   Thumb Code   326  aeabi_sdiv.o(.text)
    __use_two_region_memory                  0x0800cea5   Thumb Code     2  heapauxi.o(.text)
    __rt_heap_escrow$2region                 0x0800cea7   Thumb Code     2  heapauxi.o(.text)
    __rt_heap_expand$2region                 0x0800cea9   Thumb Code     2  heapauxi.o(.text)
    __aeabi_dadd                             0x0800d1a5   Thumb Code     0  daddsub.o(.text)
    _dadd                                    0x0800d1a5   Thumb Code    26  daddsub.o(.text)
    __aeabi_dsub                             0x0800d1bf   Thumb Code     0  daddsub.o(.text)
    _dsub                                    0x0800d1bf   Thumb Code    22  daddsub.o(.text)
    __aeabi_drsub                            0x0800d1d5   Thumb Code     0  daddsub.o(.text)
    _drsb                                    0x0800d1d5   Thumb Code    28  daddsub.o(.text)
    __aeabi_ddiv                             0x0800d205   Thumb Code     0  ddiv.o(.text)
    _ddiv                                    0x0800d205   Thumb Code  1072  ddiv.o(.text)
    _drdiv                                   0x0800d635   Thumb Code    20  ddiv.o(.text)
    __aeabi_d2iz                             0x0800d64d   Thumb Code     0  dfixi.o(.text)
    _dfix                                    0x0800d64d   Thumb Code    98  dfixi.o(.text)
    __aeabi_d2uiz                            0x0800d6b9   Thumb Code     0  dfixui.o(.text)
    _dfixu                                   0x0800d6b9   Thumb Code    68  dfixui.o(.text)
    __aeabi_i2d_normalise                    0x0800d701   Thumb Code    66  dflti.o(.text)
    __aeabi_i2d                              0x0800d743   Thumb Code    16  dflti.o(.text)
    _dflt                                    0x0800d743   Thumb Code     0  dflti.o(.text)
    __aeabi_ui2d                             0x0800d753   Thumb Code     6  dflti.o(.text)
    _dfltu                                   0x0800d753   Thumb Code     0  dflti.o(.text)
    __aeabi_dmul                             0x0800d759   Thumb Code     0  dmul.o(.text)
    _dmul                                    0x0800d759   Thumb Code   558  dmul.o(.text)
    __ARM_scalbn                             0x0800d9a1   Thumb Code    84  dscalbn.o(.text)
    __fpl_dcmp_InfNaN                        0x0800da01   Thumb Code   140  dcmpin.o(.text)
    __fpl_cmpreturn                          0x0800da91   Thumb Code    46  cmpret.o(.text)
    __fpl_dcheck_NaN2                        0x0800dac1   Thumb Code    14  dnan2.o(.text)
    __user_setup_stackheap                   0x0800dad5   Thumb Code    62  sys_stackheap_outer.o(.text)
    exit                                     0x0800db13   Thumb Code    16  exit.o(.text)
    __fpl_return_NaN                         0x0800db23   Thumb Code    94  retnan.o(.text)
    __user_libspace                          0x0800db81   Thumb Code     8  libspace.o(.text)
    __user_perproc_libspace                  0x0800db81   Thumb Code     0  libspace.o(.text)
    __user_perthread_libspace                0x0800db81   Thumb Code     0  libspace.o(.text)
    _sys_exit                                0x0800db89   Thumb Code     8  sys_exit.o(.text)
    __I$use$semihosting                      0x0800db95   Thumb Code     0  use_no_semi.o(.text)
    __use_no_semihosting_swi                 0x0800db95   Thumb Code     2  use_no_semi.o(.text)
    __decompress                             0x0800db97   Thumb Code     0  __dczerorl2.o(.text)
    __decompress1                            0x0800db97   Thumb Code    86  __dczerorl2.o(.text)
    __semihosting_library_function           0x0800db97   Thumb Code     0  indicate_semi.o(.text)
    __ARM_common_switch8                     0x0800dbed   Thumb Code    28  driver_cs1258.o(i.__ARM_common_switch8)
    __aeabi_cdcmple                          0x0800dc09   Thumb Code     0  dlef.o(x$fpl$dleqf)
    _dcmple                                  0x0800dc09   Thumb Code    94  dlef.o(x$fpl$dleqf)
    __aeabi_cdrcmple                         0x0800dc6d   Thumb Code     0  drlef.o(x$fpl$drleqf)
    _drcmple                                 0x0800dc6d   Thumb Code   100  drlef.o(x$fpl$drleqf)
    __I$use$fp                               0x0800dcd4   Number         0  usenofp.o(x$fpl$usenofp)
    check_bt_cmd                             0x0800dcd4   Data           4  driver_csm92p10.o(.constdata)
    reset_bt_cmd                             0x0800dcd8   Data           4  driver_csm92p10.o(.constdata)
    adv_bt_cmd                               0x0800dcdc   Data           5  driver_csm92p10.o(.constdata)
    sleep_bt_cmd                             0x0800dce1   Data           5  driver_csm92p10.o(.constdata)
    Region$$Table$$Base                      0x0800dd68   Number         0  anon$$obj.o(Region$$Table)
    Region$$Table$$Limit                     0x0800dd88   Number         0  anon$$obj.o(Region$$Table)
    SystemCoreClock                          0x20000014   Data           4  system_stm32f0xx.o(.data)
    AHBPrescTable                            0x20000018   Data          16  system_stm32f0xx.o(.data)
    t                                        0x20000028   Data           4  usart.o(.data)
    s                                        0x2000002c   Data           4  usart.o(.data)
    tim_cnt                                  0x20000030   Data           1  csm37f59.o(.data)
    sta_flg                                  0x20000031   Data           1  csm37f59.o(.data)
    mes_flg                                  0x20000032   Data           1  csm37f59.o(.data)
    calres_flg                               0x20000033   Data           1  csm37f59.o(.data)
    calhr_flg                                0x20000034   Data           1  csm37f59.o(.data)
    mt_status                                0x20000035   Data           1  csm37f59.o(.data)
    premt_status                             0x20000036   Data           1  csm37f59.o(.data)
    bh_val                                   0x20000037   Data           1  csm37f59.o(.data)
    cal_err                                  0x20000038   Data           1  csm37f59.o(.data)
    sleep_cnt                                0x2000003a   Data           2  sleep.o(.data)
    addr_mat                                 0x2000003c   Data           1  sleep.o(.data)
    ble_rtc                                  0x2000003d   Data           7  ble_parse.o(.data)
    blestatus                                0x20000044   Data           1  driver_csm92p10.o(.data)
    done                                     0x20000045   Data           1  driver_csm92p10.o(.data)
    app_mes                                  0x20000046   Data           1  driver_csm92p10.o(.data)
    app_calres                               0x20000047   Data           1  driver_csm92p10.o(.data)
    app_calhr                                0x20000048   Data           1  driver_csm92p10.o(.data)
    ack_flg                                  0x20000049   Data           1  driver_csm92p10.o(.data)
    result_ack_flg                           0x2000004a   Data           1  driver_csm92p10.o(.data)
    all_result_pkg                           0x2000004b   Data           1  driver_csm92p10.o(.data)
    cur_result_pkg                           0x2000004c   Data           1  driver_csm92p10.o(.data)
    x                                        0x2000004d   Data           1  driver_csm92p10.o(.data)
    x1                                       0x2000004e   Data           1  driver_csm92p10.o(.data)
    SlaveAddr                                0x20000054   Data           2  lib_myiic.o(.data)
    SlaveAddrLen                             0x20000056   Data           1  lib_myiic.o(.data)
    SubAddr                                  0x20000058   Data           2  lib_myiic.o(.data)
    SubAddrLen                               0x2000005a   Data           1  lib_myiic.o(.data)
    IICLen                                   0x2000005c   Data           2  lib_myiic.o(.data)
    BIA_FLAG                                 0x20000060   Data           4  driver_cs1258.o(.data)
    BIA_Pointer                              0x20000064   Data           1  driver_cs1258.o(.data)
    waste_times                              0x20000065   Data           1  driver_cs1258.o(.data)
    all_times                                0x20000066   Data           1  driver_cs1258.o(.data)
    read_times                               0x20000067   Data           1  driver_cs1258.o(.data)
    out_times                                0x20000068   Data           1  driver_cs1258.o(.data)
    lastADC                                  0x2000006c   Data           4  driver_cs1258.o(.data)
    currentADC                               0x20000070   Data           4  driver_cs1258.o(.data)
    sumADC                                   0x20000074   Data           4  driver_cs1258.o(.data)
    temp_avg                                 0x20000078   Data           2  driver_cs1258.o(.data)
    temp_res                                 0x2000007a   Data           2  driver_cs1258.o(.data)
    fk_val                                   0x2000007c   Data           2  driver_cs1258.o(.data)
    tab                                      0x2000007e   Data          20  driver_cs1258.o(.data)
    freq                                     0x20000092   Data           3  driver_cs1258.o(.data)
    f_cnt                                    0x20000095   Data           1  driver_cs1258.o(.data)
    test_sta                                 0x20000096   Data           1  driver_cs1258.o(.data)
    wait_out                                 0x20000097   Data           1  driver_cs1258.o(.data)
    EquInfo                                  0x20000098   Data           4  addr_map.o(.data)
    UsrInfo                                  0x2000009c   Data           4  addr_map.o(.data)
    addr_flag                                0x200000a0   Data           1  addr_map.o(.data)
    B_SP_Mode                                0x200000a2   Data           1  analysis.o(.data)
    B_SEX                                    0x200000a3   Data           1  analysis.o(.data)
    B_Age                                    0x200000a4   Data           1  analysis.o(.data)
    B_H                                      0x200000a6   Data           2  analysis.o(.data)
    B_Wt                                     0x200000a8   Data           2  analysis.o(.data)
    B_Z_12                                   0x200000aa   Data           2  analysis.o(.data)
    B_Z_13                                   0x200000ac   Data           2  analysis.o(.data)
    B_Z_14                                   0x200000ae   Data           2  analysis.o(.data)
    B_Z_23                                   0x200000b0   Data           2  analysis.o(.data)
    B_Z_24                                   0x200000b2   Data           2  analysis.o(.data)
    B_Z_34                                   0x200000b4   Data           2  analysis.o(.data)
    gMedPoint2                               0x20000173   Data           1  br_hr.o(.data)
    gMedPoint                                0x20000174   Data           1  br_hr.o(.data)
    gPulseRateHR                             0x20000197   Data           1  br_hr.o(.data)
    B_HRtest_time                            0x200001a0   Data           4  br_hr.o(.data)
    B_temp_XLCL                              0x200001a4   Data           4  br_hr.o(.data)
    gconter                                  0x200001a8   Data           1  br_hr.o(.data)
    B_MA                                     0x200001b0   Data           1  cs_bias_v4.3.3.o(.data)
    B_SBC                                    0x200001b1   Data           1  cs_bias_v4.3.3.o(.data)
    B_BMR                                    0x200001b2   Data           2  cs_bias_v4.3.3.o(.data)
    B_BFP                                    0x200001b8   Data           8  cs_bias_v4.3.3.o(.data)
    B_SLM                                    0x200001c0   Data           8  cs_bias_v4.3.3.o(.data)
    B_BMC                                    0x200001c8   Data           8  cs_bias_v4.3.3.o(.data)
    B_BWP                                    0x200001d0   Data           8  cs_bias_v4.3.3.o(.data)
    B_PP                                     0x200001d8   Data           8  cs_bias_v4.3.3.o(.data)
    B_SMM                                    0x200001e0   Data           8  cs_bias_v4.3.3.o(.data)
    B_VFR                                    0x200001e8   Data           8  cs_bias_v4.3.3.o(.data)
    B_BW                                     0x200001f0   Data           8  cs_bias_v4.3.3.o(.data)
    B_BMI                                    0x200001f8   Data           8  cs_bias_v4.3.3.o(.data)
    B_MC                                     0x20000200   Data           8  cs_bias_v4.3.3.o(.data)
    B_WC                                     0x20000208   Data           8  cs_bias_v4.3.3.o(.data)
    B_FC                                     0x20000210   Data           8  cs_bias_v4.3.3.o(.data)
    B_RAFP                                   0x20000218   Data           8  cs_bias_v4.3.3.o(.data)
    B_LAFP                                   0x20000220   Data           8  cs_bias_v4.3.3.o(.data)
    B_RLFP                                   0x20000228   Data           8  cs_bias_v4.3.3.o(.data)
    B_LLFP                                   0x20000230   Data           8  cs_bias_v4.3.3.o(.data)
    B_TFP                                    0x20000238   Data           8  cs_bias_v4.3.3.o(.data)
    B_RAMM                                   0x20000240   Data           8  cs_bias_v4.3.3.o(.data)
    B_LAMM                                   0x20000248   Data           8  cs_bias_v4.3.3.o(.data)
    B_RLMM                                   0x20000250   Data           8  cs_bias_v4.3.3.o(.data)
    B_LLMM                                   0x20000258   Data           8  cs_bias_v4.3.3.o(.data)
    B_TMM                                    0x20000260   Data           8  cs_bias_v4.3.3.o(.data)
    B_WHR                                    0x20000268   Data           8  cs_bias_v4.3.3.o(.data)
    B_PM                                     0x20000270   Data           8  cs_bias_v4.3.3.o(.data)
    a_res                                    0x20000278   Data          16  csm37f59.o(.bss)
    btrx_fifo                                0x20000288   Data          12  ble_parse.o(.bss)
    btrx_arr                                 0x20000294   Data         128  ble_parse.o(.bss)
    TxBleData                                0x20000314   Data          30  driver_csm92p10.o(.bss)
    BIM_Init                                 0x20000332   Data          11  driver_cs1258.o(.bss)
    EquMent                                  0x2000033e   Data          14  addr_map.o(.bss)
    UsrBIAP                                  0x2000034c   Data          52  addr_map.o(.bss)
    Analys                                   0x20000380   Data          85  addr_map.o(.bss)
    ADCVal                                   0x200003d6   Data          36  addr_map.o(.bss)
    RESVal                                   0x200003fa   Data          44  addr_map.o(.bss)
    ebrx_fifo                                0x20000428   Data          12  eb_parse.o(.bss)
    ebrx_arr                                 0x20000434   Data         128  eb_parse.o(.bss)
    MedData2                                 0x20000a54   Data          12  br_hr.o(.bss)
    MedData                                  0x20000a60   Data          28  br_hr.o(.bss)
    __libspace_start                         0x20000aa8   Data          96  libspace.o(.bss)
    __temporary_stack_top$libspace           0x20000b08   Data           0  libspace.o(.bss)



==============================================================================

Memory Map of the image

  Image Entry point : 0x080000c1

  Load Region LR_IROM1 (Base: 0x08000000, Size: 0x0000e000, Max: 0x00010000, ABSOLUTE, COMPRESSED[0x0000de3c])

    Execution Region ER_IROM1 (Exec base: 0x08000000, Load base: 0x08000000, Size: 0x0000dd88, Max: 0x00010000, ABSOLUTE)

    Exec Addr    Load Addr    Size         Type   Attr      Idx    E Section Name        Object

    0x08000000   0x08000000   0x000000c0   Data   RO            3    RESET               startup_stm32f0xx.o
    0x080000c0   0x080000c0   0x00000008   Code   RO         1434  * !!!main             c_p.l(__main.o)
    0x080000c8   0x080000c8   0x0000003c   Code   RO         1633    !!!scatter          c_p.l(__scatter.o)
    0x08000104   0x08000104   0x0000001c   Code   RO         1635    !!handler_zi        c_p.l(__scatter_zi.o)
    0x08000120   0x08000120   0x00000002   Code   RO         1498    .ARM.Collect$$libinit$$00000000  c_p.l(libinit.o)
    0x08000122   0x08000122   0x00000000   Code   RO         1514    .ARM.Collect$$libinit$$00000002  c_p.l(libinit2.o)
    0x08000122   0x08000122   0x00000000   Code   RO         1516    .ARM.Collect$$libinit$$00000004  c_p.l(libinit2.o)
    0x08000122   0x08000122   0x00000000   Code   RO         1519    .ARM.Collect$$libinit$$0000000A  c_p.l(libinit2.o)
    0x08000122   0x08000122   0x00000000   Code   RO         1521    .ARM.Collect$$libinit$$0000000C  c_p.l(libinit2.o)
    0x08000122   0x08000122   0x00000000   Code   RO         1523    .ARM.Collect$$libinit$$0000000E  c_p.l(libinit2.o)
    0x08000122   0x08000122   0x00000000   Code   RO         1526    .ARM.Collect$$libinit$$00000011  c_p.l(libinit2.o)
    0x08000122   0x08000122   0x00000000   Code   RO         1528    .ARM.Collect$$libinit$$00000013  c_p.l(libinit2.o)
    0x08000122   0x08000122   0x00000000   Code   RO         1530    .ARM.Collect$$libinit$$00000015  c_p.l(libinit2.o)
    0x08000122   0x08000122   0x00000000   Code   RO         1532    .ARM.Collect$$libinit$$00000017  c_p.l(libinit2.o)
    0x08000122   0x08000122   0x00000000   Code   RO         1534    .ARM.Collect$$libinit$$00000019  c_p.l(libinit2.o)
    0x08000122   0x08000122   0x00000000   Code   RO         1536    .ARM.Collect$$libinit$$0000001B  c_p.l(libinit2.o)
    0x08000122   0x08000122   0x00000000   Code   RO         1538    .ARM.Collect$$libinit$$0000001D  c_p.l(libinit2.o)
    0x08000122   0x08000122   0x00000000   Code   RO         1540    .ARM.Collect$$libinit$$0000001F  c_p.l(libinit2.o)
    0x08000122   0x08000122   0x00000000   Code   RO         1542    .ARM.Collect$$libinit$$00000021  c_p.l(libinit2.o)
    0x08000122   0x08000122   0x00000000   Code   RO         1544    .ARM.Collect$$libinit$$00000023  c_p.l(libinit2.o)
    0x08000122   0x08000122   0x00000000   Code   RO         1546    .ARM.Collect$$libinit$$00000025  c_p.l(libinit2.o)
    0x08000122   0x08000122   0x00000000   Code   RO         1550    .ARM.Collect$$libinit$$0000002C  c_p.l(libinit2.o)
    0x08000122   0x08000122   0x00000000   Code   RO         1552    .ARM.Collect$$libinit$$0000002E  c_p.l(libinit2.o)
    0x08000122   0x08000122   0x00000000   Code   RO         1554    .ARM.Collect$$libinit$$00000030  c_p.l(libinit2.o)
    0x08000122   0x08000122   0x00000000   Code   RO         1556    .ARM.Collect$$libinit$$00000032  c_p.l(libinit2.o)
    0x08000122   0x08000122   0x00000002   Code   RO         1557    .ARM.Collect$$libinit$$00000033  c_p.l(libinit2.o)
    0x08000124   0x08000124   0x00000002   Code   RO         1588    .ARM.Collect$$libshutdown$$00000000  c_p.l(libshutdown.o)
    0x08000126   0x08000126   0x00000000   Code   RO         1614    .ARM.Collect$$libshutdown$$00000002  c_p.l(libshutdown2.o)
    0x08000126   0x08000126   0x00000000   Code   RO         1616    .ARM.Collect$$libshutdown$$00000004  c_p.l(libshutdown2.o)
    0x08000126   0x08000126   0x00000000   Code   RO         1619    .ARM.Collect$$libshutdown$$00000007  c_p.l(libshutdown2.o)
    0x08000126   0x08000126   0x00000000   Code   RO         1622    .ARM.Collect$$libshutdown$$0000000A  c_p.l(libshutdown2.o)
    0x08000126   0x08000126   0x00000000   Code   RO         1624    .ARM.Collect$$libshutdown$$0000000C  c_p.l(libshutdown2.o)
    0x08000126   0x08000126   0x00000000   Code   RO         1627    .ARM.Collect$$libshutdown$$0000000F  c_p.l(libshutdown2.o)
    0x08000126   0x08000126   0x00000002   Code   RO         1628    .ARM.Collect$$libshutdown$$00000010  c_p.l(libshutdown2.o)
    0x08000128   0x08000128   0x00000000   Code   RO         1455    .ARM.Collect$$rtentry$$00000000  c_p.l(__rtentry.o)
    0x08000128   0x08000128   0x00000000   Code   RO         1464    .ARM.Collect$$rtentry$$00000002  c_p.l(__rtentry2.o)
    0x08000128   0x08000128   0x00000006   Code   RO         1476    .ARM.Collect$$rtentry$$00000004  c_p.l(__rtentry4.o)
    0x0800012e   0x0800012e   0x00000000   Code   RO         1466    .ARM.Collect$$rtentry$$00000009  c_p.l(__rtentry2.o)
    0x0800012e   0x0800012e   0x00000004   Code   RO         1467    .ARM.Collect$$rtentry$$0000000A  c_p.l(__rtentry2.o)
    0x08000132   0x08000132   0x00000000   Code   RO         1469    .ARM.Collect$$rtentry$$0000000C  c_p.l(__rtentry2.o)
    0x08000132   0x08000132   0x00000008   Code   RO         1470    .ARM.Collect$$rtentry$$0000000D  c_p.l(__rtentry2.o)
    0x0800013a   0x0800013a   0x00000002   Code   RO         1505    .ARM.Collect$$rtexit$$00000000  c_p.l(rtexit.o)
    0x0800013c   0x0800013c   0x00000000   Code   RO         1561    .ARM.Collect$$rtexit$$00000002  c_p.l(rtexit2.o)
    0x0800013c   0x0800013c   0x00000004   Code   RO         1562    .ARM.Collect$$rtexit$$00000003  c_p.l(rtexit2.o)
    0x08000140   0x08000140   0x00000006   Code   RO         1563    .ARM.Collect$$rtexit$$00000004  c_p.l(rtexit2.o)
    0x08000146   0x08000146   0x00000002   PAD
    0x08000148   0x08000148   0x00000002   Code   RO          744    .emb_text           stm32f0xx_it.o
    0x0800014a   0x0800014a   0x00000002   PAD
    0x0800014c   0x0800014c   0x00000038   Code   RO         1422    .emb_text           c_p.l(rt_memcpy.o)
    0x08000184   0x08000184   0x00000074   Code   RO            4    .text               startup_stm32f0xx.o
    0x080001f8   0x080001f8   0x000002ec   Code   RO           12    .text               stm32f0xx_adc.o
    0x080004e4   0x080004e4   0x00000a88   Code   RO          124    .text               stm32f0xx_can.o
    0x08000f6c   0x08000f6c   0x00000150   Code   RO          144    .text               stm32f0xx_cec.o
    0x080010bc   0x080010bc   0x000000e8   Code   RO          164    .text               stm32f0xx_comp.o
    0x080011a4   0x080011a4   0x000001a0   Code   RO          204    .text               stm32f0xx_crs.o
    0x08001344   0x08001344   0x00000210   Code   RO          224    .text               stm32f0xx_dac.o
    0x08001554   0x08001554   0x000000f8   Code   RO          284    .text               stm32f0xx_exti.o
    0x0800164c   0x0800164c   0x000006b0   Code   RO          304    .text               stm32f0xx_flash.o
    0x08001cfc   0x08001cfc   0x0000020c   Code   RO          324    .text               stm32f0xx_gpio.o
    0x08001f08   0x08001f08   0x00000496   Code   RO          344    .text               stm32f0xx_i2c.o
    0x0800239e   0x0800239e   0x00000002   PAD
    0x080023a0   0x080023a0   0x000000b4   Code   RO          384    .text               stm32f0xx_misc.o
    0x08002454   0x08002454   0x00000150   Code   RO          404    .text               stm32f0xx_pwr.o
    0x080025a4   0x080025a4   0x00000744   Code   RO          424    .text               stm32f0xx_rcc.o
    0x08002ce8   0x08002ce8   0x00000c40   Code   RO          446    .text               stm32f0xx_rtc.o
    0x08003928   0x08003928   0x000003bc   Code   RO          466    .text               stm32f0xx_spi.o
    0x08003ce4   0x08003ce4   0x0000011c   Code   RO          486    .text               stm32f0xx_syscfg.o
    0x08003e00   0x08003e00   0x00000c00   Code   RO          506    .text               stm32f0xx_tim.o
    0x08004a00   0x08004a00   0x00000612   Code   RO          526    .text               stm32f0xx_usart.o
    0x08005012   0x08005012   0x00000002   PAD
    0x08005014   0x08005014   0x00000094   Code   RO          546    .text               stm32f0xx_wwdg.o
    0x080050a8   0x080050a8   0x00000278   Code   RO          566    .text               main.o
    0x08005320   0x08005320   0x000000f0   Code   RO          745    .text               stm32f0xx_it.o
    0x08005410   0x08005410   0x000001fc   Code   RO          912    .text               system_stm32f0xx.o
    0x0800560c   0x0800560c   0x000002d4   Code   RO          938    .text               usart.o
    0x080058e0   0x080058e0   0x00000058   Code   RO          961    .text               timer.o
    0x08005938   0x08005938   0x00000440   Code   RO          984    .text               csm37f59.o
    0x08005d78   0x08005d78   0x00000268   Code   RO         1011    .text               sleep.o
    0x08005fe0   0x08005fe0   0x00000004   Code   RO         1037    .text               wdt.o
    0x08005fe4   0x08005fe4   0x00000128   Code   RO         1060    .text               flash.o
    0x0800610c   0x0800610c   0x0000010e   Code   RO         1080    .text               lib_queue.o
    0x0800621a   0x0800621a   0x00000002   PAD
    0x0800621c   0x0800621c   0x0000023c   Code   RO         1103    .text               ble_parse.o
    0x08006458   0x08006458   0x0000076c   Code   RO         1130    .text               driver_csm92p10.o
    0x08006bc4   0x08006bc4   0x000000c8   Code   RO         1158    .text               lib_delay.o
    0x08006c8c   0x08006c8c   0x000005c4   Code   RO         1183    .text               lib_myiic.o
    0x08007250   0x08007250   0x00001fdc   Code   RO         1227    .text               driver_cs1258.o
    0x0800922c   0x0800922c   0x0000008c   Code   RO         1255    .text               addr_map.o
    0x080092b8   0x080092b8   0x00000c24   Code   RO         1277    .text               analysis.o
    0x08009edc   0x08009edc   0x000000b8   Code   RO         1304    .text               eb_parse.o
    0x08009f94   0x08009f94   0x000000da   Code   RO         1337    .text               lib_parse.o
    0x0800a06e   0x0800a06e   0x00000002   PAD
    0x0800a070   0x0800a070   0x00000ef8   Code   RO         1364    .text               CS_HRI_V112.lib(br_hr.o)
    0x0800af68   0x0800af68   0x00001d20   Code   RO         1404    .text               CS_BIA_V433.lib(cs_bias_v4.3.3.o)
    0x0800cc88   0x0800cc88   0x00000082   Code   RO         1423    .text               c_p.l(rt_memcpy.o)
    0x0800cd0a   0x0800cd0a   0x00000040   Code   RO         1426    .text               c_p.l(rt_memclr.o)
    0x0800cd4a   0x0800cd4a   0x0000015a   Code   RO         1428    .text               c_p.l(aeabi_sdiv.o)
    0x0800cea4   0x0800cea4   0x00000006   Code   RO         1432    .text               c_p.l(heapauxi.o)
    0x0800ceaa   0x0800ceaa   0x00000002   PAD
    0x0800ceac   0x0800ceac   0x00000358   Code   RO         1436    .text               fz_ps.l(daddsub.o)
    0x0800d204   0x0800d204   0x00000448   Code   RO         1438    .text               fz_ps.l(ddiv.o)
    0x0800d64c   0x0800d64c   0x0000006c   Code   RO         1441    .text               fz_ps.l(dfixi.o)
    0x0800d6b8   0x0800d6b8   0x00000048   Code   RO         1443    .text               fz_ps.l(dfixui.o)
    0x0800d700   0x0800d700   0x00000058   Code   RO         1445    .text               fz_ps.l(dflti.o)
    0x0800d758   0x0800d758   0x00000248   Code   RO         1449    .text               fz_ps.l(dmul.o)
    0x0800d9a0   0x0800d9a0   0x00000060   Code   RO         1453    .text               fz_ps.l(dscalbn.o)
    0x0800da00   0x0800da00   0x00000090   Code   RO         1460    .text               fz_ps.l(dcmpin.o)
    0x0800da90   0x0800da90   0x0000002e   Code   RO         1480    .text               fz_ps.l(cmpret.o)
    0x0800dabe   0x0800dabe   0x00000002   PAD
    0x0800dac0   0x0800dac0   0x00000014   Code   RO         1482    .text               fz_ps.l(dnan2.o)
    0x0800dad4   0x0800dad4   0x0000003e   Code   RO         1484    .text               c_p.l(sys_stackheap_outer.o)
    0x0800db12   0x0800db12   0x00000010   Code   RO         1487    .text               c_p.l(exit.o)
    0x0800db22   0x0800db22   0x0000005e   Code   RO         1499    .text               fz_ps.l(retnan.o)
    0x0800db80   0x0800db80   0x00000008   Code   RO         1501    .text               c_p.l(libspace.o)
    0x0800db88   0x0800db88   0x0000000c   Code   RO         1558    .text               c_p.l(sys_exit.o)
    0x0800db94   0x0800db94   0x00000002   Code   RO         1577    .text               c_p.l(use_no_semi.o)
    0x0800db96   0x0800db96   0x00000000   Code   RO         1579    .text               c_p.l(indicate_semi.o)
    0x0800db96   0x0800db96   0x00000056   Code   RO         1631    .text               c_p.l(__dczerorl2.o)
    0x0800dbec   0x0800dbec   0x0000001c   Code   RO         1246    i.__ARM_common_switch8  driver_cs1258.o
    0x0800dc08   0x0800dc08   0x00000064   Code   RO         1447    x$fpl$dleqf         fz_ps.l(dlef.o)
    0x0800dc6c   0x0800dc6c   0x00000068   Code   RO         1451    x$fpl$drleqf        fz_ps.l(drlef.o)
    0x0800dcd4   0x0800dcd4   0x00000000   Code   RO         1462    x$fpl$usenofp       fz_ps.l(usenofp.o)
    0x0800dcd4   0x0800dcd4   0x00000012   Data   RO         1132    .constdata          driver_csm92p10.o
    0x0800dce6   0x0800dce6   0x00000080   Data   RO         1439    .constdata          fz_ps.l(ddiv.o)
    0x0800dd66   0x0800dd66   0x00000002   PAD
    0x0800dd68   0x0800dd68   0x00000020   Data   RO         1629    Region$$Table       anon$$obj.o


    Execution Region RW_IRAM1 (Exec base: 0x20000000, Load base: 0x0800dd88, Size: 0x00001108, Max: 0x00002000, ABSOLUTE, COMPRESSED[0x000000b4])

    Exec Addr    Load Addr    Size         Type   Attr      Idx    E Section Name        Object

    0x20000000   COMPRESSED   0x00000010   Data   RW          425    .data               stm32f0xx_rcc.o
    0x20000010   COMPRESSED   0x00000003   Data   RW          567    .data               main.o
    0x20000013   COMPRESSED   0x00000001   PAD
    0x20000014   COMPRESSED   0x00000014   Data   RW          913    .data               system_stm32f0xx.o
    0x20000028   COMPRESSED   0x00000008   Data   RW          939    .data               usart.o
    0x20000030   COMPRESSED   0x00000009   Data   RW          986    .data               csm37f59.o
    0x20000039   COMPRESSED   0x00000001   PAD
    0x2000003a   COMPRESSED   0x00000003   Data   RW         1012    .data               sleep.o
    0x2000003d   COMPRESSED   0x00000007   Data   RW         1105    .data               ble_parse.o
    0x20000044   COMPRESSED   0x0000000b   Data   RW         1133    .data               driver_csm92p10.o
    0x2000004f   COMPRESSED   0x00000001   PAD
    0x20000050   COMPRESSED   0x00000004   Data   RW         1159    .data               lib_delay.o
    0x20000054   COMPRESSED   0x0000000a   Data   RW         1185    .data               lib_myiic.o
    0x2000005e   COMPRESSED   0x00000002   PAD
    0x20000060   COMPRESSED   0x00000038   Data   RW         1229    .data               driver_cs1258.o
    0x20000098   COMPRESSED   0x00000009   Data   RW         1257    .data               addr_map.o
    0x200000a1   COMPRESSED   0x00000001   PAD
    0x200000a2   COMPRESSED   0x00000014   Data   RW         1278    .data               analysis.o
    0x200000b6   COMPRESSED   0x00000002   PAD
    0x200000b8   COMPRESSED   0x000000f1   Data   RW         1366    .data               CS_HRI_V112.lib(br_hr.o)
    0x200001a9   COMPRESSED   0x00000007   PAD
    0x200001b0   COMPRESSED   0x000000c8   Data   RW         1405    .data               CS_BIA_V433.lib(cs_bias_v4.3.3.o)
    0x20000278        -       0x00000010   Zero   RW          985    .bss                csm37f59.o
    0x20000288        -       0x0000008c   Zero   RW         1104    .bss                ble_parse.o
    0x20000314        -       0x0000001e   Zero   RW         1131    .bss                driver_csm92p10.o
    0x20000332        -       0x0000000b   Zero   RW         1228    .bss                driver_cs1258.o
    0x2000033d   COMPRESSED   0x00000001   PAD
    0x2000033e        -       0x000000e8   Zero   RW         1256    .bss                addr_map.o
    0x20000426   COMPRESSED   0x00000002   PAD
    0x20000428        -       0x0000008c   Zero   RW         1305    .bss                eb_parse.o
    0x200004b4   COMPRESSED   0x00000004   PAD
    0x200004b8        -       0x000005f0   Zero   RW         1365    .bss                CS_HRI_V112.lib(br_hr.o)
    0x20000aa8        -       0x00000060   Zero   RW         1502    .bss                c_p.l(libspace.o)
    0x20000b08        -       0x00000200   Zero   RW            2    HEAP                startup_stm32f0xx.o
    0x20000d08        -       0x00000400   Zero   RW            1    STACK               startup_stm32f0xx.o


==============================================================================

Image component sizes


      Code (inc. data)   RO Data    RW Data    ZI Data      Debug   Object Name

       140         28          0          9        232       5952   addr_map.o
      3108        238          0         20          0       2171   analysis.o
       572         44          0          7        140       1863   ble_parse.o
      1088         66          0          9         16       4498   csm37f59.o
      8184        382          0         56         11      19885   driver_cs1258.o
      1900        146         18         11         30       5079   driver_csm92p10.o
       184          4          0          0        140       1932   eb_parse.o
       296         16          0          0          0       1620   flash.o
       200         20          0          4          0       1031   lib_delay.o
      1476         10          0         10          0       4765   lib_myiic.o
       218          0          0          0          0       1733   lib_parse.o
       270          0          0          0          0       3152   lib_queue.o
       632         58          0          3          0        883   main.o
       616        102          0          3          0       1242   sleep.o
       116         56        192          0       1536        708   startup_stm32f0xx.o
       748         14          0          0          0     280867   stm32f0xx_adc.o
      2696         54          0          0          0       8068   stm32f0xx_can.o
       336         10          0          0          0       3412   stm32f0xx_cec.o
       232         10          0          0          0       2223   stm32f0xx_comp.o
       416          4          0          0          0       3690   stm32f0xx_crs.o
       528          8          0          0          0       4901   stm32f0xx_dac.o
       248         12          0          0          0       2255   stm32f0xx_exti.o
      1712         30          0          0          0       7793   stm32f0xx_flash.o
       524         26          0          0          0       3777   stm32f0xx_gpio.o
      1174         24          0          0          0       9986   stm32f0xx_i2c.o
       242         36          0          0          0     178832   stm32f0xx_it.o
       180         14          0          0          0       1380   stm32f0xx_misc.o
       336          8          0          0          0       2226   stm32f0xx_pwr.o
      1860         56          0         16          0       9124   stm32f0xx_rcc.o
      3136         58          0          0          0      14114   stm32f0xx_rtc.o
       956         42          0          0          0       7755   stm32f0xx_spi.o
       284          6          0          0          0       2394   stm32f0xx_syscfg.o
      3072        136          0          0          0      22965   stm32f0xx_tim.o
      1554         40          0          0          0      12026   stm32f0xx_usart.o
       148          4          0          0          0       2100   stm32f0xx_wwdg.o
       508         38          0         20          0       1667   system_stm32f0xx.o
        88          8          0          0          0        542   timer.o
       724         32          0          8          0       2538   usart.o
         4          0          0          0          0        501   wdt.o

    ----------------------------------------------------------------------
     40716       1840        242        184       2112     641650   Object Totals
         0          0         32          0          0          0   (incl. Generated)
        10          0          0          8          7          0   (incl. Padding)

    ----------------------------------------------------------------------

      Code (inc. data)   RO Data    RW Data    ZI Data      Debug   Library Member Name

      7456        992          0        200          0      13157   cs_bias_v4.3.3.o
      3832        386          0        241       1520      11880   br_hr.o
        86          0          0          0          0          0   __dczerorl2.o
         8          0          0          0          0         68   __main.o
         0          0          0          0          0          0   __rtentry.o
        12          0          0          0          0          0   __rtentry2.o
         6          0          0          0          0          0   __rtentry4.o
        60          8          0          0          0          0   __scatter.o
        28          0          0          0          0          0   __scatter_zi.o
       346          0          0          0          0         92   aeabi_sdiv.o
        16          0          0          0          0         68   exit.o
         6          0          0          0          0        136   heapauxi.o
         0          0          0          0          0          0   indicate_semi.o
         2          0          0          0          0          0   libinit.o
         2          0          0          0          0          0   libinit2.o
         2          0          0          0          0          0   libshutdown.o
         2          0          0          0          0          0   libshutdown2.o
         8          4          0          0         96         68   libspace.o
        64          0          0          0          0        108   rt_memclr.o
       186          0          0          0          0        144   rt_memcpy.o
         2          0          0          0          0          0   rtexit.o
        10          0          0          0          0          0   rtexit2.o
        12          4          0          0          0         60   sys_exit.o
        62          0          0          0          0         80   sys_stackheap_outer.o
         2          0          0          0          0         68   use_no_semi.o
        46          0          0          0          0         60   cmpret.o
       856         20          0          0          0        208   daddsub.o
       144          4          0          0          0         76   dcmpin.o
      1096         26        128          0          0        112   ddiv.o
       108         10          0          0          0         72   dfixi.o
        72          4          0          0          0         68   dfixui.o
        88          0          0          0          0         92   dflti.o
       100          4          0          0          0         92   dlef.o
       584         26          0          0          0         84   dmul.o
        20          6          0          0          0         68   dnan2.o
       104          4          0          0          0        104   drlef.o
        96         12          0          0          0         72   dscalbn.o
        94          0          0          0          0         68   retnan.o
         0          0          0          0          0          0   usenofp.o

    ----------------------------------------------------------------------
     15624       1510        130        448       1616      27105   Library Totals
         6          0          2          7          0          0   (incl. Padding)

    ----------------------------------------------------------------------

      Code (inc. data)   RO Data    RW Data    ZI Data      Debug   Library Name

      7456        992          0        200          0      13157   CS_BIA_V433.lib
      3832        386          0        241       1520      11880   CS_HRI_V112.lib
       922         16          0          0         96        892   c_p.l
      3408        116        128          0          0       1176   fz_ps.l

    ----------------------------------------------------------------------
     15624       1510        130        448       1616      27105   Library Totals

    ----------------------------------------------------------------------

==============================================================================


      Code (inc. data)   RO Data    RW Data    ZI Data      Debug   

     56340       3350        372        632       3728     664007   Grand Totals
     56340       3350        372        180       3728     664007   ELF Image Totals (compressed)
     56340       3350        372        180          0          0   ROM Totals

==============================================================================

    Total RO  Size (Code + RO Data)                56712 (  55.38kB)
    Total RW  Size (RW Data + ZI Data)              4360 (   4.26kB)
    Total ROM Size (Code + RO Data + RW Data)      56892 (  55.56kB)

==============================================================================

